[2025-11-01 14:23:55,147][__main__][INFO] - seed: 42
model:
  action_dim: 7
  proprio_dim: 22
  action_horizon: 8
  obs_horizon: 2
  vision_backbone_model: google/siglip-base-patch16-224
  vision_feature_dim: 768
  fusion_transformer_layers: 4
  fusion_transformer_heads: 8
  resnet_feature_dim: 256
  pilot_d_model: 512
  denoiser_layers: 6
  denoiser_heads: 8
  p_plan_drop: 0.1
  p_obs_drop: 0.1
scheduler:
  timesteps: 100
  beta_schedule: cosine
  beta_start: 0.0001
  beta_end: 0.02
dataset:
  train_path: C:/Users/Hellx/Documents/Programming/python/Project/dgpo/data/training/sota_dataset/expert_training_run_99914b93.lmdb
  val_path: C:/Users/Hellx/Documents/Programming/python/Project/dgpo/data/validation/sota_dataset/expert_validation_run_99914b93.lmdb
  num_workers: 2
  use_aug: true
training:
  batch_size: 64
  val_batch_size: ${training.batch_size}
  ema_decay: 0.999
  use_activation_checkpointing: true
  use_swa: false
  swa_lrs: 1.0e-05
  resume_from_checkpoint: null
validation:
  run_full_validation_every_n_epoch: 5
  sampling_steps: 30
  guidance_scale_plan: 7.5
  guidance_scale_obs: 1.5
optimizer:
  lr: 0.0001
  weight_decay: 1.0e-06
  warmup_steps: 0.05
  gradient_clip_val: 1.0
trainer:
  accelerator: cpu
  devices: 1
  precision: 16-mixed
  max_epochs: 1000
  check_val_every_n_epoch: 1
  accumulate_grad_batches: 1
logging:
  use_wandb: true
  wandb_project: ego_planner_v4
  wandb_run_name: null
  log_every_n_steps: 50

[2025-11-01 14:23:55,165][models.ego_planner][INFO] - [Strategist] Initializing ViT backbone: google/siglip-base-patch16-224
[2025-11-01 14:23:56,565][models.ego_planner][INFO] - [Strategist] Derived configuration: image_size=224, patch_size=16, num_patches=197.
[2025-11-01 14:23:56,635][models.ego_planner][INFO] - [Pilot] Activation Checkpointing: Enabled
[2025-11-01 14:23:59,068][models.ego_planner][INFO] - EgoPlanner v5 (Definitive & Audited) model initialized.
[2025-11-01 14:23:59,310][__main__][INFO] - EMA enabled with decay rate: 0.999
[2025-11-01 14:23:59,312][__main__][INFO] - Definitive SOTA EgoPlannerLightningModule (v2) initialized.
[2025-11-01 14:24:02,955][__main__][INFO] - Loading TRAINING dataset from: C:/Users/Hellx/Documents/Programming/python/Project/dgpo/data/training/sota_dataset/expert_training_run_99914b93.lmdb
[2025-11-01 14:24:02,956][utils.ego_planner_dataset][INFO] - Initializing EgoPlannerDataset v4 (use_aug=True) with H_o=2, H_a=8
[2025-11-01 14:24:02,959][utils.expert_dataset][INFO] - Loading index from C:\Users\Hellx\Documents\Programming\python\Project\dgpo\data\training\sota_dataset\expert_training_run_99914b93_index.json...
[2025-11-01 14:24:02,964][utils.expert_dataset][INFO] - Loaded 260 episodes, 65576 total valid chunks (Virtually Indexed).
[2025-11-01 14:24:02,965][utils.ego_planner_dataset][INFO] - Building explicit sample index map for robustness...
[2025-11-01 14:24:02,977][utils.ego_planner_dataset][INFO] - Successfully initialized. Found 65316 valid samples.
[2025-11-01 14:24:02,978][__main__][INFO] - Loading VALIDATION dataset from: C:/Users/Hellx/Documents/Programming/python/Project/dgpo/data/validation/sota_dataset/expert_validation_run_99914b93.lmdb
[2025-11-01 14:24:02,979][utils.ego_planner_dataset][INFO] - Initializing EgoPlannerDataset v4 (use_aug=False) with H_o=2, H_a=8
[2025-11-01 14:24:02,980][utils.expert_dataset][INFO] - Loading index from C:\Users\Hellx\Documents\Programming\python\Project\dgpo\data\validation\sota_dataset\expert_validation_run_99914b93_index.json...
[2025-11-01 14:24:02,982][utils.expert_dataset][INFO] - Loaded 12 episodes, 2945 total valid chunks (Virtually Indexed).
[2025-11-01 14:24:02,982][utils.ego_planner_dataset][INFO] - Building explicit sample index map for robustness...
[2025-11-01 14:24:02,984][utils.ego_planner_dataset][INFO] - Successfully initialized. Found 2933 valid samples.
[2025-11-01 14:24:02,999][utils.samplers][INFO] - Building episode-to-index map for sampler...
[2025-11-01 14:24:03,130][utils.samplers][INFO] - Map building complete.
[2025-11-01 14:24:03,131][__main__][INFO] - Using EpisodeAwareSampler for training to optimize I/O.
