[2025-10-31 02:09:10,068][__main__][INFO] - ----------- Configuration -----------
[2025-10-31 02:09:10,076][__main__][INFO] - seed: 42
device: cpu
resume_checkpoint: C:/Users/Hellx/Documents/Programming/python/Project/dgpo/outputs/diffusion_pretrain/v1/2025-10-25/00-16-18/checkpoints/backup/backup_epoch_19.pth
logging:
  use_wandb: false
  wandb_project: dgpo_diffusion_pretrain
  log_interval_steps: 100
  val_interval_epochs: 3
dataset:
  train_path: C:/Users/Hellx/Documents/Programming/python/Project/dgpo/data/training/sota_dataset/expert_training_run_99914b93.lmdb
  val_path: C:/Users/Hellx/Documents/Programming/python/Project/dgpo/data/validation/sota_dataset/expert_validation_run_99914b93.lmdb
  batch_size: 128
  num_workers: 2
  subgoal_horizon_k: 8
model:
  observation_horizon: 2
  action_horizon: 8
  action_dim: 8
  image_feat_dim: 128
  d_model: 128
  denoiser_layers: 4
  denoiser_heads: 4
scheduler:
  schedule_type: cosine
  timesteps: 100
  beta_start: 0.0001
  beta_end: 0.02
optimizer:
  lr: 0.0002
  weight_decay: 0.0001
  grad_clip_norm: 1.0
training:
  epochs: 1000
  use_amp: false
  ema_decay: 0.999
  cfg_p_uncond: 0.15
validation:
  guidance_scale: 1.5
  sampling_steps: 50

[2025-10-31 02:09:10,085][__main__][INFO] - ------------------------------------
[2025-10-31 02:09:10,090][__main__][INFO] - Global seed set to 42
[2025-10-31 02:09:10,091][__main__][INFO] - Output directory: C:\Users\Hellx\Documents\Programming\python\Project\redhot\outputs\diffusion_pretrain\v1\2025-10-31\02-09-09
[2025-10-31 02:09:10,101][__main__][INFO] - Building datasets...
[2025-10-31 02:09:10,102][__main__][INFO] - Loading TRAINING dataset from: C:/Users/Hellx/Documents/Programming/python/Project/dgpo/data/training/sota_dataset/expert_training_run_99914b93.lmdb
[2025-10-31 02:09:10,103][utils.controller_dataset][INFO] - Initializing HierarchicalControllerDataset with H_o=2, H_a=8, k=8
[2025-10-31 02:09:10,104][utils.expert_dataset][INFO] - Loading index from C:\Users\Hellx\Documents\Programming\python\Project\dgpo\data\training\sota_dataset\expert_training_run_99914b93_index.json...
[2025-10-31 02:09:10,113][utils.expert_dataset][INFO] - Loaded 260 episodes, 65576 total valid chunks (Virtually Indexed).
[2025-10-31 02:09:10,115][utils.controller_dataset][INFO] - Successfully initialized. Found 65316 valid controller samples across 260 episodes.
[2025-10-31 02:09:10,116][utils.samplers][INFO] - Building episode-to-index map for sampler...
[2025-10-31 02:09:10,282][utils.samplers][INFO] - Map building complete.
[2025-10-31 02:09:10,282][__main__][INFO] - Using EpisodeAwareSampler for training to optimize I/O.
[2025-10-31 02:09:10,283][__main__][INFO] - Loading VALIDATION dataset from: C:/Users/Hellx/Documents/Programming/python/Project/dgpo/data/validation/sota_dataset/expert_validation_run_99914b93.lmdb
[2025-10-31 02:09:10,284][utils.controller_dataset][INFO] - Initializing HierarchicalControllerDataset with H_o=2, H_a=8, k=8
[2025-10-31 02:09:10,285][utils.expert_dataset][INFO] - Loading index from C:\Users\Hellx\Documents\Programming\python\Project\dgpo\data\validation\sota_dataset\expert_validation_run_99914b93_index.json...
[2025-10-31 02:09:10,286][utils.expert_dataset][INFO] - Loaded 12 episodes, 2945 total valid chunks (Virtually Indexed).
[2025-10-31 02:09:10,287][utils.controller_dataset][INFO] - Successfully initialized. Found 2933 valid controller samples across 12 episodes.
[2025-10-31 02:09:10,288][__main__][INFO] - Building diffusion policy model...
[2025-10-31 02:09:10,288][__main__][INFO] - Inferred proprioception dimension from dataset: 22
[2025-10-31 02:09:11,342][models.diffusion_policy][INFO] - ViDHiS Controller (DiffusionPolicy) initialized on device: cpu
[2025-10-31 02:09:11,349][__main__][INFO] - Configuring LR scheduler: Total steps=510000, Warmup steps=0
[2025-10-31 02:09:11,350][__main__][INFO] - Loading checkpoint for migration/resumption: C:\Users\Hellx\Documents\Programming\python\Project\dgpo\outputs\diffusion_pretrain\v1\2025-10-25\00-16-18\checkpoints\backup\backup_epoch_19.pth
[2025-10-31 02:09:11,551][__main__][INFO] - Migration rules applied to checkpoint.
[2025-10-31 02:09:11,573][__main__][INFO] - Warm-started `subgoal_encoder` with `primary_encoder` weights.
[2025-10-31 02:09:11,574][__main__][INFO] - Warm-started `uncond_embeddings.subgoal` (shape torch.Size([1, 1, 128])) using the first token of `uncond_embeddings.vision` (shape torch.Size([1, 2, 128])).
[2025-10-31 02:09:11,609][__main__][WARNING] - Policy weights not found in checkpoint (likely new layers): ['primary_encoder.mean', 'primary_encoder.std', 'wrist_encoder.mean', 'wrist_encoder.std', 'subgoal_encoder.mean', 'subgoal_encoder.std']
[2025-10-31 02:09:11,610][__main__][WARNING] - Checkpoint weights ignored (obsolete layers): ['vision_fusion_encoder.fusion_norm.weight', 'vision_fusion_encoder.fusion_norm.bias']
[2025-10-31 02:09:11,611][__main__][INFO] - Policy state dict loaded successfully.
[2025-10-31 02:09:11,612][__main__][INFO] - Migration rules applied to checkpoint.
[2025-10-31 02:09:11,638][__main__][INFO] - Warm-started `subgoal_encoder` with `primary_encoder` weights.
[2025-10-31 02:09:11,638][__main__][INFO] - Warm-started `uncond_embeddings.subgoal` (shape torch.Size([1, 1, 128])) using the first token of `uncond_embeddings.vision` (shape torch.Size([1, 2, 128])).
[2025-10-31 02:09:11,680][__main__][INFO] - EMA state dict loaded successfully.
[2025-10-31 02:09:11,680][__main__][WARNING] - Model architecture changed. Starting with a fresh optimizer and scheduler from Epoch 1.
[2025-10-31 02:09:11,682][__main__][INFO] - Starting training from epoch 1...
