[2025-11-03 21:06:38,554][train_vip_c][INFO] - ================================================================================
[2025-11-03 21:06:38,554][train_vip_c][INFO] - Initializing ViP-C Training Pipeline
[2025-11-03 21:06:38,554][train_vip_c][INFO] - ================================================================================
[2025-11-03 21:06:38,559][train_vip_c][INFO] - Full configuration:
seed: 42
project_name: vip_c_training
model:
  planner_cfg:
    vision_backbone_model: google/siglip-base-patch16-224
    num_task_phases: 5
    fusion_transformer_layers: 4
    fusion_transformer_heads: 12
  controller_cfg:
    action_dim: 8
    proprio_dim: 22
    action_horizon: 8
    obs_horizon: 2
    controller_hidden_dim: 512
    resnet_feature_dim: 256
    denoiser_layers: 6
    denoiser_heads: 8
scheduler:
  timesteps: 100
  beta_schedule: squaredcos_cap_v2
  beta_start: 0.0001
  beta_end: 0.02
dataset:
  train_path: C:/Users/Hellx/Documents/Programming/python/Project/redhot/data/training_enhanced/vip_c_validate_10_episodes.lmdb
  val_path: C:/Users/Hellx/Documents/Programming/python/Project/redhot/data/training_enhanced/vip_c_validate_10_episodes.lmdb
  num_workers: 1
training:
  batch_size: 32
  val_batch_size: 32
  ema_decay: 0.999
  loss_weights:
    planner: 1.0
    controller: 0.5
  checkpoint_monitor: val/loss_planner_raw
  save_top_k: 3
  resume_from_checkpoint: null
  use_swa: false
  swa_lrs: 1.0e-05
validation:
  run_qualitative_every_n_epoch: 10
optimizer:
  lr: 0.0001
  weight_decay: 1.0e-06
  warmup_percentage: 0.05
trainer:
  accelerator: cpu
  devices: 1
  max_epochs: 1000
  precision: 16-mixed
  check_val_every_n_epoch: 5
  accumulate_grad_batches: 2
  gradient_clip_val: 1.0
logging:
  use_wandb: true
  wandb_project: ${project_name}
  wandb_run_name: null
  wandb_mode: online
  log_grad_freq: 500
  progress_bar_refresh_rate: 10

[2025-11-03 21:06:38,564][train_vip_c][INFO] - W&B mode set to: 'online'
[2025-11-03 21:06:38,570][models.vip_c][INFO] - Initializing the ViPC Orchestrator...
[2025-11-03 21:06:38,570][models.vip_c][INFO] - Initializing Planner with backbone: google/siglip-base-patch16-224
[2025-11-03 21:06:40,055][models.vip_c][INFO] - Initializing Controller with hidden_dim: 512
[2025-11-03 21:06:40,763][models.vip_c][INFO] - ViPC Orchestrator initialized successfully.
[2025-11-03 21:06:41,088][train_vip_c][INFO] - ViPCLightningModule initialized successfully.
[2025-11-03 21:06:41,093][train_vip_c][INFO] - TensorBoard logs will be saved to: C:\Users\Hellx\Documents\Programming\python\Project\redhot\outputs\2025-11-03\21-06-38/tb_logs
[2025-11-03 21:09:52,338][train_vip_c][INFO] - W&B logging enabled for project 'vip_c_training'.
[2025-11-03 21:09:52,339][train_vip_c][INFO] - ModelCheckpoint enabled. Monitoring 'val/loss_planner_raw'.
[2025-11-03 21:09:52,370][train_vip_c][INFO] - Starting trainer.fit()...
[2025-11-03 21:09:52,380][train_vip_c][INFO] - Setting up ViPCDataModule for stage: fit
[2025-11-03 21:09:52,381][train_vip_c][INFO] - Loading TRAINING dataset from: C:/Users/Hellx/Documents/Programming/python/Project/redhot/data/training_enhanced/vip_c_validate_10_episodes.lmdb
[2025-11-03 21:09:52,382][utils.vip_c_dataset][INFO] - Initializing ViPCDataset (SOTA Orchestrator) with H_o=2, H_a=8
[2025-11-03 21:09:52,383][utils.expert_dataset][INFO] - Loading index from C:\Users\Hellx\Documents\Programming\python\Project\redhot\data\training_enhanced\vip_c_validate_10_episodes_index.json...
[2025-11-03 21:09:52,384][utils.expert_dataset][INFO] - Loaded 2 episodes, 553 total valid chunks (Virtually Indexed).
[2025-11-03 21:09:52,386][train_vip_c][INFO] - Training dataset loaded with 553 samples.
[2025-11-03 21:09:52,387][train_vip_c][INFO] - Loading VALIDATION dataset from: C:/Users/Hellx/Documents/Programming/python/Project/redhot/data/training_enhanced/vip_c_validate_10_episodes.lmdb
[2025-11-03 21:09:52,387][utils.vip_c_dataset][INFO] - Initializing ViPCDataset (SOTA Orchestrator) with H_o=2, H_a=8
[2025-11-03 21:09:52,388][utils.expert_dataset][INFO] - Loading index from C:\Users\Hellx\Documents\Programming\python\Project\redhot\data\training_enhanced\vip_c_validate_10_episodes_index.json...
[2025-11-03 21:09:52,389][utils.expert_dataset][INFO] - Loaded 2 episodes, 553 total valid chunks (Virtually Indexed).
[2025-11-03 21:09:52,390][train_vip_c][INFO] - Validation dataset loaded with 553 samples.
[2025-11-03 21:24:25,158][train_vip_c][ERROR] - Training was interrupted by an exception: The size of tensor a (32) must match the size of tensor b (256) at non-singleton dimension 1
Traceback (most recent call last):
  File "C:\Users\Hellx\Documents\Programming\python\Project\redhot\train\train_vip_c.py", line 510, in main
    trainer.fit(model, datamodule=datamodule, ckpt_path=cfg.training.resume_from_checkpoint)
  File "C:\Users\Hellx\Documents\Programming\python\Project\dgpo_project\venv\lib\site-packages\pytorch_lightning\trainer\trainer.py", line 560, in fit
    call._call_and_handle_interrupt(
  File "C:\Users\Hellx\Documents\Programming\python\Project\dgpo_project\venv\lib\site-packages\pytorch_lightning\trainer\call.py", line 49, in _call_and_handle_interrupt
    return trainer_fn(*args, **kwargs)
  File "C:\Users\Hellx\Documents\Programming\python\Project\dgpo_project\venv\lib\site-packages\pytorch_lightning\trainer\trainer.py", line 598, in _fit_impl
    self._run(model, ckpt_path=ckpt_path)
  File "C:\Users\Hellx\Documents\Programming\python\Project\dgpo_project\venv\lib\site-packages\pytorch_lightning\trainer\trainer.py", line 1011, in _run
    results = self._run_stage()
  File "C:\Users\Hellx\Documents\Programming\python\Project\dgpo_project\venv\lib\site-packages\pytorch_lightning\trainer\trainer.py", line 1053, in _run_stage
    self._run_sanity_check()
  File "C:\Users\Hellx\Documents\Programming\python\Project\dgpo_project\venv\lib\site-packages\pytorch_lightning\trainer\trainer.py", line 1082, in _run_sanity_check
    val_loop.run()
  File "C:\Users\Hellx\Documents\Programming\python\Project\dgpo_project\venv\lib\site-packages\pytorch_lightning\loops\utilities.py", line 179, in _decorator
    return loop_run(self, *args, **kwargs)
  File "C:\Users\Hellx\Documents\Programming\python\Project\dgpo_project\venv\lib\site-packages\pytorch_lightning\loops\evaluation_loop.py", line 145, in run
    self._evaluation_step(batch, batch_idx, dataloader_idx, dataloader_iter)
  File "C:\Users\Hellx\Documents\Programming\python\Project\dgpo_project\venv\lib\site-packages\pytorch_lightning\loops\evaluation_loop.py", line 437, in _evaluation_step
    output = call._call_strategy_hook(trainer, hook_name, *step_args)
  File "C:\Users\Hellx\Documents\Programming\python\Project\dgpo_project\venv\lib\site-packages\pytorch_lightning\trainer\call.py", line 329, in _call_strategy_hook
    output = fn(*args, **kwargs)
  File "C:\Users\Hellx\Documents\Programming\python\Project\dgpo_project\venv\lib\site-packages\pytorch_lightning\strategies\strategy.py", line 412, in validation_step
    return self.lightning_module.validation_step(*args, **kwargs)
  File "C:\Users\Hellx\Documents\Programming\python\Project\redhot\train\train_vip_c.py", line 299, in validation_step
    predictions = self.ema.ema_model(batch)
  File "C:\Users\Hellx\Documents\Programming\python\Project\dgpo_project\venv\lib\site-packages\torch\nn\modules\module.py", line 1775, in _wrapped_call_impl
    return self._call_impl(*args, **kwargs)
  File "C:\Users\Hellx\Documents\Programming\python\Project\dgpo_project\venv\lib\site-packages\torch\nn\modules\module.py", line 1786, in _call_impl
    return forward_call(*args, **kwargs)
  File "C:\Users\Hellx\Documents\Programming\python\Project\redhot\models\vip_c.py", line 366, in forward
    predicted_noise = self.controller(
  File "C:\Users\Hellx\Documents\Programming\python\Project\dgpo_project\venv\lib\site-packages\torch\nn\modules\module.py", line 1775, in _wrapped_call_impl
    return self._call_impl(*args, **kwargs)
  File "C:\Users\Hellx\Documents\Programming\python\Project\dgpo_project\venv\lib\site-packages\torch\nn\modules\module.py", line 1786, in _call_impl
    return forward_call(*args, **kwargs)
  File "C:\Users\Hellx\Documents\Programming\python\Project\redhot\models\vip_c.py", line 298, in forward
    time_emb = self.time_mlp(diffusion_timestep)
  File "C:\Users\Hellx\Documents\Programming\python\Project\dgpo_project\venv\lib\site-packages\torch\nn\modules\module.py", line 1775, in _wrapped_call_impl
    return self._call_impl(*args, **kwargs)
  File "C:\Users\Hellx\Documents\Programming\python\Project\dgpo_project\venv\lib\site-packages\torch\nn\modules\module.py", line 1786, in _call_impl
    return forward_call(*args, **kwargs)
  File "C:\Users\Hellx\Documents\Programming\python\Project\dgpo_project\venv\lib\site-packages\torch\nn\modules\container.py", line 250, in forward
    input = module(input)
  File "C:\Users\Hellx\Documents\Programming\python\Project\dgpo_project\venv\lib\site-packages\torch\nn\modules\module.py", line 1775, in _wrapped_call_impl
    return self._call_impl(*args, **kwargs)
  File "C:\Users\Hellx\Documents\Programming\python\Project\dgpo_project\venv\lib\site-packages\torch\nn\modules\module.py", line 1786, in _call_impl
    return forward_call(*args, **kwargs)
  File "C:\Users\Hellx\Documents\Programming\python\Project\redhot\models\vip_c.py", line 174, in forward
    emb = x * emb[None, :]
RuntimeError: The size of tensor a (32) must match the size of tensor b (256) at non-singleton dimension 1
[2025-11-03 21:24:25,173][train_vip_c][INFO] - W&B run finalized.
