[2025-10-31 01:04:43,935][__main__][INFO] - ----------- Configuration -----------
[2025-10-31 01:04:43,939][__main__][INFO] - seed: 42
device: cpu
resume_checkpoint: C:/Users/Hellx/Documents/Programming/python/Project/dgpo/outputs/diffusion_pretrain/v1/2025-10-25/00-16-18/checkpoints/backup/backup_epoch_19.pth
logging:
  use_wandb: false
  wandb_project: dgpo_diffusion_pretrain
  log_interval_steps: 100
  val_interval_epochs: 3
dataset:
  train_path: C:/Users/Hellx/Documents/Programming/python/Project/dgpo/data/training/sota_dataset/expert_training_run_99914b93.lmdb
  val_path: C:/Users/Hellx/Documents/Programming/python/Project/dgpo/data/validation/sota_dataset/expert_validation_run_99914b93.lmdb
  batch_size: 128
  num_workers: 2
  subgoal_horizon_k: 8
model:
  observation_horizon: 2
  action_horizon: 8
  action_dim: 8
  image_feat_dim: 128
  d_model: 128
  denoiser_layers: 4
  denoiser_heads: 4
scheduler:
  schedule_type: cosine
  timesteps: 100
  beta_start: 0.0001
  beta_end: 0.02
optimizer:
  lr: 0.0002
  weight_decay: 0.0001
  grad_clip_norm: 1.0
training:
  epochs: 1000
  use_amp: false
  ema_decay: 0.999
  cfg_p_uncond: 0.15
validation:
  guidance_scale: 1.5
  sampling_steps: 50

[2025-10-31 01:04:43,949][__main__][INFO] - ------------------------------------
[2025-10-31 01:04:43,954][__main__][INFO] - Global seed set to 42
[2025-10-31 01:04:43,955][__main__][INFO] - Output directory: C:\Users\Hellx\Documents\Programming\python\Project\redhot\outputs\diffusion_pretrain\v1\2025-10-31\01-04-43
[2025-10-31 01:04:43,961][__main__][INFO] - Building datasets...
[2025-10-31 01:04:43,962][__main__][INFO] - Loading TRAINING dataset from: C:/Users/Hellx/Documents/Programming/python/Project/dgpo/data/training/sota_dataset/expert_training_run_99914b93.lmdb
[2025-10-31 01:04:43,963][utils.controller_dataset][INFO] - Initializing HierarchicalControllerDataset with H_o=2, H_a=8, k=8
[2025-10-31 01:04:43,963][utils.expert_dataset][INFO] - Loading index from C:\Users\Hellx\Documents\Programming\python\Project\dgpo\data\training\sota_dataset\expert_training_run_99914b93_index.json...
[2025-10-31 01:04:43,971][utils.expert_dataset][INFO] - Loaded 260 episodes, 65576 total valid chunks (Virtually Indexed).
[2025-10-31 01:04:43,971][utils.controller_dataset][INFO] - Successfully initialized. Found 65576 valid controller samples.
[2025-10-31 01:04:43,972][utils.samplers][INFO] - Building episode-to-index map for sampler...
[2025-10-31 01:04:44,137][utils.samplers][INFO] - Map building complete.
[2025-10-31 01:04:44,138][__main__][INFO] - Using EpisodeAwareSampler for training to optimize I/O.
[2025-10-31 01:04:44,139][__main__][INFO] - Loading VALIDATION dataset from: C:/Users/Hellx/Documents/Programming/python/Project/dgpo/data/validation/sota_dataset/expert_validation_run_99914b93.lmdb
[2025-10-31 01:04:44,139][utils.controller_dataset][INFO] - Initializing HierarchicalControllerDataset with H_o=2, H_a=8, k=8
[2025-10-31 01:04:44,140][utils.expert_dataset][INFO] - Loading index from C:\Users\Hellx\Documents\Programming\python\Project\dgpo\data\validation\sota_dataset\expert_validation_run_99914b93_index.json...
[2025-10-31 01:04:44,141][utils.expert_dataset][INFO] - Loaded 12 episodes, 2945 total valid chunks (Virtually Indexed).
[2025-10-31 01:04:44,141][utils.controller_dataset][INFO] - Successfully initialized. Found 2945 valid controller samples.
[2025-10-31 01:04:44,142][__main__][INFO] - Building diffusion policy model...
[2025-10-31 01:04:44,142][__main__][INFO] - Inferred proprioception dimension from dataset: 22
[2025-10-31 01:04:45,045][models.diffusion_policy][INFO] - ViDHiS Controller (DiffusionPolicy) initialized on device: cpu
[2025-10-31 01:04:45,051][__main__][INFO] - Configuring LR scheduler: Total steps=512000, Warmup steps=0
[2025-10-31 01:04:45,051][__main__][INFO] - Resuming training from checkpoint: C:\Users\Hellx\Documents\Programming\python\Project\dgpo\outputs\diffusion_pretrain\v1\2025-10-25\00-16-18\checkpoints\backup\backup_epoch_19.pth
[2025-10-31 01:04:45,454][__main__][WARNING] - Performing checkpoint migration for an older model architecture.
[2025-10-31 01:04:45,489][__main__][WARNING] - Checkpoint Loading (Policy): Ignored weights from new model because they were not in the checkpoint: ['primary_encoder.mean', 'primary_encoder.std', 'wrist_encoder.mean', 'wrist_encoder.std', 'subgoal_encoder.mean', 'subgoal_encoder.std', 'subgoal_encoder.backbone.0.weight', 'subgoal_encoder.backbone.1.weight', 'subgoal_encoder.backbone.1.bias', 'subgoal_encoder.backbone.1.running_mean', 'subgoal_encoder.backbone.1.running_var', 'subgoal_encoder.backbone.4.0.conv1.weight', 'subgoal_encoder.backbone.4.0.bn1.weight', 'subgoal_encoder.backbone.4.0.bn1.bias', 'subgoal_encoder.backbone.4.0.bn1.running_mean', 'subgoal_encoder.backbone.4.0.bn1.running_var', 'subgoal_encoder.backbone.4.0.conv2.weight', 'subgoal_encoder.backbone.4.0.bn2.weight', 'subgoal_encoder.backbone.4.0.bn2.bias', 'subgoal_encoder.backbone.4.0.bn2.running_mean', 'subgoal_encoder.backbone.4.0.bn2.running_var', 'subgoal_encoder.backbone.4.1.conv1.weight', 'subgoal_encoder.backbone.4.1.bn1.weight', 'subgoal_encoder.backbone.4.1.bn1.bias', 'subgoal_encoder.backbone.4.1.bn1.running_mean', 'subgoal_encoder.backbone.4.1.bn1.running_var', 'subgoal_encoder.backbone.4.1.conv2.weight', 'subgoal_encoder.backbone.4.1.bn2.weight', 'subgoal_encoder.backbone.4.1.bn2.bias', 'subgoal_encoder.backbone.4.1.bn2.running_mean', 'subgoal_encoder.backbone.4.1.bn2.running_var', 'subgoal_encoder.backbone.5.0.conv1.weight', 'subgoal_encoder.backbone.5.0.bn1.weight', 'subgoal_encoder.backbone.5.0.bn1.bias', 'subgoal_encoder.backbone.5.0.bn1.running_mean', 'subgoal_encoder.backbone.5.0.bn1.running_var', 'subgoal_encoder.backbone.5.0.conv2.weight', 'subgoal_encoder.backbone.5.0.bn2.weight', 'subgoal_encoder.backbone.5.0.bn2.bias', 'subgoal_encoder.backbone.5.0.bn2.running_mean', 'subgoal_encoder.backbone.5.0.bn2.running_var', 'subgoal_encoder.backbone.5.0.downsample.0.weight', 'subgoal_encoder.backbone.5.0.downsample.1.weight', 'subgoal_encoder.backbone.5.0.downsample.1.bias', 'subgoal_encoder.backbone.5.0.downsample.1.running_mean', 'subgoal_encoder.backbone.5.0.downsample.1.running_var', 'subgoal_encoder.backbone.5.1.conv1.weight', 'subgoal_encoder.backbone.5.1.bn1.weight', 'subgoal_encoder.backbone.5.1.bn1.bias', 'subgoal_encoder.backbone.5.1.bn1.running_mean', 'subgoal_encoder.backbone.5.1.bn1.running_var', 'subgoal_encoder.backbone.5.1.conv2.weight', 'subgoal_encoder.backbone.5.1.bn2.weight', 'subgoal_encoder.backbone.5.1.bn2.bias', 'subgoal_encoder.backbone.5.1.bn2.running_mean', 'subgoal_encoder.backbone.5.1.bn2.running_var', 'subgoal_encoder.backbone.6.0.conv1.weight', 'subgoal_encoder.backbone.6.0.bn1.weight', 'subgoal_encoder.backbone.6.0.bn1.bias', 'subgoal_encoder.backbone.6.0.bn1.running_mean', 'subgoal_encoder.backbone.6.0.bn1.running_var', 'subgoal_encoder.backbone.6.0.conv2.weight', 'subgoal_encoder.backbone.6.0.bn2.weight', 'subgoal_encoder.backbone.6.0.bn2.bias', 'subgoal_encoder.backbone.6.0.bn2.running_mean', 'subgoal_encoder.backbone.6.0.bn2.running_var', 'subgoal_encoder.backbone.6.0.downsample.0.weight', 'subgoal_encoder.backbone.6.0.downsample.1.weight', 'subgoal_encoder.backbone.6.0.downsample.1.bias', 'subgoal_encoder.backbone.6.0.downsample.1.running_mean', 'subgoal_encoder.backbone.6.0.downsample.1.running_var', 'subgoal_encoder.backbone.6.1.conv1.weight', 'subgoal_encoder.backbone.6.1.bn1.weight', 'subgoal_encoder.backbone.6.1.bn1.bias', 'subgoal_encoder.backbone.6.1.bn1.running_mean', 'subgoal_encoder.backbone.6.1.bn1.running_var', 'subgoal_encoder.backbone.6.1.conv2.weight', 'subgoal_encoder.backbone.6.1.bn2.weight', 'subgoal_encoder.backbone.6.1.bn2.bias', 'subgoal_encoder.backbone.6.1.bn2.running_mean', 'subgoal_encoder.backbone.6.1.bn2.running_var', 'subgoal_encoder.backbone.7.0.conv1.weight', 'subgoal_encoder.backbone.7.0.bn1.weight', 'subgoal_encoder.backbone.7.0.bn1.bias', 'subgoal_encoder.backbone.7.0.bn1.running_mean', 'subgoal_encoder.backbone.7.0.bn1.running_var', 'subgoal_encoder.backbone.7.0.conv2.weight', 'subgoal_encoder.backbone.7.0.bn2.weight', 'subgoal_encoder.backbone.7.0.bn2.bias', 'subgoal_encoder.backbone.7.0.bn2.running_mean', 'subgoal_encoder.backbone.7.0.bn2.running_var', 'subgoal_encoder.backbone.7.0.downsample.0.weight', 'subgoal_encoder.backbone.7.0.downsample.1.weight', 'subgoal_encoder.backbone.7.0.downsample.1.bias', 'subgoal_encoder.backbone.7.0.downsample.1.running_mean', 'subgoal_encoder.backbone.7.0.downsample.1.running_var', 'subgoal_encoder.backbone.7.1.conv1.weight', 'subgoal_encoder.backbone.7.1.bn1.weight', 'subgoal_encoder.backbone.7.1.bn1.bias', 'subgoal_encoder.backbone.7.1.bn1.running_mean', 'subgoal_encoder.backbone.7.1.bn1.running_var', 'subgoal_encoder.backbone.7.1.conv2.weight', 'subgoal_encoder.backbone.7.1.bn2.weight', 'subgoal_encoder.backbone.7.1.bn2.bias', 'subgoal_encoder.backbone.7.1.bn2.running_mean', 'subgoal_encoder.backbone.7.1.bn2.running_var', 'subgoal_encoder.projection.weight', 'subgoal_encoder.projection.bias', 'subgoal_encoder.layer_norm.weight', 'subgoal_encoder.layer_norm.bias', 'vision_proj.weight', 'vision_proj.bias', 'uncond_embeddings.primary', 'uncond_embeddings.subgoal', 'uncond_embeddings.wrist']
[2025-10-31 01:04:45,497][__main__][INFO] - Policy state dict loaded.
[2025-10-31 01:04:45,498][__main__][WARNING] - Performing checkpoint migration for an older model architecture.
[2025-10-31 01:04:45,531][__main__][ERROR] - An error occurred during training.
Traceback (most recent call last):
  File "C:\Users\Hellx\Documents\Programming\python\Project\redhot\scripts\pretrain_diffusion.py", line 702, in main
    trainer = ControllerBCTrainer(cfg)
  File "C:\Users\Hellx\Documents\Programming\python\Project\redhot\scripts\pretrain_diffusion.py", line 186, in __init__
    self._load_checkpoint(Path(cfg.resume_checkpoint))
  File "C:\Users\Hellx\Documents\Programming\python\Project\redhot\scripts\pretrain_diffusion.py", line 367, in _load_checkpoint
    if ema_incompatible_keys.missing_keys:
AttributeError: 'NoneType' object has no attribute 'missing_keys'
