[2025-11-05 14:06:16,311][__main__][INFO] - --- UHP v2.0 Hierarchical Visual Evaluation ---
[2025-11-05 14:06:16,313][__main__][INFO] - Full evaluation config:
checkpoint_path: C:\Users\Hellx\Documents\Programming\python\Project\redhot\notes\checkpoints\backup_epoch_31.ckpt
output_video: evaluation_uhp.mp4
seed: 43
num_episodes: 1
inference:
  inference_steps: 20

[2025-11-05 14:06:16,321][__main__][INFO] - Loading Lightning checkpoint from: C:\Users\Hellx\Documents\Programming\python\Project\redhot\notes\checkpoints\backup_epoch_31.ckpt
[2025-11-05 14:06:17,441][models.uhp][INFO] - Initializing the UHP Orchestrator...
[2025-11-05 14:06:17,442][models.uhp][INFO] - Initializing Sequencer with backbone: google/siglip-base-patch16-224
[2025-11-05 14:06:18,297][models.uhp][INFO] - Determined vision model hidden dimension: 768
[2025-11-05 14:06:18,412][models.uhp][INFO] - Initializing Executor with hidden_dim: 512
[2025-11-05 14:06:19,109][models.uhp][INFO] - UHP Orchestrator initialized successfully.
[2025-11-05 14:06:19,449][train.train_uhp][INFO] - UHPLightningModule initialized successfully.
[2025-11-05 14:06:19,553][train.train_uhp][INFO] - Successfully loaded EMA weights from checkpoint.
[2025-11-05 14:06:19,554][train.train_uhp][INFO] - Successfully loaded normalizers from checkpoint into LightningModule.
[2025-11-05 14:06:19,554][train.train_uhp][INFO] - Successfully loaded kinematic limits from checkpoint.
[2025-11-05 14:06:19,966][__main__][INFO] - EMA weights successfully applied for inference.
[2025-11-05 14:06:19,969][__main__][INFO] - LightningModule loaded successfully and set to eval mode.
[2025-11-05 14:06:23,136][__main__][INFO] - Phase change at step 0: -1 -> 0. Re-planning...
