[2025-10-28 19:41:59,276][__main__][INFO] - ----------- RL Fine-tuning Configuration -----------
[2025-10-28 19:41:59,283][__main__][INFO] - seed: 42
device: cpu
run_name: my_first_rl_run
resume_from_ckpt: C:/Users/Hellx/Documents/Programming/python/Project/dgpo/outputs/rl_finetune/my_first_rl_run/2025-10-28_19-11-00/checkpoints/interrupted_checkpoint.pth
pretrained_policy_path: C:/Users/Hellx/Documents/Programming/python/Project/dgpo/outputs/diffusion_pretrain/v1/2025-10-25/00-16-18/checkpoints/backup/backup_epoch_19.pth
dataset:
  path: C:/Users/Hellx/Documents/Programming/python/Project/dgpo/data/validation/sota_dataset/expert_validation_run_99914b93.lmdb
  num_workers: 0
environment:
  xml_path: envs/panda_pick_place.xml
  n_envs: 4
  max_episode_steps: 500
model:
  observation_horizon: 2
  action_horizon: 8
  action_dim: 8
  image_feat_dim: 128
  d_model: 128
  denoiser_layers: 4
  denoiser_heads: 4
  proprio_dim: 22
scheduler:
  schedule: cosine
  timesteps: 100
  beta_start: 0.0001
  beta_end: 0.02
training:
  total_timesteps: 200000
  curriculum_total_episodes: 2000
  gradient_accumulation_steps: 8
  use_torch_compile: false
  use_reweighted_bc_actor_loss: true
rl_algorithm:
  buffer_size: 12000
  learning_starts: 2000
  batch_size: 128
  gamma: 0.98
  tau: 0.005
  policy_delay: 4
  policy_noise: 0.2
  noise_clip: 0.5
  exploration_noise: 0.1
  guidance_scale: 1.5
  sampling_steps: 50
  critic_net_arch:
  - 512
  - 512
  use_critic_layernorm: true
  critic_use_last_feature: false
  actor_loss_beta: 10.0
optimizer:
  actor_lr: 0.0001
  critic_lr: 0.0003
  actor_weight_decay: 0.0001
  critic_weight_decay: 0.0001
  actor_grad_clip_norm: 1.0
  critic_grad_clip_norm: null
logging:
  use_wandb: false
  wandb_project: dgpo_rl_finetune_v1
  wandb_run_name: null
  log_interval_steps: 800
  eval_freq: 2000
  n_eval_episodes: 2
  video_log_freq: 3
  video_fps: 20
  backup_freq_steps: 1000

[2025-10-28 19:41:59,283][__main__][INFO] - --------------------------------------------------
[2025-10-28 19:41:59,298][__main__][INFO] - Global seed set to 42
[2025-10-28 19:41:59,299][__main__][INFO] - Output directory: C:\Users\Hellx\Documents\Programming\python\Project\dgpo\outputs\rl_finetune\my_first_rl_run\2025-10-28_19-41-59
[2025-10-28 19:41:59,303][__main__][INFO] - Initializing 4 parallel training environments...
[2025-10-28 19:41:59,303][__main__][WARNING] - [SAFEGUARD] Detected Windows OS. SubprocVecEnv uses 'spawn' multiprocessing which often breaks with PyTorch/CuDNN/MuJoCo. Falling back to DummyVecEnv.
[2025-10-28 19:42:02,339][__main__][INFO] - [ENV INIT] rank=0 is_eval=False seed=42
[2025-10-28 19:42:03,090][__main__][INFO] - [ENV INIT] rank=1 is_eval=False seed=43
[2025-10-28 19:42:03,828][__main__][INFO] - [ENV INIT] rank=2 is_eval=False seed=44
[2025-10-28 19:42:04,656][__main__][INFO] - [ENV INIT] rank=3 is_eval=False seed=45
[2025-10-28 19:42:04,657][__main__][INFO] - [ENV BUILDER] Created 4 env(s) using DummyVecEnv in 5.354s on Windows | CUDA=OFF
[2025-10-28 19:42:04,657][__main__][INFO] - Initializing 2 parallel envs for evaluation stats...
[2025-10-28 19:42:04,658][__main__][WARNING] - [SAFEGUARD] Detected Windows OS. SubprocVecEnv uses 'spawn' multiprocessing which often breaks with PyTorch/CuDNN/MuJoCo. Falling back to DummyVecEnv.
[2025-10-28 19:42:05,468][__main__][INFO] - [ENV INIT] rank=0 is_eval=True seed=1042
[2025-10-28 19:42:06,307][__main__][INFO] - [ENV INIT] rank=1 is_eval=True seed=1043
[2025-10-28 19:42:06,307][__main__][INFO] - [ENV BUILDER] Created 2 env(s) using DummyVecEnv in 1.649s on Windows | CUDA=OFF
[2025-10-28 19:42:06,308][__main__][INFO] - Initializing single environment for video recording...
[2025-10-28 19:42:06,319][__main__][INFO] - Initializing Replay Buffer...
[2025-10-28 19:42:06,330][__main__][INFO] - Using sb3_contrib.common.buffers.DictReplayBuffer.
[2025-10-28 19:42:06,333][utils.expert_dataset][INFO] - Loading index from C:\Users\Hellx\Documents\Programming\python\Project\dgpo\data\validation\sota_dataset\expert_validation_run_99914b93_index.json...
[2025-10-28 19:42:06,334][utils.expert_dataset][INFO] - Loaded 12 episodes, 2945 total valid chunks (Virtually Indexed).
[2025-10-28 19:42:06,335][__main__][INFO] - Building RL models and loading pre-trained actor...
[2025-10-28 19:42:06,336][__main__][INFO] - Inferred proprioception dimension from expert dataset: 22
[2025-10-28 19:42:07,011][models.diffusion_policy][INFO] - State-of-the-art DiffusionPolicy initialized on device: cpu
[2025-10-28 19:42:07,012][models.diffusion_policy][INFO] - Loading model checkpoint from C:\Users\Hellx\Documents\Programming\python\Project\dgpo\outputs\diffusion_pretrain\v1\2025-10-25\00-16-18\checkpoints\backup\backup_epoch_19.pth
[2025-10-28 19:42:07,507][__main__][INFO] - Successfully loaded pre-trained diffusion policy from C:\Users\Hellx\Documents\Programming\python\Project\dgpo\outputs\diffusion_pretrain\v1\2025-10-25\00-16-18\checkpoints\backup\backup_epoch_19.pth
[2025-10-28 19:42:07,507][__main__][INFO] - DiffusionActor initialized with guidance_scale=1.5, sampling_steps=50
[2025-10-28 19:42:08,075][models.diffusion_policy][INFO] - State-of-the-art DiffusionPolicy initialized on device: cpu
[2025-10-28 19:42:08,104][__main__][INFO] - DiffusionActor initialized with guidance_scale=1.5, sampling_steps=50
[2025-10-28 19:42:08,108][__main__][INFO] - Actor and Target Actor created.
[2025-10-28 19:42:08,682][__main__][INFO] - Critic MLP built with hidden_dims=[512, 512], use_layernorm=True
[2025-10-28 19:42:08,683][__main__][INFO] - Critic using features from averaged history.
[2025-10-28 19:42:09,283][__main__][INFO] - Critic MLP built with hidden_dims=[512, 512], use_layernorm=True
[2025-10-28 19:42:09,283][__main__][INFO] - Critic using features from averaged history.
[2025-10-28 19:42:09,313][__main__][INFO] - Critic and Target Critic created with DECOUPLED encoders.
[2025-10-28 19:42:09,315][__main__][INFO] - Optimizers created. Critic optimizer targets Q-networks only.
[2025-10-28 19:42:09,316][__main__][INFO] - CosineAnnealingLR schedulers created.
[2025-10-28 19:42:09,316][__main__][INFO] - Attempting to resume training from RL checkpoint: C:\Users\Hellx\Documents\Programming\python\Project\dgpo\outputs\rl_finetune\my_first_rl_run\2025-10-28_19-11-00\checkpoints\interrupted_checkpoint.pth
[2025-10-28 19:42:09,727][__main__][ERROR] - Error loading full RL checkpoint. Cannot resume. Error: Weights only load failed. This file can still be loaded, to do so you have two options, [1mdo those steps only if you trust the source of the checkpoint[0m. 
	(1) In PyTorch 2.6, we changed the default value of the `weights_only` argument in `torch.load` from `False` to `True`. Re-running `torch.load` with `weights_only` set to `False` will likely succeed, but it can result in arbitrary code execution. Do it only if you got the file from a trusted source.
	(2) Alternatively, to load with `weights_only=True` please check the recommended steps in the following error message.
	WeightsUnpickler error: Unsupported global: GLOBAL numpy.core.multiarray.scalar was not an allowed global by default. Please use `torch.serialization.add_safe_globals([numpy.core.multiarray.scalar])` or the `torch.serialization.safe_globals([numpy.core.multiarray.scalar])` context manager to allowlist this global if you trust this class/function.

Check the documentation of torch.load to learn more about types accepted by default with weights_only https://pytorch.org/docs/stable/generated/torch.load.html.
Traceback (most recent call last):
  File "C:\Users\Hellx\Documents\Programming\python\Project\dgpo\scripts\train_rl.py", line 475, in _load_full_rl_checkpoint
    state = torch.load(rl_ckpt_path, map_location=self.device)
  File "C:\Users\Hellx\Documents\Programming\python\Project\dgpo_project\venv\lib\site-packages\torch\serialization.py", line 1529, in load
    raise pickle.UnpicklingError(_get_wo_message(str(e))) from None
_pickle.UnpicklingError: Weights only load failed. This file can still be loaded, to do so you have two options, [1mdo those steps only if you trust the source of the checkpoint[0m. 
	(1) In PyTorch 2.6, we changed the default value of the `weights_only` argument in `torch.load` from `False` to `True`. Re-running `torch.load` with `weights_only` set to `False` will likely succeed, but it can result in arbitrary code execution. Do it only if you got the file from a trusted source.
	(2) Alternatively, to load with `weights_only=True` please check the recommended steps in the following error message.
	WeightsUnpickler error: Unsupported global: GLOBAL numpy.core.multiarray.scalar was not an allowed global by default. Please use `torch.serialization.add_safe_globals([numpy.core.multiarray.scalar])` or the `torch.serialization.safe_globals([numpy.core.multiarray.scalar])` context manager to allowlist this global if you trust this class/function.

Check the documentation of torch.load to learn more about types accepted by default with weights_only https://pytorch.org/docs/stable/generated/torch.load.html.
