[2025-11-18 14:16:05,182][__main__][INFO] - seed: 42
model:
  action_dim: 8
  proprio_dim: 22
  action_horizon: 8
  obs_horizon: 2
  vision_backbone_model: google/siglip-base-patch16-224
  vision_feature_dim: 768
  fusion_transformer_layers: 4
  fusion_transformer_heads: 8
  resnet_feature_dim: 256
  pilot_d_model: 512
  denoiser_layers: 6
  denoiser_heads: 8
  p_plan_drop: 0.1
  p_obs_drop: 0.1
  num_task_phases: 5
scheduler:
  timesteps: 100
  beta_schedule: cosine
  beta_start: 0.0001
  beta_end: 0.02
dataset:
  train_path: C:/Users/Hellx/Documents/Programming/python/Project/redhot/data/validation/validation_dataset.lmdb
  val_path: C:/Users/Hellx/Documents/Programming/python/Project/redhot/data/validation/validation_dataset.lmdb
  num_workers: 1
  use_aug: false
training:
  batch_size: 32
  val_batch_size: 32
  ema_decay: 0.999
  use_activation_checkpointing: true
  use_swa: false
  swa_lrs: 1.0e-05
  backup_every_n_epochs: 3
  resume_from_checkpoint: null
  warm_start_from_checkpoint: C:/Users/Hellx/Documents/Programming/python/Project/redhot/notes/checkpoints/backup_epoch_80.ckpt
validation:
  run_full_validation_every_n_epoch: 120
  sampling_steps: 30
  guidance_scale_plan: 7.5
  guidance_scale_obs: 1.5
  num_inference_steps: 30
optimizer:
  lr: 0.0001
  head_lr: 1.0e-05
  weight_decay: 1.0e-06
  warmup_steps: 0.05
  gradient_clip_val: 1.0
  warmup_percentage: 0.05
trainer:
  accelerator: cpu
  devices: 1
  precision: 16-mixed
  max_epochs: 1000
  check_val_every_n_epoch: 120
  accumulate_grad_batches: 2
logging:
  use_wandb: true
  wandb_project: ego_planner_v4
  wandb_run_name: null
  log_every_n_steps: 50
  wandb_mode: offline

[2025-11-18 14:16:05,206][__main__][INFO] - W&B mode explicitly set to: 'offline'
[2025-11-18 14:16:05,230][models.ego_planner][INFO] - [Strategist] Initializing ViT backbone: google/siglip-base-patch16-224
[2025-11-18 14:16:06,158][models.ego_planner][INFO] - [Strategist] Derived configuration: image_size=224, patch_size=16, num_patches=196.
[2025-11-18 14:16:06,246][models.ego_planner][INFO] - [Pilot] Activation Checkpointing: Enabled
[2025-11-18 14:16:10,775][models.ego_planner][INFO] - EgoPlanner v5 (Definitive & Audited) model initialized.
[2025-11-18 14:16:11,086][__main__][INFO] - EMA enabled with decay rate: 0.999
[2025-11-18 14:16:11,089][__main__][INFO] - Definitive SOTA EgoPlannerLightningModule (v2) initialized.
[2025-11-18 14:16:11,090][__main__][INFO] - PERFORMING WARM-START MIGRATION from: C:/Users/Hellx/Documents/Programming/python/Project/redhot/notes/checkpoints/backup_epoch_80.ckpt
[2025-11-18 14:16:13,789][__main__][INFO] - --- Starting SOTA Checkpoint Migration for Phase-Aware Ego-Planner ---
[2025-11-18 14:16:13,794][__main__][INFO] - Scanning for transferable layers...
[2025-11-18 14:16:13,877][__main__][INFO] - --- Migration Report ---
[2025-11-18 14:16:13,878][__main__][INFO] - Successfully migrated 352 layers.
[2025-11-18 14:16:13,879][__main__][WARNING] - The following layers are NEW and were initialized from scratch:
[2025-11-18 14:16:13,880][__main__][WARNING] -   - strategist.task_phase_embedding.weight
[2025-11-18 14:16:13,881][__main__][WARNING] -   - strategist.token_type_embeddings.weight
[2025-11-18 14:16:13,881][__main__][WARNING] -   - strategist.vision_backbone.vision_model.embeddings.patch_embedding.bias
[2025-11-18 14:16:13,882][__main__][WARNING] -   - strategist.vision_backbone.vision_model.embeddings.patch_embedding.weight
[2025-11-18 14:16:13,883][__main__][WARNING] -   - strategist.vision_backbone.vision_model.embeddings.position_embedding.weight
[2025-11-18 14:16:13,884][__main__][WARNING] -   - strategist.vision_backbone.vision_model.encoder.layers.0.layer_norm1.bias
[2025-11-18 14:16:13,885][__main__][WARNING] -   - strategist.vision_backbone.vision_model.encoder.layers.0.layer_norm1.weight
[2025-11-18 14:16:13,886][__main__][WARNING] -   - strategist.vision_backbone.vision_model.encoder.layers.0.layer_norm2.bias
[2025-11-18 14:16:13,887][__main__][WARNING] -   - strategist.vision_backbone.vision_model.encoder.layers.0.layer_norm2.weight
[2025-11-18 14:16:13,889][__main__][WARNING] -   - strategist.vision_backbone.vision_model.encoder.layers.0.mlp.fc1.bias
[2025-11-18 14:16:13,890][__main__][WARNING] -   - strategist.vision_backbone.vision_model.encoder.layers.0.mlp.fc1.weight
[2025-11-18 14:16:13,891][__main__][WARNING] -   - strategist.vision_backbone.vision_model.encoder.layers.0.mlp.fc2.bias
[2025-11-18 14:16:13,892][__main__][WARNING] -   - strategist.vision_backbone.vision_model.encoder.layers.0.mlp.fc2.weight
[2025-11-18 14:16:13,896][__main__][WARNING] -   - strategist.vision_backbone.vision_model.encoder.layers.0.self_attn.k_proj.bias
[2025-11-18 14:16:13,897][__main__][WARNING] -   - strategist.vision_backbone.vision_model.encoder.layers.0.self_attn.k_proj.weight
[2025-11-18 14:16:13,898][__main__][WARNING] -   - strategist.vision_backbone.vision_model.encoder.layers.0.self_attn.out_proj.bias
[2025-11-18 14:16:13,899][__main__][WARNING] -   - strategist.vision_backbone.vision_model.encoder.layers.0.self_attn.out_proj.weight
[2025-11-18 14:16:13,900][__main__][WARNING] -   - strategist.vision_backbone.vision_model.encoder.layers.0.self_attn.q_proj.bias
[2025-11-18 14:16:13,901][__main__][WARNING] -   - strategist.vision_backbone.vision_model.encoder.layers.0.self_attn.q_proj.weight
[2025-11-18 14:16:13,904][__main__][WARNING] -   - strategist.vision_backbone.vision_model.encoder.layers.0.self_attn.v_proj.bias
[2025-11-18 14:16:13,905][__main__][WARNING] -   - strategist.vision_backbone.vision_model.encoder.layers.0.self_attn.v_proj.weight
[2025-11-18 14:16:13,905][__main__][WARNING] -   - strategist.vision_backbone.vision_model.encoder.layers.1.layer_norm1.bias
[2025-11-18 14:16:13,906][__main__][WARNING] -   - strategist.vision_backbone.vision_model.encoder.layers.1.layer_norm1.weight
[2025-11-18 14:16:13,907][__main__][WARNING] -   - strategist.vision_backbone.vision_model.encoder.layers.1.layer_norm2.bias
[2025-11-18 14:16:13,908][__main__][WARNING] -   - strategist.vision_backbone.vision_model.encoder.layers.1.layer_norm2.weight
[2025-11-18 14:16:13,909][__main__][WARNING] -   - strategist.vision_backbone.vision_model.encoder.layers.1.mlp.fc1.bias
[2025-11-18 14:16:13,910][__main__][WARNING] -   - strategist.vision_backbone.vision_model.encoder.layers.1.mlp.fc1.weight
[2025-11-18 14:16:13,910][__main__][WARNING] -   - strategist.vision_backbone.vision_model.encoder.layers.1.mlp.fc2.bias
[2025-11-18 14:16:13,911][__main__][WARNING] -   - strategist.vision_backbone.vision_model.encoder.layers.1.mlp.fc2.weight
[2025-11-18 14:16:13,912][__main__][WARNING] -   - strategist.vision_backbone.vision_model.encoder.layers.1.self_attn.k_proj.bias
[2025-11-18 14:16:13,913][__main__][WARNING] -   - strategist.vision_backbone.vision_model.encoder.layers.1.self_attn.k_proj.weight
[2025-11-18 14:16:13,914][__main__][WARNING] -   - strategist.vision_backbone.vision_model.encoder.layers.1.self_attn.out_proj.bias
[2025-11-18 14:16:13,914][__main__][WARNING] -   - strategist.vision_backbone.vision_model.encoder.layers.1.self_attn.out_proj.weight
[2025-11-18 14:16:13,915][__main__][WARNING] -   - strategist.vision_backbone.vision_model.encoder.layers.1.self_attn.q_proj.bias
[2025-11-18 14:16:13,916][__main__][WARNING] -   - strategist.vision_backbone.vision_model.encoder.layers.1.self_attn.q_proj.weight
[2025-11-18 14:16:13,916][__main__][WARNING] -   - strategist.vision_backbone.vision_model.encoder.layers.1.self_attn.v_proj.bias
[2025-11-18 14:16:13,917][__main__][WARNING] -   - strategist.vision_backbone.vision_model.encoder.layers.1.self_attn.v_proj.weight
[2025-11-18 14:16:13,919][__main__][WARNING] -   - strategist.vision_backbone.vision_model.encoder.layers.10.layer_norm1.bias
[2025-11-18 14:16:13,919][__main__][WARNING] -   - strategist.vision_backbone.vision_model.encoder.layers.10.layer_norm1.weight
[2025-11-18 14:16:13,920][__main__][WARNING] -   - strategist.vision_backbone.vision_model.encoder.layers.10.layer_norm2.bias
[2025-11-18 14:16:13,921][__main__][WARNING] -   - strategist.vision_backbone.vision_model.encoder.layers.10.layer_norm2.weight
[2025-11-18 14:16:13,923][__main__][WARNING] -   - strategist.vision_backbone.vision_model.encoder.layers.10.mlp.fc1.bias
[2025-11-18 14:16:13,924][__main__][WARNING] -   - strategist.vision_backbone.vision_model.encoder.layers.10.mlp.fc1.weight
[2025-11-18 14:16:13,925][__main__][WARNING] -   - strategist.vision_backbone.vision_model.encoder.layers.10.mlp.fc2.bias
[2025-11-18 14:16:13,926][__main__][WARNING] -   - strategist.vision_backbone.vision_model.encoder.layers.10.mlp.fc2.weight
[2025-11-18 14:16:13,927][__main__][WARNING] -   - strategist.vision_backbone.vision_model.encoder.layers.10.self_attn.k_proj.bias
[2025-11-18 14:16:13,928][__main__][WARNING] -   - strategist.vision_backbone.vision_model.encoder.layers.10.self_attn.k_proj.weight
[2025-11-18 14:16:13,929][__main__][WARNING] -   - strategist.vision_backbone.vision_model.encoder.layers.10.self_attn.out_proj.bias
[2025-11-18 14:16:13,932][__main__][WARNING] -   - strategist.vision_backbone.vision_model.encoder.layers.10.self_attn.out_proj.weight
[2025-11-18 14:16:13,933][__main__][WARNING] -   - strategist.vision_backbone.vision_model.encoder.layers.10.self_attn.q_proj.bias
[2025-11-18 14:16:13,935][__main__][WARNING] -   - strategist.vision_backbone.vision_model.encoder.layers.10.self_attn.q_proj.weight
[2025-11-18 14:16:13,936][__main__][WARNING] -   - strategist.vision_backbone.vision_model.encoder.layers.10.self_attn.v_proj.bias
[2025-11-18 14:16:13,936][__main__][WARNING] -   - strategist.vision_backbone.vision_model.encoder.layers.10.self_attn.v_proj.weight
[2025-11-18 14:16:13,937][__main__][WARNING] -   - strategist.vision_backbone.vision_model.encoder.layers.11.layer_norm1.bias
[2025-11-18 14:16:13,938][__main__][WARNING] -   - strategist.vision_backbone.vision_model.encoder.layers.11.layer_norm1.weight
[2025-11-18 14:16:13,939][__main__][WARNING] -   - strategist.vision_backbone.vision_model.encoder.layers.11.layer_norm2.bias
[2025-11-18 14:16:13,940][__main__][WARNING] -   - strategist.vision_backbone.vision_model.encoder.layers.11.layer_norm2.weight
[2025-11-18 14:16:13,941][__main__][WARNING] -   - strategist.vision_backbone.vision_model.encoder.layers.11.mlp.fc1.bias
[2025-11-18 14:16:13,942][__main__][WARNING] -   - strategist.vision_backbone.vision_model.encoder.layers.11.mlp.fc1.weight
[2025-11-18 14:16:13,943][__main__][WARNING] -   - strategist.vision_backbone.vision_model.encoder.layers.11.mlp.fc2.bias
[2025-11-18 14:16:13,944][__main__][WARNING] -   - strategist.vision_backbone.vision_model.encoder.layers.11.mlp.fc2.weight
[2025-11-18 14:16:13,945][__main__][WARNING] -   - strategist.vision_backbone.vision_model.encoder.layers.11.self_attn.k_proj.bias
[2025-11-18 14:16:13,946][__main__][WARNING] -   - strategist.vision_backbone.vision_model.encoder.layers.11.self_attn.k_proj.weight
[2025-11-18 14:16:13,947][__main__][WARNING] -   - strategist.vision_backbone.vision_model.encoder.layers.11.self_attn.out_proj.bias
[2025-11-18 14:16:13,948][__main__][WARNING] -   - strategist.vision_backbone.vision_model.encoder.layers.11.self_attn.out_proj.weight
[2025-11-18 14:16:13,949][__main__][WARNING] -   - strategist.vision_backbone.vision_model.encoder.layers.11.self_attn.q_proj.bias
[2025-11-18 14:16:13,950][__main__][WARNING] -   - strategist.vision_backbone.vision_model.encoder.layers.11.self_attn.q_proj.weight
[2025-11-18 14:16:13,955][__main__][WARNING] -   - strategist.vision_backbone.vision_model.encoder.layers.11.self_attn.v_proj.bias
[2025-11-18 14:16:13,956][__main__][WARNING] -   - strategist.vision_backbone.vision_model.encoder.layers.11.self_attn.v_proj.weight
[2025-11-18 14:16:13,957][__main__][WARNING] -   - strategist.vision_backbone.vision_model.encoder.layers.2.layer_norm1.bias
[2025-11-18 14:16:13,958][__main__][WARNING] -   - strategist.vision_backbone.vision_model.encoder.layers.2.layer_norm1.weight
[2025-11-18 14:16:13,958][__main__][WARNING] -   - strategist.vision_backbone.vision_model.encoder.layers.2.layer_norm2.bias
[2025-11-18 14:16:13,959][__main__][WARNING] -   - strategist.vision_backbone.vision_model.encoder.layers.2.layer_norm2.weight
[2025-11-18 14:16:13,961][__main__][WARNING] -   - strategist.vision_backbone.vision_model.encoder.layers.2.mlp.fc1.bias
[2025-11-18 14:16:13,963][__main__][WARNING] -   - strategist.vision_backbone.vision_model.encoder.layers.2.mlp.fc1.weight
[2025-11-18 14:16:13,967][__main__][WARNING] -   - strategist.vision_backbone.vision_model.encoder.layers.2.mlp.fc2.bias
[2025-11-18 14:16:13,969][__main__][WARNING] -   - strategist.vision_backbone.vision_model.encoder.layers.2.mlp.fc2.weight
[2025-11-18 14:16:13,970][__main__][WARNING] -   - strategist.vision_backbone.vision_model.encoder.layers.2.self_attn.k_proj.bias
[2025-11-18 14:16:13,971][__main__][WARNING] -   - strategist.vision_backbone.vision_model.encoder.layers.2.self_attn.k_proj.weight
[2025-11-18 14:16:13,971][__main__][WARNING] -   - strategist.vision_backbone.vision_model.encoder.layers.2.self_attn.out_proj.bias
[2025-11-18 14:16:13,972][__main__][WARNING] -   - strategist.vision_backbone.vision_model.encoder.layers.2.self_attn.out_proj.weight
[2025-11-18 14:16:13,973][__main__][WARNING] -   - strategist.vision_backbone.vision_model.encoder.layers.2.self_attn.q_proj.bias
[2025-11-18 14:16:13,974][__main__][WARNING] -   - strategist.vision_backbone.vision_model.encoder.layers.2.self_attn.q_proj.weight
[2025-11-18 14:16:13,975][__main__][WARNING] -   - strategist.vision_backbone.vision_model.encoder.layers.2.self_attn.v_proj.bias
[2025-11-18 14:16:13,976][__main__][WARNING] -   - strategist.vision_backbone.vision_model.encoder.layers.2.self_attn.v_proj.weight
[2025-11-18 14:16:13,977][__main__][WARNING] -   - strategist.vision_backbone.vision_model.encoder.layers.3.layer_norm1.bias
[2025-11-18 14:16:13,977][__main__][WARNING] -   - strategist.vision_backbone.vision_model.encoder.layers.3.layer_norm1.weight
[2025-11-18 14:16:13,978][__main__][WARNING] -   - strategist.vision_backbone.vision_model.encoder.layers.3.layer_norm2.bias
[2025-11-18 14:16:13,979][__main__][WARNING] -   - strategist.vision_backbone.vision_model.encoder.layers.3.layer_norm2.weight
[2025-11-18 14:16:13,981][__main__][WARNING] -   - strategist.vision_backbone.vision_model.encoder.layers.3.mlp.fc1.bias
[2025-11-18 14:16:13,982][__main__][WARNING] -   - strategist.vision_backbone.vision_model.encoder.layers.3.mlp.fc1.weight
[2025-11-18 14:16:13,983][__main__][WARNING] -   - strategist.vision_backbone.vision_model.encoder.layers.3.mlp.fc2.bias
[2025-11-18 14:16:13,986][__main__][WARNING] -   - strategist.vision_backbone.vision_model.encoder.layers.3.mlp.fc2.weight
[2025-11-18 14:16:13,988][__main__][WARNING] -   - strategist.vision_backbone.vision_model.encoder.layers.3.self_attn.k_proj.bias
[2025-11-18 14:16:13,989][__main__][WARNING] -   - strategist.vision_backbone.vision_model.encoder.layers.3.self_attn.k_proj.weight
[2025-11-18 14:16:13,989][__main__][WARNING] -   - strategist.vision_backbone.vision_model.encoder.layers.3.self_attn.out_proj.bias
[2025-11-18 14:16:13,990][__main__][WARNING] -   - strategist.vision_backbone.vision_model.encoder.layers.3.self_attn.out_proj.weight
[2025-11-18 14:16:13,991][__main__][WARNING] -   - strategist.vision_backbone.vision_model.encoder.layers.3.self_attn.q_proj.bias
[2025-11-18 14:16:13,992][__main__][WARNING] -   - strategist.vision_backbone.vision_model.encoder.layers.3.self_attn.q_proj.weight
[2025-11-18 14:16:13,993][__main__][WARNING] -   - strategist.vision_backbone.vision_model.encoder.layers.3.self_attn.v_proj.bias
[2025-11-18 14:16:13,994][__main__][WARNING] -   - strategist.vision_backbone.vision_model.encoder.layers.3.self_attn.v_proj.weight
[2025-11-18 14:16:13,995][__main__][WARNING] -   - strategist.vision_backbone.vision_model.encoder.layers.4.layer_norm1.bias
[2025-11-18 14:16:13,996][__main__][WARNING] -   - strategist.vision_backbone.vision_model.encoder.layers.4.layer_norm1.weight
[2025-11-18 14:16:13,997][__main__][WARNING] -   - strategist.vision_backbone.vision_model.encoder.layers.4.layer_norm2.bias
[2025-11-18 14:16:13,998][__main__][WARNING] -   - strategist.vision_backbone.vision_model.encoder.layers.4.layer_norm2.weight
[2025-11-18 14:16:13,999][__main__][WARNING] -   - strategist.vision_backbone.vision_model.encoder.layers.4.mlp.fc1.bias
[2025-11-18 14:16:13,999][__main__][WARNING] -   - strategist.vision_backbone.vision_model.encoder.layers.4.mlp.fc1.weight
[2025-11-18 14:16:14,003][__main__][WARNING] -   - strategist.vision_backbone.vision_model.encoder.layers.4.mlp.fc2.bias
[2025-11-18 14:16:14,004][__main__][WARNING] -   - strategist.vision_backbone.vision_model.encoder.layers.4.mlp.fc2.weight
[2025-11-18 14:16:14,007][__main__][WARNING] -   - strategist.vision_backbone.vision_model.encoder.layers.4.self_attn.k_proj.bias
[2025-11-18 14:16:14,009][__main__][WARNING] -   - strategist.vision_backbone.vision_model.encoder.layers.4.self_attn.k_proj.weight
[2025-11-18 14:16:14,009][__main__][WARNING] -   - strategist.vision_backbone.vision_model.encoder.layers.4.self_attn.out_proj.bias
[2025-11-18 14:16:14,010][__main__][WARNING] -   - strategist.vision_backbone.vision_model.encoder.layers.4.self_attn.out_proj.weight
[2025-11-18 14:16:14,011][__main__][WARNING] -   - strategist.vision_backbone.vision_model.encoder.layers.4.self_attn.q_proj.bias
[2025-11-18 14:16:14,012][__main__][WARNING] -   - strategist.vision_backbone.vision_model.encoder.layers.4.self_attn.q_proj.weight
[2025-11-18 14:16:14,018][__main__][WARNING] -   - strategist.vision_backbone.vision_model.encoder.layers.4.self_attn.v_proj.bias
[2025-11-18 14:16:14,019][__main__][WARNING] -   - strategist.vision_backbone.vision_model.encoder.layers.4.self_attn.v_proj.weight
[2025-11-18 14:16:14,020][__main__][WARNING] -   - strategist.vision_backbone.vision_model.encoder.layers.5.layer_norm1.bias
[2025-11-18 14:16:14,021][__main__][WARNING] -   - strategist.vision_backbone.vision_model.encoder.layers.5.layer_norm1.weight
[2025-11-18 14:16:14,022][__main__][WARNING] -   - strategist.vision_backbone.vision_model.encoder.layers.5.layer_norm2.bias
[2025-11-18 14:16:14,023][__main__][WARNING] -   - strategist.vision_backbone.vision_model.encoder.layers.5.layer_norm2.weight
[2025-11-18 14:16:14,024][__main__][WARNING] -   - strategist.vision_backbone.vision_model.encoder.layers.5.mlp.fc1.bias
[2025-11-18 14:16:14,025][__main__][WARNING] -   - strategist.vision_backbone.vision_model.encoder.layers.5.mlp.fc1.weight
[2025-11-18 14:16:14,026][__main__][WARNING] -   - strategist.vision_backbone.vision_model.encoder.layers.5.mlp.fc2.bias
[2025-11-18 14:16:14,028][__main__][WARNING] -   - strategist.vision_backbone.vision_model.encoder.layers.5.mlp.fc2.weight
[2025-11-18 14:16:14,029][__main__][WARNING] -   - strategist.vision_backbone.vision_model.encoder.layers.5.self_attn.k_proj.bias
[2025-11-18 14:16:14,029][__main__][WARNING] -   - strategist.vision_backbone.vision_model.encoder.layers.5.self_attn.k_proj.weight
[2025-11-18 14:16:14,030][__main__][WARNING] -   - strategist.vision_backbone.vision_model.encoder.layers.5.self_attn.out_proj.bias
[2025-11-18 14:16:14,031][__main__][WARNING] -   - strategist.vision_backbone.vision_model.encoder.layers.5.self_attn.out_proj.weight
[2025-11-18 14:16:14,032][__main__][WARNING] -   - strategist.vision_backbone.vision_model.encoder.layers.5.self_attn.q_proj.bias
[2025-11-18 14:16:14,034][__main__][WARNING] -   - strategist.vision_backbone.vision_model.encoder.layers.5.self_attn.q_proj.weight
[2025-11-18 14:16:14,039][__main__][WARNING] -   - strategist.vision_backbone.vision_model.encoder.layers.5.self_attn.v_proj.bias
[2025-11-18 14:16:14,039][__main__][WARNING] -   - strategist.vision_backbone.vision_model.encoder.layers.5.self_attn.v_proj.weight
[2025-11-18 14:16:14,040][__main__][WARNING] -   - strategist.vision_backbone.vision_model.encoder.layers.6.layer_norm1.bias
[2025-11-18 14:16:14,041][__main__][WARNING] -   - strategist.vision_backbone.vision_model.encoder.layers.6.layer_norm1.weight
[2025-11-18 14:16:14,041][__main__][WARNING] -   - strategist.vision_backbone.vision_model.encoder.layers.6.layer_norm2.bias
[2025-11-18 14:16:14,042][__main__][WARNING] -   - strategist.vision_backbone.vision_model.encoder.layers.6.layer_norm2.weight
[2025-11-18 14:16:14,043][__main__][WARNING] -   - strategist.vision_backbone.vision_model.encoder.layers.6.mlp.fc1.bias
[2025-11-18 14:16:14,044][__main__][WARNING] -   - strategist.vision_backbone.vision_model.encoder.layers.6.mlp.fc1.weight
[2025-11-18 14:16:14,045][__main__][WARNING] -   - strategist.vision_backbone.vision_model.encoder.layers.6.mlp.fc2.bias
[2025-11-18 14:16:14,046][__main__][WARNING] -   - strategist.vision_backbone.vision_model.encoder.layers.6.mlp.fc2.weight
[2025-11-18 14:16:14,048][__main__][WARNING] -   - strategist.vision_backbone.vision_model.encoder.layers.6.self_attn.k_proj.bias
[2025-11-18 14:16:14,050][__main__][WARNING] -   - strategist.vision_backbone.vision_model.encoder.layers.6.self_attn.k_proj.weight
[2025-11-18 14:16:14,051][__main__][WARNING] -   - strategist.vision_backbone.vision_model.encoder.layers.6.self_attn.out_proj.bias
[2025-11-18 14:16:14,052][__main__][WARNING] -   - strategist.vision_backbone.vision_model.encoder.layers.6.self_attn.out_proj.weight
[2025-11-18 14:16:14,053][__main__][WARNING] -   - strategist.vision_backbone.vision_model.encoder.layers.6.self_attn.q_proj.bias
[2025-11-18 14:16:14,053][__main__][WARNING] -   - strategist.vision_backbone.vision_model.encoder.layers.6.self_attn.q_proj.weight
[2025-11-18 14:16:14,054][__main__][WARNING] -   - strategist.vision_backbone.vision_model.encoder.layers.6.self_attn.v_proj.bias
[2025-11-18 14:16:14,055][__main__][WARNING] -   - strategist.vision_backbone.vision_model.encoder.layers.6.self_attn.v_proj.weight
[2025-11-18 14:16:14,056][__main__][WARNING] -   - strategist.vision_backbone.vision_model.encoder.layers.7.layer_norm1.bias
[2025-11-18 14:16:14,057][__main__][WARNING] -   - strategist.vision_backbone.vision_model.encoder.layers.7.layer_norm1.weight
[2025-11-18 14:16:14,057][__main__][WARNING] -   - strategist.vision_backbone.vision_model.encoder.layers.7.layer_norm2.bias
[2025-11-18 14:16:14,058][__main__][WARNING] -   - strategist.vision_backbone.vision_model.encoder.layers.7.layer_norm2.weight
[2025-11-18 14:16:14,059][__main__][WARNING] -   - strategist.vision_backbone.vision_model.encoder.layers.7.mlp.fc1.bias
[2025-11-18 14:16:14,059][__main__][WARNING] -   - strategist.vision_backbone.vision_model.encoder.layers.7.mlp.fc1.weight
[2025-11-18 14:16:14,060][__main__][WARNING] -   - strategist.vision_backbone.vision_model.encoder.layers.7.mlp.fc2.bias
[2025-11-18 14:16:14,061][__main__][WARNING] -   - strategist.vision_backbone.vision_model.encoder.layers.7.mlp.fc2.weight
[2025-11-18 14:16:14,062][__main__][WARNING] -   - strategist.vision_backbone.vision_model.encoder.layers.7.self_attn.k_proj.bias
[2025-11-18 14:16:14,063][__main__][WARNING] -   - strategist.vision_backbone.vision_model.encoder.layers.7.self_attn.k_proj.weight
[2025-11-18 14:16:14,063][__main__][WARNING] -   - strategist.vision_backbone.vision_model.encoder.layers.7.self_attn.out_proj.bias
[2025-11-18 14:16:14,064][__main__][WARNING] -   - strategist.vision_backbone.vision_model.encoder.layers.7.self_attn.out_proj.weight
[2025-11-18 14:16:14,065][__main__][WARNING] -   - strategist.vision_backbone.vision_model.encoder.layers.7.self_attn.q_proj.bias
[2025-11-18 14:16:14,066][__main__][WARNING] -   - strategist.vision_backbone.vision_model.encoder.layers.7.self_attn.q_proj.weight
[2025-11-18 14:16:14,066][__main__][WARNING] -   - strategist.vision_backbone.vision_model.encoder.layers.7.self_attn.v_proj.bias
[2025-11-18 14:16:14,068][__main__][WARNING] -   - strategist.vision_backbone.vision_model.encoder.layers.7.self_attn.v_proj.weight
[2025-11-18 14:16:14,070][__main__][WARNING] -   - strategist.vision_backbone.vision_model.encoder.layers.8.layer_norm1.bias
[2025-11-18 14:16:14,071][__main__][WARNING] -   - strategist.vision_backbone.vision_model.encoder.layers.8.layer_norm1.weight
[2025-11-18 14:16:14,072][__main__][WARNING] -   - strategist.vision_backbone.vision_model.encoder.layers.8.layer_norm2.bias
[2025-11-18 14:16:14,073][__main__][WARNING] -   - strategist.vision_backbone.vision_model.encoder.layers.8.layer_norm2.weight
[2025-11-18 14:16:14,074][__main__][WARNING] -   - strategist.vision_backbone.vision_model.encoder.layers.8.mlp.fc1.bias
[2025-11-18 14:16:14,075][__main__][WARNING] -   - strategist.vision_backbone.vision_model.encoder.layers.8.mlp.fc1.weight
[2025-11-18 14:16:14,075][__main__][WARNING] -   - strategist.vision_backbone.vision_model.encoder.layers.8.mlp.fc2.bias
[2025-11-18 14:16:14,076][__main__][WARNING] -   - strategist.vision_backbone.vision_model.encoder.layers.8.mlp.fc2.weight
[2025-11-18 14:16:14,077][__main__][WARNING] -   - strategist.vision_backbone.vision_model.encoder.layers.8.self_attn.k_proj.bias
[2025-11-18 14:16:14,078][__main__][WARNING] -   - strategist.vision_backbone.vision_model.encoder.layers.8.self_attn.k_proj.weight
[2025-11-18 14:16:14,079][__main__][WARNING] -   - strategist.vision_backbone.vision_model.encoder.layers.8.self_attn.out_proj.bias
[2025-11-18 14:16:14,079][__main__][WARNING] -   - strategist.vision_backbone.vision_model.encoder.layers.8.self_attn.out_proj.weight
[2025-11-18 14:16:14,080][__main__][WARNING] -   - strategist.vision_backbone.vision_model.encoder.layers.8.self_attn.q_proj.bias
[2025-11-18 14:16:14,081][__main__][WARNING] -   - strategist.vision_backbone.vision_model.encoder.layers.8.self_attn.q_proj.weight
[2025-11-18 14:16:14,081][__main__][WARNING] -   - strategist.vision_backbone.vision_model.encoder.layers.8.self_attn.v_proj.bias
[2025-11-18 14:16:14,082][__main__][WARNING] -   - strategist.vision_backbone.vision_model.encoder.layers.8.self_attn.v_proj.weight
[2025-11-18 14:16:14,083][__main__][WARNING] -   - strategist.vision_backbone.vision_model.encoder.layers.9.layer_norm1.bias
[2025-11-18 14:16:14,084][__main__][WARNING] -   - strategist.vision_backbone.vision_model.encoder.layers.9.layer_norm1.weight
[2025-11-18 14:16:14,084][__main__][WARNING] -   - strategist.vision_backbone.vision_model.encoder.layers.9.layer_norm2.bias
[2025-11-18 14:16:14,085][__main__][WARNING] -   - strategist.vision_backbone.vision_model.encoder.layers.9.layer_norm2.weight
[2025-11-18 14:16:14,086][__main__][WARNING] -   - strategist.vision_backbone.vision_model.encoder.layers.9.mlp.fc1.bias
[2025-11-18 14:16:14,086][__main__][WARNING] -   - strategist.vision_backbone.vision_model.encoder.layers.9.mlp.fc1.weight
[2025-11-18 14:16:14,087][__main__][WARNING] -   - strategist.vision_backbone.vision_model.encoder.layers.9.mlp.fc2.bias
[2025-11-18 14:16:14,089][__main__][WARNING] -   - strategist.vision_backbone.vision_model.encoder.layers.9.mlp.fc2.weight
[2025-11-18 14:16:14,091][__main__][WARNING] -   - strategist.vision_backbone.vision_model.encoder.layers.9.self_attn.k_proj.bias
[2025-11-18 14:16:14,092][__main__][WARNING] -   - strategist.vision_backbone.vision_model.encoder.layers.9.self_attn.k_proj.weight
[2025-11-18 14:16:14,093][__main__][WARNING] -   - strategist.vision_backbone.vision_model.encoder.layers.9.self_attn.out_proj.bias
[2025-11-18 14:16:14,094][__main__][WARNING] -   - strategist.vision_backbone.vision_model.encoder.layers.9.self_attn.out_proj.weight
[2025-11-18 14:16:14,094][__main__][WARNING] -   - strategist.vision_backbone.vision_model.encoder.layers.9.self_attn.q_proj.bias
[2025-11-18 14:16:14,095][__main__][WARNING] -   - strategist.vision_backbone.vision_model.encoder.layers.9.self_attn.q_proj.weight
[2025-11-18 14:16:14,095][__main__][WARNING] -   - strategist.vision_backbone.vision_model.encoder.layers.9.self_attn.v_proj.bias
[2025-11-18 14:16:14,096][__main__][WARNING] -   - strategist.vision_backbone.vision_model.encoder.layers.9.self_attn.v_proj.weight
[2025-11-18 14:16:14,097][__main__][WARNING] -   - strategist.vision_backbone.vision_model.head.attention.in_proj_bias
[2025-11-18 14:16:14,098][__main__][WARNING] -   - strategist.vision_backbone.vision_model.head.attention.in_proj_weight
[2025-11-18 14:16:14,098][__main__][WARNING] -   - strategist.vision_backbone.vision_model.head.attention.out_proj.bias
[2025-11-18 14:16:14,099][__main__][WARNING] -   - strategist.vision_backbone.vision_model.head.attention.out_proj.weight
[2025-11-18 14:16:14,099][__main__][WARNING] -   - strategist.vision_backbone.vision_model.head.layernorm.bias
[2025-11-18 14:16:14,100][__main__][WARNING] -   - strategist.vision_backbone.vision_model.head.layernorm.weight
[2025-11-18 14:16:14,101][__main__][WARNING] -   - strategist.vision_backbone.vision_model.head.mlp.fc1.bias
[2025-11-18 14:16:14,101][__main__][WARNING] -   - strategist.vision_backbone.vision_model.head.mlp.fc1.weight
[2025-11-18 14:16:14,102][__main__][WARNING] -   - strategist.vision_backbone.vision_model.head.mlp.fc2.bias
[2025-11-18 14:16:14,103][__main__][WARNING] -   - strategist.vision_backbone.vision_model.head.mlp.fc2.weight
[2025-11-18 14:16:14,104][__main__][WARNING] -   - strategist.vision_backbone.vision_model.head.probe
[2025-11-18 14:16:14,104][__main__][WARNING] -   - strategist.vision_backbone.vision_model.post_layernorm.bias
[2025-11-18 14:16:14,105][__main__][WARNING] -   - strategist.vision_backbone.vision_model.post_layernorm.weight
[2025-11-18 14:16:14,105][__main__][INFO] - The following layers from the old checkpoint were OBSOLETE and ignored:
[2025-11-18 14:16:14,106][__main__][INFO] -   - scheduler.alphas
[2025-11-18 14:16:14,107][__main__][INFO] -   - scheduler.alphas_cumprod
[2025-11-18 14:16:14,107][__main__][INFO] -   - scheduler.betas
[2025-11-18 14:16:14,108][__main__][INFO] -   - scheduler.sqrt_alphas_cumprod
[2025-11-18 14:16:14,110][__main__][INFO] -   - scheduler.sqrt_one_minus_alphas_cumprod
[2025-11-18 14:16:14,111][__main__][INFO] -   - strategist.goal_token_type
[2025-11-18 14:16:14,112][__main__][INFO] -   - strategist.start_token_type
[2025-11-18 14:16:14,112][__main__][INFO] -   - strategist.vision_backbone.vision_embeddings.patch_embedding.bias
[2025-11-18 14:16:14,113][__main__][INFO] -   - strategist.vision_backbone.vision_embeddings.patch_embedding.weight
[2025-11-18 14:16:14,114][__main__][INFO] -   - strategist.vision_backbone.vision_embeddings.position_embedding.weight
[2025-11-18 14:16:14,115][__main__][INFO] -   - strategist.vision_backbone.vision_encoder.layers.0.layer_norm1.bias
[2025-11-18 14:16:14,115][__main__][INFO] -   - strategist.vision_backbone.vision_encoder.layers.0.layer_norm1.weight
[2025-11-18 14:16:14,116][__main__][INFO] -   - strategist.vision_backbone.vision_encoder.layers.0.layer_norm2.bias
[2025-11-18 14:16:14,119][__main__][INFO] -   - strategist.vision_backbone.vision_encoder.layers.0.layer_norm2.weight
[2025-11-18 14:16:14,121][__main__][INFO] -   - strategist.vision_backbone.vision_encoder.layers.0.mlp.fc1.bias
[2025-11-18 14:16:14,121][__main__][INFO] -   - strategist.vision_backbone.vision_encoder.layers.0.mlp.fc1.weight
[2025-11-18 14:16:14,122][__main__][INFO] -   - strategist.vision_backbone.vision_encoder.layers.0.mlp.fc2.bias
[2025-11-18 14:16:14,123][__main__][INFO] -   - strategist.vision_backbone.vision_encoder.layers.0.mlp.fc2.weight
[2025-11-18 14:16:14,123][__main__][INFO] -   - strategist.vision_backbone.vision_encoder.layers.0.self_attn.k_proj.bias
[2025-11-18 14:16:14,124][__main__][INFO] -   - strategist.vision_backbone.vision_encoder.layers.0.self_attn.k_proj.weight
[2025-11-18 14:16:14,125][__main__][INFO] -   - strategist.vision_backbone.vision_encoder.layers.0.self_attn.out_proj.bias
[2025-11-18 14:16:14,126][__main__][INFO] -   - strategist.vision_backbone.vision_encoder.layers.0.self_attn.out_proj.weight
[2025-11-18 14:16:14,126][__main__][INFO] -   - strategist.vision_backbone.vision_encoder.layers.0.self_attn.q_proj.bias
[2025-11-18 14:16:14,127][__main__][INFO] -   - strategist.vision_backbone.vision_encoder.layers.0.self_attn.q_proj.weight
[2025-11-18 14:16:14,127][__main__][INFO] -   - strategist.vision_backbone.vision_encoder.layers.0.self_attn.v_proj.bias
[2025-11-18 14:16:14,128][__main__][INFO] -   - strategist.vision_backbone.vision_encoder.layers.0.self_attn.v_proj.weight
[2025-11-18 14:16:14,129][__main__][INFO] -   - strategist.vision_backbone.vision_encoder.layers.1.layer_norm1.bias
[2025-11-18 14:16:14,130][__main__][INFO] -   - strategist.vision_backbone.vision_encoder.layers.1.layer_norm1.weight
[2025-11-18 14:16:14,132][__main__][INFO] -   - strategist.vision_backbone.vision_encoder.layers.1.layer_norm2.bias
[2025-11-18 14:16:14,133][__main__][INFO] -   - strategist.vision_backbone.vision_encoder.layers.1.layer_norm2.weight
[2025-11-18 14:16:14,133][__main__][INFO] -   - strategist.vision_backbone.vision_encoder.layers.1.mlp.fc1.bias
[2025-11-18 14:16:14,134][__main__][INFO] -   - strategist.vision_backbone.vision_encoder.layers.1.mlp.fc1.weight
[2025-11-18 14:16:14,135][__main__][INFO] -   - strategist.vision_backbone.vision_encoder.layers.1.mlp.fc2.bias
[2025-11-18 14:16:14,135][__main__][INFO] -   - strategist.vision_backbone.vision_encoder.layers.1.mlp.fc2.weight
[2025-11-18 14:16:14,137][__main__][INFO] -   - strategist.vision_backbone.vision_encoder.layers.1.self_attn.k_proj.bias
[2025-11-18 14:16:14,137][__main__][INFO] -   - strategist.vision_backbone.vision_encoder.layers.1.self_attn.k_proj.weight
[2025-11-18 14:16:14,141][__main__][INFO] -   - strategist.vision_backbone.vision_encoder.layers.1.self_attn.out_proj.bias
[2025-11-18 14:16:14,143][__main__][INFO] -   - strategist.vision_backbone.vision_encoder.layers.1.self_attn.out_proj.weight
[2025-11-18 14:16:14,144][__main__][INFO] -   - strategist.vision_backbone.vision_encoder.layers.1.self_attn.q_proj.bias
[2025-11-18 14:16:14,144][__main__][INFO] -   - strategist.vision_backbone.vision_encoder.layers.1.self_attn.q_proj.weight
[2025-11-18 14:16:14,145][__main__][INFO] -   - strategist.vision_backbone.vision_encoder.layers.1.self_attn.v_proj.bias
[2025-11-18 14:16:14,145][__main__][INFO] -   - strategist.vision_backbone.vision_encoder.layers.1.self_attn.v_proj.weight
[2025-11-18 14:16:14,146][__main__][INFO] -   - strategist.vision_backbone.vision_encoder.layers.10.layer_norm1.bias
[2025-11-18 14:16:14,147][__main__][INFO] -   - strategist.vision_backbone.vision_encoder.layers.10.layer_norm1.weight
[2025-11-18 14:16:14,148][__main__][INFO] -   - strategist.vision_backbone.vision_encoder.layers.10.layer_norm2.bias
[2025-11-18 14:16:14,149][__main__][INFO] -   - strategist.vision_backbone.vision_encoder.layers.10.layer_norm2.weight
[2025-11-18 14:16:14,149][__main__][INFO] -   - strategist.vision_backbone.vision_encoder.layers.10.mlp.fc1.bias
[2025-11-18 14:16:14,150][__main__][INFO] -   - strategist.vision_backbone.vision_encoder.layers.10.mlp.fc1.weight
[2025-11-18 14:16:14,151][__main__][INFO] -   - strategist.vision_backbone.vision_encoder.layers.10.mlp.fc2.bias
[2025-11-18 14:16:14,153][__main__][INFO] -   - strategist.vision_backbone.vision_encoder.layers.10.mlp.fc2.weight
[2025-11-18 14:16:14,154][__main__][INFO] -   - strategist.vision_backbone.vision_encoder.layers.10.self_attn.k_proj.bias
[2025-11-18 14:16:14,155][__main__][INFO] -   - strategist.vision_backbone.vision_encoder.layers.10.self_attn.k_proj.weight
[2025-11-18 14:16:14,156][__main__][INFO] -   - strategist.vision_backbone.vision_encoder.layers.10.self_attn.out_proj.bias
[2025-11-18 14:16:14,157][__main__][INFO] -   - strategist.vision_backbone.vision_encoder.layers.10.self_attn.out_proj.weight
[2025-11-18 14:16:14,157][__main__][INFO] -   - strategist.vision_backbone.vision_encoder.layers.10.self_attn.q_proj.bias
[2025-11-18 14:16:14,158][__main__][INFO] -   - strategist.vision_backbone.vision_encoder.layers.10.self_attn.q_proj.weight
[2025-11-18 14:16:14,158][__main__][INFO] -   - strategist.vision_backbone.vision_encoder.layers.10.self_attn.v_proj.bias
[2025-11-18 14:16:14,159][__main__][INFO] -   - strategist.vision_backbone.vision_encoder.layers.10.self_attn.v_proj.weight
[2025-11-18 14:16:14,160][__main__][INFO] -   - strategist.vision_backbone.vision_encoder.layers.11.layer_norm1.bias
[2025-11-18 14:16:14,160][__main__][INFO] -   - strategist.vision_backbone.vision_encoder.layers.11.layer_norm1.weight
[2025-11-18 14:16:14,161][__main__][INFO] -   - strategist.vision_backbone.vision_encoder.layers.11.layer_norm2.bias
[2025-11-18 14:16:14,162][__main__][INFO] -   - strategist.vision_backbone.vision_encoder.layers.11.layer_norm2.weight
[2025-11-18 14:16:14,163][__main__][INFO] -   - strategist.vision_backbone.vision_encoder.layers.11.mlp.fc1.bias
[2025-11-18 14:16:14,164][__main__][INFO] -   - strategist.vision_backbone.vision_encoder.layers.11.mlp.fc1.weight
[2025-11-18 14:16:14,165][__main__][INFO] -   - strategist.vision_backbone.vision_encoder.layers.11.mlp.fc2.bias
[2025-11-18 14:16:14,166][__main__][INFO] -   - strategist.vision_backbone.vision_encoder.layers.11.mlp.fc2.weight
[2025-11-18 14:16:14,167][__main__][INFO] -   - strategist.vision_backbone.vision_encoder.layers.11.self_attn.k_proj.bias
[2025-11-18 14:16:14,168][__main__][INFO] -   - strategist.vision_backbone.vision_encoder.layers.11.self_attn.k_proj.weight
[2025-11-18 14:16:14,168][__main__][INFO] -   - strategist.vision_backbone.vision_encoder.layers.11.self_attn.out_proj.bias
[2025-11-18 14:16:14,169][__main__][INFO] -   - strategist.vision_backbone.vision_encoder.layers.11.self_attn.out_proj.weight
[2025-11-18 14:16:14,170][__main__][INFO] -   - strategist.vision_backbone.vision_encoder.layers.11.self_attn.q_proj.bias
[2025-11-18 14:16:14,170][__main__][INFO] -   - strategist.vision_backbone.vision_encoder.layers.11.self_attn.q_proj.weight
[2025-11-18 14:16:14,173][__main__][INFO] -   - strategist.vision_backbone.vision_encoder.layers.11.self_attn.v_proj.bias
[2025-11-18 14:16:14,174][__main__][INFO] -   - strategist.vision_backbone.vision_encoder.layers.11.self_attn.v_proj.weight
[2025-11-18 14:16:14,175][__main__][INFO] -   - strategist.vision_backbone.vision_encoder.layers.2.layer_norm1.bias
[2025-11-18 14:16:14,176][__main__][INFO] -   - strategist.vision_backbone.vision_encoder.layers.2.layer_norm1.weight
[2025-11-18 14:16:14,177][__main__][INFO] -   - strategist.vision_backbone.vision_encoder.layers.2.layer_norm2.bias
[2025-11-18 14:16:14,178][__main__][INFO] -   - strategist.vision_backbone.vision_encoder.layers.2.layer_norm2.weight
[2025-11-18 14:16:14,180][__main__][INFO] -   - strategist.vision_backbone.vision_encoder.layers.2.mlp.fc1.bias
[2025-11-18 14:16:14,185][__main__][INFO] -   - strategist.vision_backbone.vision_encoder.layers.2.mlp.fc1.weight
[2025-11-18 14:16:14,186][__main__][INFO] -   - strategist.vision_backbone.vision_encoder.layers.2.mlp.fc2.bias
[2025-11-18 14:16:14,186][__main__][INFO] -   - strategist.vision_backbone.vision_encoder.layers.2.mlp.fc2.weight
[2025-11-18 14:16:14,187][__main__][INFO] -   - strategist.vision_backbone.vision_encoder.layers.2.self_attn.k_proj.bias
[2025-11-18 14:16:14,188][__main__][INFO] -   - strategist.vision_backbone.vision_encoder.layers.2.self_attn.k_proj.weight
[2025-11-18 14:16:14,189][__main__][INFO] -   - strategist.vision_backbone.vision_encoder.layers.2.self_attn.out_proj.bias
[2025-11-18 14:16:14,190][__main__][INFO] -   - strategist.vision_backbone.vision_encoder.layers.2.self_attn.out_proj.weight
[2025-11-18 14:16:14,191][__main__][INFO] -   - strategist.vision_backbone.vision_encoder.layers.2.self_attn.q_proj.bias
[2025-11-18 14:16:14,193][__main__][INFO] -   - strategist.vision_backbone.vision_encoder.layers.2.self_attn.q_proj.weight
[2025-11-18 14:16:14,194][__main__][INFO] -   - strategist.vision_backbone.vision_encoder.layers.2.self_attn.v_proj.bias
[2025-11-18 14:16:14,195][__main__][INFO] -   - strategist.vision_backbone.vision_encoder.layers.2.self_attn.v_proj.weight
[2025-11-18 14:16:14,196][__main__][INFO] -   - strategist.vision_backbone.vision_encoder.layers.3.layer_norm1.bias
[2025-11-18 14:16:14,197][__main__][INFO] -   - strategist.vision_backbone.vision_encoder.layers.3.layer_norm1.weight
[2025-11-18 14:16:14,198][__main__][INFO] -   - strategist.vision_backbone.vision_encoder.layers.3.layer_norm2.bias
[2025-11-18 14:16:14,199][__main__][INFO] -   - strategist.vision_backbone.vision_encoder.layers.3.layer_norm2.weight
[2025-11-18 14:16:14,199][__main__][INFO] -   - strategist.vision_backbone.vision_encoder.layers.3.mlp.fc1.bias
[2025-11-18 14:16:14,204][__main__][INFO] -   - strategist.vision_backbone.vision_encoder.layers.3.mlp.fc1.weight
[2025-11-18 14:16:14,204][__main__][INFO] -   - strategist.vision_backbone.vision_encoder.layers.3.mlp.fc2.bias
[2025-11-18 14:16:14,205][__main__][INFO] -   - strategist.vision_backbone.vision_encoder.layers.3.mlp.fc2.weight
[2025-11-18 14:16:14,206][__main__][INFO] -   - strategist.vision_backbone.vision_encoder.layers.3.self_attn.k_proj.bias
[2025-11-18 14:16:14,206][__main__][INFO] -   - strategist.vision_backbone.vision_encoder.layers.3.self_attn.k_proj.weight
[2025-11-18 14:16:14,207][__main__][INFO] -   - strategist.vision_backbone.vision_encoder.layers.3.self_attn.out_proj.bias
[2025-11-18 14:16:14,208][__main__][INFO] -   - strategist.vision_backbone.vision_encoder.layers.3.self_attn.out_proj.weight
[2025-11-18 14:16:14,209][__main__][INFO] -   - strategist.vision_backbone.vision_encoder.layers.3.self_attn.q_proj.bias
[2025-11-18 14:16:14,210][__main__][INFO] -   - strategist.vision_backbone.vision_encoder.layers.3.self_attn.q_proj.weight
[2025-11-18 14:16:14,210][__main__][INFO] -   - strategist.vision_backbone.vision_encoder.layers.3.self_attn.v_proj.bias
[2025-11-18 14:16:14,211][__main__][INFO] -   - strategist.vision_backbone.vision_encoder.layers.3.self_attn.v_proj.weight
[2025-11-18 14:16:14,211][__main__][INFO] -   - strategist.vision_backbone.vision_encoder.layers.4.layer_norm1.bias
[2025-11-18 14:16:14,212][__main__][INFO] -   - strategist.vision_backbone.vision_encoder.layers.4.layer_norm1.weight
[2025-11-18 14:16:14,213][__main__][INFO] -   - strategist.vision_backbone.vision_encoder.layers.4.layer_norm2.bias
[2025-11-18 14:16:14,214][__main__][INFO] -   - strategist.vision_backbone.vision_encoder.layers.4.layer_norm2.weight
[2025-11-18 14:16:14,216][__main__][INFO] -   - strategist.vision_backbone.vision_encoder.layers.4.mlp.fc1.bias
[2025-11-18 14:16:14,217][__main__][INFO] -   - strategist.vision_backbone.vision_encoder.layers.4.mlp.fc1.weight
[2025-11-18 14:16:14,218][__main__][INFO] -   - strategist.vision_backbone.vision_encoder.layers.4.mlp.fc2.bias
[2025-11-18 14:16:14,218][__main__][INFO] -   - strategist.vision_backbone.vision_encoder.layers.4.mlp.fc2.weight
[2025-11-18 14:16:14,220][__main__][INFO] -   - strategist.vision_backbone.vision_encoder.layers.4.self_attn.k_proj.bias
[2025-11-18 14:16:14,220][__main__][INFO] -   - strategist.vision_backbone.vision_encoder.layers.4.self_attn.k_proj.weight
[2025-11-18 14:16:14,222][__main__][INFO] -   - strategist.vision_backbone.vision_encoder.layers.4.self_attn.out_proj.bias
[2025-11-18 14:16:14,222][__main__][INFO] -   - strategist.vision_backbone.vision_encoder.layers.4.self_attn.out_proj.weight
[2025-11-18 14:16:14,223][__main__][INFO] -   - strategist.vision_backbone.vision_encoder.layers.4.self_attn.q_proj.bias
[2025-11-18 14:16:14,223][__main__][INFO] -   - strategist.vision_backbone.vision_encoder.layers.4.self_attn.q_proj.weight
[2025-11-18 14:16:14,224][__main__][INFO] -   - strategist.vision_backbone.vision_encoder.layers.4.self_attn.v_proj.bias
[2025-11-18 14:16:14,225][__main__][INFO] -   - strategist.vision_backbone.vision_encoder.layers.4.self_attn.v_proj.weight
[2025-11-18 14:16:14,226][__main__][INFO] -   - strategist.vision_backbone.vision_encoder.layers.5.layer_norm1.bias
[2025-11-18 14:16:14,227][__main__][INFO] -   - strategist.vision_backbone.vision_encoder.layers.5.layer_norm1.weight
[2025-11-18 14:16:14,227][__main__][INFO] -   - strategist.vision_backbone.vision_encoder.layers.5.layer_norm2.bias
[2025-11-18 14:16:14,228][__main__][INFO] -   - strategist.vision_backbone.vision_encoder.layers.5.layer_norm2.weight
[2025-11-18 14:16:14,229][__main__][INFO] -   - strategist.vision_backbone.vision_encoder.layers.5.mlp.fc1.bias
[2025-11-18 14:16:14,229][__main__][INFO] -   - strategist.vision_backbone.vision_encoder.layers.5.mlp.fc1.weight
[2025-11-18 14:16:14,230][__main__][INFO] -   - strategist.vision_backbone.vision_encoder.layers.5.mlp.fc2.bias
[2025-11-18 14:16:14,231][__main__][INFO] -   - strategist.vision_backbone.vision_encoder.layers.5.mlp.fc2.weight
[2025-11-18 14:16:14,231][__main__][INFO] -   - strategist.vision_backbone.vision_encoder.layers.5.self_attn.k_proj.bias
[2025-11-18 14:16:14,232][__main__][INFO] -   - strategist.vision_backbone.vision_encoder.layers.5.self_attn.k_proj.weight
[2025-11-18 14:16:14,233][__main__][INFO] -   - strategist.vision_backbone.vision_encoder.layers.5.self_attn.out_proj.bias
[2025-11-18 14:16:14,234][__main__][INFO] -   - strategist.vision_backbone.vision_encoder.layers.5.self_attn.out_proj.weight
[2025-11-18 14:16:14,236][__main__][INFO] -   - strategist.vision_backbone.vision_encoder.layers.5.self_attn.q_proj.bias
[2025-11-18 14:16:14,238][__main__][INFO] -   - strategist.vision_backbone.vision_encoder.layers.5.self_attn.q_proj.weight
[2025-11-18 14:16:14,239][__main__][INFO] -   - strategist.vision_backbone.vision_encoder.layers.5.self_attn.v_proj.bias
[2025-11-18 14:16:14,239][__main__][INFO] -   - strategist.vision_backbone.vision_encoder.layers.5.self_attn.v_proj.weight
[2025-11-18 14:16:14,240][__main__][INFO] -   - strategist.vision_backbone.vision_encoder.layers.6.layer_norm1.bias
[2025-11-18 14:16:14,241][__main__][INFO] -   - strategist.vision_backbone.vision_encoder.layers.6.layer_norm1.weight
[2025-11-18 14:16:14,242][__main__][INFO] -   - strategist.vision_backbone.vision_encoder.layers.6.layer_norm2.bias
[2025-11-18 14:16:14,243][__main__][INFO] -   - strategist.vision_backbone.vision_encoder.layers.6.layer_norm2.weight
[2025-11-18 14:16:14,243][__main__][INFO] -   - strategist.vision_backbone.vision_encoder.layers.6.mlp.fc1.bias
[2025-11-18 14:16:14,244][__main__][INFO] -   - strategist.vision_backbone.vision_encoder.layers.6.mlp.fc1.weight
[2025-11-18 14:16:14,244][__main__][INFO] -   - strategist.vision_backbone.vision_encoder.layers.6.mlp.fc2.bias
[2025-11-18 14:16:14,245][__main__][INFO] -   - strategist.vision_backbone.vision_encoder.layers.6.mlp.fc2.weight
[2025-11-18 14:16:14,245][__main__][INFO] -   - strategist.vision_backbone.vision_encoder.layers.6.self_attn.k_proj.bias
[2025-11-18 14:16:14,247][__main__][INFO] -   - strategist.vision_backbone.vision_encoder.layers.6.self_attn.k_proj.weight
[2025-11-18 14:16:14,247][__main__][INFO] -   - strategist.vision_backbone.vision_encoder.layers.6.self_attn.out_proj.bias
[2025-11-18 14:16:14,248][__main__][INFO] -   - strategist.vision_backbone.vision_encoder.layers.6.self_attn.out_proj.weight
[2025-11-18 14:16:14,248][__main__][INFO] -   - strategist.vision_backbone.vision_encoder.layers.6.self_attn.q_proj.bias
[2025-11-18 14:16:14,249][__main__][INFO] -   - strategist.vision_backbone.vision_encoder.layers.6.self_attn.q_proj.weight
[2025-11-18 14:16:14,249][__main__][INFO] -   - strategist.vision_backbone.vision_encoder.layers.6.self_attn.v_proj.bias
[2025-11-18 14:16:14,250][__main__][INFO] -   - strategist.vision_backbone.vision_encoder.layers.6.self_attn.v_proj.weight
[2025-11-18 14:16:14,250][__main__][INFO] -   - strategist.vision_backbone.vision_encoder.layers.7.layer_norm1.bias
[2025-11-18 14:16:14,252][__main__][INFO] -   - strategist.vision_backbone.vision_encoder.layers.7.layer_norm1.weight
[2025-11-18 14:16:14,253][__main__][INFO] -   - strategist.vision_backbone.vision_encoder.layers.7.layer_norm2.bias
[2025-11-18 14:16:14,253][__main__][INFO] -   - strategist.vision_backbone.vision_encoder.layers.7.layer_norm2.weight
[2025-11-18 14:16:14,254][__main__][INFO] -   - strategist.vision_backbone.vision_encoder.layers.7.mlp.fc1.bias
[2025-11-18 14:16:14,255][__main__][INFO] -   - strategist.vision_backbone.vision_encoder.layers.7.mlp.fc1.weight
[2025-11-18 14:16:14,256][__main__][INFO] -   - strategist.vision_backbone.vision_encoder.layers.7.mlp.fc2.bias
[2025-11-18 14:16:14,257][__main__][INFO] -   - strategist.vision_backbone.vision_encoder.layers.7.mlp.fc2.weight
[2025-11-18 14:16:14,258][__main__][INFO] -   - strategist.vision_backbone.vision_encoder.layers.7.self_attn.k_proj.bias
[2025-11-18 14:16:14,259][__main__][INFO] -   - strategist.vision_backbone.vision_encoder.layers.7.self_attn.k_proj.weight
[2025-11-18 14:16:14,260][__main__][INFO] -   - strategist.vision_backbone.vision_encoder.layers.7.self_attn.out_proj.bias
[2025-11-18 14:16:14,261][__main__][INFO] -   - strategist.vision_backbone.vision_encoder.layers.7.self_attn.out_proj.weight
[2025-11-18 14:16:14,261][__main__][INFO] -   - strategist.vision_backbone.vision_encoder.layers.7.self_attn.q_proj.bias
[2025-11-18 14:16:14,266][__main__][INFO] -   - strategist.vision_backbone.vision_encoder.layers.7.self_attn.q_proj.weight
[2025-11-18 14:16:14,266][__main__][INFO] -   - strategist.vision_backbone.vision_encoder.layers.7.self_attn.v_proj.bias
[2025-11-18 14:16:14,267][__main__][INFO] -   - strategist.vision_backbone.vision_encoder.layers.7.self_attn.v_proj.weight
[2025-11-18 14:16:14,268][__main__][INFO] -   - strategist.vision_backbone.vision_encoder.layers.8.layer_norm1.bias
[2025-11-18 14:16:14,268][__main__][INFO] -   - strategist.vision_backbone.vision_encoder.layers.8.layer_norm1.weight
[2025-11-18 14:16:14,269][__main__][INFO] -   - strategist.vision_backbone.vision_encoder.layers.8.layer_norm2.bias
[2025-11-18 14:16:14,270][__main__][INFO] -   - strategist.vision_backbone.vision_encoder.layers.8.layer_norm2.weight
[2025-11-18 14:16:14,271][__main__][INFO] -   - strategist.vision_backbone.vision_encoder.layers.8.mlp.fc1.bias
[2025-11-18 14:16:14,272][__main__][INFO] -   - strategist.vision_backbone.vision_encoder.layers.8.mlp.fc1.weight
[2025-11-18 14:16:14,272][__main__][INFO] -   - strategist.vision_backbone.vision_encoder.layers.8.mlp.fc2.bias
[2025-11-18 14:16:14,273][__main__][INFO] -   - strategist.vision_backbone.vision_encoder.layers.8.mlp.fc2.weight
[2025-11-18 14:16:14,273][__main__][INFO] -   - strategist.vision_backbone.vision_encoder.layers.8.self_attn.k_proj.bias
[2025-11-18 14:16:14,274][__main__][INFO] -   - strategist.vision_backbone.vision_encoder.layers.8.self_attn.k_proj.weight
[2025-11-18 14:16:14,276][__main__][INFO] -   - strategist.vision_backbone.vision_encoder.layers.8.self_attn.out_proj.bias
[2025-11-18 14:16:14,277][__main__][INFO] -   - strategist.vision_backbone.vision_encoder.layers.8.self_attn.out_proj.weight
[2025-11-18 14:16:14,278][__main__][INFO] -   - strategist.vision_backbone.vision_encoder.layers.8.self_attn.q_proj.bias
[2025-11-18 14:16:14,279][__main__][INFO] -   - strategist.vision_backbone.vision_encoder.layers.8.self_attn.q_proj.weight
[2025-11-18 14:16:14,280][__main__][INFO] -   - strategist.vision_backbone.vision_encoder.layers.8.self_attn.v_proj.bias
[2025-11-18 14:16:14,281][__main__][INFO] -   - strategist.vision_backbone.vision_encoder.layers.8.self_attn.v_proj.weight
[2025-11-18 14:16:14,281][__main__][INFO] -   - strategist.vision_backbone.vision_encoder.layers.9.layer_norm1.bias
[2025-11-18 14:16:14,282][__main__][INFO] -   - strategist.vision_backbone.vision_encoder.layers.9.layer_norm1.weight
[2025-11-18 14:16:14,283][__main__][INFO] -   - strategist.vision_backbone.vision_encoder.layers.9.layer_norm2.bias
[2025-11-18 14:16:14,283][__main__][INFO] -   - strategist.vision_backbone.vision_encoder.layers.9.layer_norm2.weight
[2025-11-18 14:16:14,287][__main__][INFO] -   - strategist.vision_backbone.vision_encoder.layers.9.mlp.fc1.bias
[2025-11-18 14:16:14,288][__main__][INFO] -   - strategist.vision_backbone.vision_encoder.layers.9.mlp.fc1.weight
[2025-11-18 14:16:14,289][__main__][INFO] -   - strategist.vision_backbone.vision_encoder.layers.9.mlp.fc2.bias
[2025-11-18 14:16:14,289][__main__][INFO] -   - strategist.vision_backbone.vision_encoder.layers.9.mlp.fc2.weight
[2025-11-18 14:16:14,290][__main__][INFO] -   - strategist.vision_backbone.vision_encoder.layers.9.self_attn.k_proj.bias
[2025-11-18 14:16:14,291][__main__][INFO] -   - strategist.vision_backbone.vision_encoder.layers.9.self_attn.k_proj.weight
[2025-11-18 14:16:14,292][__main__][INFO] -   - strategist.vision_backbone.vision_encoder.layers.9.self_attn.out_proj.bias
[2025-11-18 14:16:14,293][__main__][INFO] -   - strategist.vision_backbone.vision_encoder.layers.9.self_attn.out_proj.weight
[2025-11-18 14:16:14,293][__main__][INFO] -   - strategist.vision_backbone.vision_encoder.layers.9.self_attn.q_proj.bias
[2025-11-18 14:16:14,294][__main__][INFO] -   - strategist.vision_backbone.vision_encoder.layers.9.self_attn.q_proj.weight
[2025-11-18 14:16:14,295][__main__][INFO] -   - strategist.vision_backbone.vision_encoder.layers.9.self_attn.v_proj.bias
[2025-11-18 14:16:14,295][__main__][INFO] -   - strategist.vision_backbone.vision_encoder.layers.9.self_attn.v_proj.weight
[2025-11-18 14:16:14,297][__main__][INFO] -   - strategist.vision_backbone.vision_head.attention.in_proj_bias
[2025-11-18 14:16:14,300][__main__][INFO] -   - strategist.vision_backbone.vision_head.attention.in_proj_weight
[2025-11-18 14:16:14,300][__main__][INFO] -   - strategist.vision_backbone.vision_head.attention.out_proj.bias
[2025-11-18 14:16:14,301][__main__][INFO] -   - strategist.vision_backbone.vision_head.attention.out_proj.weight
[2025-11-18 14:16:14,302][__main__][INFO] -   - strategist.vision_backbone.vision_head.layernorm.bias
[2025-11-18 14:16:14,303][__main__][INFO] -   - strategist.vision_backbone.vision_head.layernorm.weight
[2025-11-18 14:16:14,304][__main__][INFO] -   - strategist.vision_backbone.vision_head.mlp.fc1.bias
[2025-11-18 14:16:14,305][__main__][INFO] -   - strategist.vision_backbone.vision_head.mlp.fc1.weight
[2025-11-18 14:16:14,306][__main__][INFO] -   - strategist.vision_backbone.vision_head.mlp.fc2.bias
[2025-11-18 14:16:14,307][__main__][INFO] -   - strategist.vision_backbone.vision_head.mlp.fc2.weight
[2025-11-18 14:16:14,307][__main__][INFO] -   - strategist.vision_backbone.vision_head.probe
[2025-11-18 14:16:14,308][__main__][INFO] -   - strategist.vision_backbone.vision_post_layernorm.bias
[2025-11-18 14:16:14,309][__main__][INFO] -   - strategist.vision_backbone.vision_post_layernorm.weight
[2025-11-18 14:16:14,309][__main__][INFO] - --- Migration Complete ---
[2025-11-18 14:16:14,327][__main__][INFO] - Found EMA weights in warm-start checkpoint, attempting migration...
[2025-11-18 14:16:14,406][__main__][INFO] - Warm-start EMA weights restored.
[2025-11-18 14:16:15,598][__main__][INFO] - Loading TRAINING dataset from: C:/Users/Hellx/Documents/Programming/python/Project/redhot/data/validation/validation_dataset.lmdb
[2025-11-18 14:16:15,599][utils.ego_planner_dataset][INFO] - Initializing EgoPlannerDataset (Definitive Patched Version, use_aug=False)
[2025-11-18 14:16:15,600][utils.expert_dataset][INFO] - Loading index from C:\Users\Hellx\Documents\Programming\python\Project\redhot\data\validation\validation_dataset_index.json...
[2025-11-18 14:16:15,602][utils.expert_dataset][INFO] - Loaded 10 episodes, 2580 total valid chunks (Virtually Indexed).
[2025-11-18 14:16:15,602][utils.ego_planner_dataset][INFO] - Building explicit sample index map for robust indexing...
[2025-11-18 14:16:15,605][utils.ego_planner_dataset][INFO] - Successfully initialized. Found 2580 valid samples across 10 episodes.
[2025-11-18 14:16:15,606][__main__][INFO] - Loading VALIDATION dataset from: C:/Users/Hellx/Documents/Programming/python/Project/redhot/data/validation/validation_dataset.lmdb
[2025-11-18 14:16:15,607][utils.ego_planner_dataset][INFO] - Initializing EgoPlannerDataset (Definitive Patched Version, use_aug=False)
[2025-11-18 14:16:15,608][utils.expert_dataset][INFO] - Loading index from C:\Users\Hellx\Documents\Programming\python\Project\redhot\data\validation\validation_dataset_index.json...
[2025-11-18 14:16:15,611][utils.expert_dataset][INFO] - Loaded 10 episodes, 2580 total valid chunks (Virtually Indexed).
[2025-11-18 14:16:15,615][utils.ego_planner_dataset][INFO] - Building explicit sample index map for robust indexing...
[2025-11-18 14:16:15,616][utils.ego_planner_dataset][INFO] - Successfully initialized. Found 2580 valid samples across 10 episodes.
[2025-11-18 14:16:15,619][__main__][INFO] - Moving noise scheduler to device: cpu
[2025-11-18 14:16:15,620][__main__][INFO] - Moving EMA model to device: cpu
[2025-11-18 14:16:15,637][__main__][INFO] - Configuring optimizer with corrected parameter groups...
[2025-11-18 14:16:15,640][__main__][INFO] - Using differential LR: Backbone LR = 0.0001, Other Params LR = 1e-05
[2025-11-18 14:16:15,642][utils.samplers][INFO] - Building episode-to-index map for sampler...
[2025-11-18 14:16:15,655][utils.samplers][INFO] - Map building complete.
[2025-11-18 14:16:15,656][__main__][INFO] - Using EpisodeAwareSampler for training to optimize I/O.
