[2025-10-26 20:20:22,331][__main__][INFO] - ----------- RL Fine-tuning Configuration -----------
[2025-10-26 20:20:22,335][__main__][INFO] - seed: 42
device: cpu
pretrained_policy_path: C:/Users/Hellx/Documents/Programming/python/Project/dgpo/outputs/diffusion_pretrain/v1/2025-10-25/00-16-18/checkpoints/backup/backup_epoch_19.pth
dataset:
  path: C:/Users/Hellx/Documents/Programming/python/Project/dgpo/data/validation/sota_dataset/expert_validation_run_99914b93.lmdb
  num_workers: 0
environment:
  xml_path: envs/panda_pick_place.xml
  n_envs: 2
  max_episode_steps: 500
model:
  observation_horizon: 2
  action_horizon: 8
  action_dim: 8
  image_feat_dim: 128
  d_model: 128
  denoiser_layers: 4
  denoiser_heads: 4
  proprio_dim: 22
scheduler:
  schedule: cosine
  timesteps: 100
  beta_start: 0.0001
  beta_end: 0.02
training:
  total_timesteps: 200000
  curriculum_total_episodes: 2000
  gradient_accumulation_steps: 1
  use_torch_compile: false
  use_reweighted_bc_actor_loss: true
rl_algorithm:
  buffer_size: 12000
  learning_starts: 500
  batch_size: 128
  gamma: 0.98
  tau: 0.005
  policy_delay: 2
  policy_noise: 0.2
  noise_clip: 0.5
  exploration_noise: 0.1
  guidance_scale: 1.5
  sampling_steps: 4
  critic_net_arch:
  - 512
  - 512
  use_critic_layernorm: true
  critic_use_last_feature: false
  actor_loss_beta: 10.0
optimizer:
  actor_lr: 0.0001
  critic_lr: 0.0003
  actor_weight_decay: 0.0001
  critic_weight_decay: 0.0001
  actor_grad_clip_norm: 1.0
  critic_grad_clip_norm: null
logging:
  use_wandb: false
  wandb_project: dgpo_rl_finetune_v1
  wandb_run_name: null
  log_interval_steps: 800
  eval_freq: 3000
  n_eval_episodes: 1
  video_log_freq: 3
  video_fps: 20

[2025-10-26 20:20:22,336][__main__][INFO] - --------------------------------------------------
[2025-10-26 20:20:22,342][__main__][INFO] - Global seed set to 42
[2025-10-26 20:20:22,342][__main__][INFO] - Output directory: C:\Users\Hellx\Documents\Programming\python\Project\dgpo\outputs\rl_finetune\2025-10-26\20-20-22
[2025-10-26 20:20:22,349][__main__][INFO] - Initializing 2 parallel training environments...
[2025-10-26 20:20:22,350][__main__][WARNING] - [SAFEGUARD] Detected Windows OS. SubprocVecEnv uses 'spawn' multiprocessing which often breaks with PyTorch/CuDNN/MuJoCo. Falling back to DummyVecEnv.
[2025-10-26 20:20:25,340][__main__][INFO] - [ENV INIT] rank=0 is_eval=False seed=42
[2025-10-26 20:20:26,123][__main__][INFO] - [ENV INIT] rank=1 is_eval=False seed=43
[2025-10-26 20:20:26,123][__main__][INFO] - [ENV BUILDER] Created 2 env(s) using DummyVecEnv in 3.773s on Windows | CUDA=OFF
[2025-10-26 20:20:26,124][__main__][INFO] - Initializing 1 parallel envs for evaluation stats...
[2025-10-26 20:20:26,909][__main__][INFO] - [ENV INIT] rank=0 is_eval=True seed=1042
[2025-10-26 20:20:26,910][__main__][INFO] - [ENV BUILDER] Created 1 env(s) using DummyVecEnv in 0.786s on Windows | CUDA=OFF
[2025-10-26 20:20:26,910][__main__][INFO] - Initializing single environment for video recording...
[2025-10-26 20:20:27,770][__main__][INFO] - [ENV INIT] rank=0 is_eval=True seed=1042
[2025-10-26 20:20:27,771][__main__][INFO] - [ENV BUILDER] Created 1 env(s) using DummyVecEnv in 0.860s on Windows | CUDA=OFF
[2025-10-26 20:20:27,783][__main__][INFO] - Initializing Replay Buffer...
[2025-10-26 20:20:27,791][__main__][INFO] - Using sb3_contrib.common.buffers.DictReplayBuffer.
[2025-10-26 20:20:27,792][utils.expert_dataset][INFO] - Loading index from C:\Users\Hellx\Documents\Programming\python\Project\dgpo\data\validation\sota_dataset\expert_validation_run_99914b93_index.json...
[2025-10-26 20:20:27,793][utils.expert_dataset][INFO] - Loaded 12 episodes, 2945 total valid chunks (Virtually Indexed).
[2025-10-26 20:20:27,794][__main__][INFO] - Building RL models and loading pre-trained actor...
[2025-10-26 20:20:27,795][__main__][INFO] - Inferred proprioception dimension from expert dataset: 22
[2025-10-26 20:20:28,252][models.diffusion_policy][INFO] - State-of-the-art DiffusionPolicy initialized on device: cpu
[2025-10-26 20:20:28,252][models.diffusion_policy][INFO] - Loading model checkpoint from C:\Users\Hellx\Documents\Programming\python\Project\dgpo\outputs\diffusion_pretrain\v1\2025-10-25\00-16-18\checkpoints\backup\backup_epoch_19.pth
[2025-10-26 20:20:28,466][__main__][INFO] - Successfully loaded pre-trained diffusion policy from C:\Users\Hellx\Documents\Programming\python\Project\dgpo\outputs\diffusion_pretrain\v1\2025-10-25\00-16-18\checkpoints\backup\backup_epoch_19.pth
[2025-10-26 20:20:28,466][__main__][INFO] - DiffusionActor initialized with guidance_scale=1.5, sampling_steps=4
[2025-10-26 20:20:28,894][models.diffusion_policy][INFO] - State-of-the-art DiffusionPolicy initialized on device: cpu
[2025-10-26 20:20:28,916][__main__][INFO] - DiffusionActor initialized with guidance_scale=1.5, sampling_steps=4
[2025-10-26 20:20:28,919][__main__][INFO] - Actor and Target Actor created.
[2025-10-26 20:20:29,394][__main__][INFO] - Critic MLP built with hidden_dims=[512, 512], use_layernorm=True
[2025-10-26 20:20:29,395][__main__][INFO] - Critic using features from averaged history.
[2025-10-26 20:20:29,910][__main__][INFO] - Critic MLP built with hidden_dims=[512, 512], use_layernorm=True
[2025-10-26 20:20:29,911][__main__][INFO] - Critic using features from averaged history.
[2025-10-26 20:20:29,948][__main__][INFO] - Critic and Target Critic created with DECOUPLED encoders.
[2025-10-26 20:20:29,950][__main__][INFO] - Optimizers created. Critic optimizer targets Q-networks only.
[2025-10-26 20:20:29,951][__main__][INFO] - CosineAnnealingLR schedulers created.
[2025-10-26 20:20:29,951][__main__][INFO] - No checkpoint found at specified path. Starting training from scratch.
[2025-10-26 20:20:29,951][__main__][INFO] - Starting RL fine-tuning...
[2025-10-26 20:23:01,816][lmdb_utils][INFO] -  Opened LMDB at C:\Users\Hellx\Documents\Programming\python\Project\dgpo\data\validation\sota_dataset\expert_validation_run_99914b93.lmdb | mode=RO | file-mode
[2025-10-26 20:23:56,829][__main__][WARNING] - DiffusionPolicy.compute_loss does not accept `weights`. Using un-weighted BC loss for actor update.
[2025-10-26 20:25:11,995][__main__][WARNING] - DiffusionPolicy.compute_loss does not accept `weights`. Using un-weighted BC loss for actor update.
[2025-10-26 20:27:45,781][__main__][WARNING] - DiffusionPolicy.compute_loss does not accept `weights`. Using un-weighted BC loss for actor update.
[2025-10-26 20:29:35,718][__main__][WARNING] - DiffusionPolicy.compute_loss does not accept `weights`. Using un-weighted BC loss for actor update.
