[2025-10-19 16:27:40,000][__main__][INFO] - ----------- RL Fine-tuning Configuration -----------
seed: 42
device: cpu
pretrained_policy_path: notes/checkpoints/best.pth
dataset:
  path: C:/Users/Hellx/Documents/Programming/python/Project/dgpo/data/validation/expert_20251019_011015_6000_samples.lmdb
  num_workers: 0
environment:
  xml_path: envs/panda_pick_place.xml
  n_envs: 1
  max_episode_steps: 500
model:
  observation_horizon: 2
  action_horizon: 8
  action_dim: 8
  image_feat_dim: 256
  d_model: 256
  denoiser_layers: 6
  denoiser_heads: 8
scheduler:
  schedule: cosine
  timesteps: 100
  beta_start: 0.0001
  beta_end: 0.02
training:
  total_timesteps: 2000
  curriculum_total_episodes: 2000
rl_algorithm:
  buffer_size: 5000
  learning_starts: 1000
  batch_size: 256
  gamma: 0.98
  tau: 0.005
  policy_delay: 2
  policy_noise: 0.2
  noise_clip: 0.5
  exploration_noise: 0.1
  guidance_scale: 1.5
optimizer:
  actor_lr: 0.0001
  critic_lr: 0.0003
logging:
  use_wandb: false
  wandb_project: dgpo_rl_finetune
  wandb_run_name: null
  log_interval_steps: 100
  eval_freq: 1000
  n_eval_episodes: 5
  video_log_freq: 1

[2025-10-19 16:27:40,017][__main__][INFO] - Global seed set to 42
[2025-10-19 16:27:40,018][__main__][INFO] - Output directory: C:\Users\Hellx\Documents\Programming\python\Project\dgpo\outputs\rl_finetune\2025-10-19\16-27-39
[2025-10-19 16:27:40,027][__main__][INFO] - Initializing 1 vectorized environments...
[2025-10-19 16:27:45,633][lmdb_utils][INFO] -  Opened LMDB at C:\Users\Hellx\Documents\Programming\python\Project\dgpo\data\validation\expert_20251019_011015_6000_samples.lmdb | mode=RO | file-mode
[2025-10-19 16:28:03,319][utils.expert_dataset][INFO] - Loaded expert demos: 40 episodes, 9889 total valid chunks.
[2025-10-19 16:28:03,423][__main__][INFO] - Building RL models and loading pre-trained actor...
[2025-10-19 16:28:03,425][__main__][INFO] - Inferred proprioception dimension: 22
[2025-10-19 16:28:04,565][models.diffusion_policy][INFO] - State-of-the-art DiffusionPolicy initialized on device: cpu
[2025-10-19 16:28:05,452][models.diffusion_policy][INFO] - Loaded model checkpoint from notes\checkpoints\best.pth
[2025-10-19 16:28:05,455][__main__][INFO] - Successfully loaded pre-trained diffusion policy from notes\checkpoints\best.pth
[2025-10-19 16:28:05,726][__main__][INFO] - Starting RL fine-tuning...
[2025-10-19 16:33:08,942][lmdb_utils][INFO] -  Opened LMDB at C:\Users\Hellx\Documents\Programming\python\Project\dgpo\data\validation\expert_20251019_011015_6000_samples.lmdb | mode=RO | file-mode
[2025-10-19 16:39:45,095][lmdb_utils][INFO] -  LMDB environment closed successfully.
