[2025-11-01 00:40:52,690][__main__][INFO] - ----------- SOTA Planner Training Configuration -----------
[2025-11-01 00:40:52,699][__main__][INFO] - seed: 42
dataset:
  train_path: c:/Users/Hellx/Documents/Programming/python/Project/dgpo/data/training/sota_dataset/expert_training_run_99914b93.lmdb
  val_path: C:/Users/Hellx/Documents/Programming/python/Project/redhot/data/validations/expert_validation_run_99914b93.lmdb
  subgoal_horizon_k: 8
  image_size:
  - 224
  - 224
  img_mean:
  - 0.48145466
  - 0.4578275
  - 0.40821073
  img_std:
  - 0.26862954
  - 0.26130258
  - 0.27577711
  use_random_aug: false
  num_workers: 2
model:
  image_size: 224
  vit_model_name: google/siglip-base-patch16-224
  vit_feature_dim: 768
  freeze_vit: true
  progress_embed_dim: 64
  initialize_unet_from_sd: false
  use_lora: false
  lora_rank: 16
  unet_cross_attention_dim: 768
  unet_block_out_channels:
  - 128
  - 128
  - 256
  - 512
  - 512
  unet_down_block_types:
  - DownBlock2D
  - CrossAttnDownBlock2D
  - CrossAttnDownBlock2D
  - CrossAttnDownBlock2D
  - DownBlock2D
  unet_up_block_types:
  - UpBlock2D
  - CrossAttnUpBlock2D
  - CrossAttnUpBlock2D
  - CrossAttnUpBlock2D
  - UpBlock2D
  unet_attention_head_dim: 8
  condition_drop_prob: 0.1
scheduler:
  timesteps: 50
training:
  batch_size: 4
  val_batch_size: 4
  max_epochs: 200
  use_lpips_loss: true
  lpips_loss_weight: 0.1
  eval_inference_steps: 20
  guidance_scale: 4.0
  use_swa: false
  swa_lrs: 0.0001
  gradient_accumulation_batches: 4
  check_val_every_n_epoch: 5
  run_full_validation_every_n_epoch: 5
  limit_lpips_batches: 50
  save_top_k_checkpoints: 3
  resume_from_checkpoint: C:/Users/Hellx/Documents/Programming/python/Project/redhot/notes/checkpoints/backup_epoch_7.ckpt
  max_steps: -1
optimizer:
  lr: 0.0001
  weight_decay: 1.0e-05
  gradient_clip_val: 1.0
  find_lr: false
  warmup_steps: 0.05
trainer:
  accelerator: cuda
  devices: auto
  precision: 16-mixed
logging:
  use_tensorboard: true
  use_wandb: false
  wandb_project: vidhis_planner_train
  wandb_run_name: null
  wandb_log_model: false
  wandb_watch_log_freq: 100
  log_every_n_steps: 50
  progress_bar_refresh_rate: 10

[2025-11-01 00:40:52,723][__main__][INFO] - -----------------------------------------------------------
[2025-11-01 00:40:52,747][models.planner][INFO] - Initializing VisualPlannerDiffusion with Vision Encoder: google/siglip-base-patch16-224
[2025-11-01 00:40:54,031][huggingface_hub.file_download][WARNING] - Xet Storage is enabled for this repo, but the 'hf_xet' package is not installed. Falling back to regular HTTP download. For better performance, install the package with: `pip install huggingface_hub[hf_xet]` or `pip install hf_xet`
