[2025-11-01 17:09:57,154][__main__][INFO] - seed: 42
model:
  action_dim: 7
  proprio_dim: 22
  action_horizon: 8
  obs_horizon: 2
  vision_backbone_model: google/siglip-base-patch16-224
  vision_feature_dim: 768
  fusion_transformer_layers: 4
  fusion_transformer_heads: 8
  resnet_feature_dim: 256
  pilot_d_model: 512
  denoiser_layers: 6
  denoiser_heads: 8
  p_plan_drop: 0.1
  p_obs_drop: 0.1
scheduler:
  timesteps: 100
  beta_schedule: cosine
  beta_start: 0.0001
  beta_end: 0.02
dataset:
  train_path: /content/drive/MyDrive/pda/data/validation/sota_dataset/expert_validation_run_99914b93.lmdb
  val_path: /content/drive/MyDrive/pda/data/validation/sota_dataset/expert_validation_run_99914b93.lmdb
  num_workers: 2
  use_aug: false
training:
  batch_size: 64
  val_batch_size: ${training.batch_size}
  ema_decay: 0.999
  use_activation_checkpointing: true
  use_swa: false
  swa_lrs: 1.0e-05
  resume_from_checkpoint: null
validation:
  run_full_validation_every_n_epoch: 5
  sampling_steps: 30
  guidance_scale_plan: 7.5
  guidance_scale_obs: 1.5
optimizer:
  lr: 0.0001
  weight_decay: 1.0e-06
  warmup_steps: 0.05
  gradient_clip_val: 1.0
trainer:
  accelerator: cpu
  devices: 1
  precision: 16-mixed
  max_epochs: 1000
  check_val_every_n_epoch: 1
  accumulate_grad_batches: 1
logging:
  use_wandb: true
  wandb_project: ego_planner_v4
  wandb_run_name: null
  log_every_n_steps: 50
  wandb_mode: offline

[2025-11-01 17:09:57,178][models.ego_planner][INFO] - [Strategist] Initializing ViT backbone: google/siglip-base-patch16-224
[2025-11-01 17:09:58,730][models.ego_planner][INFO] - [Strategist] Derived configuration: image_size=224, patch_size=16, num_patches=196.
[2025-11-01 17:09:58,823][models.ego_planner][INFO] - [Pilot] Activation Checkpointing: Enabled
[2025-11-01 17:10:01,878][models.ego_planner][INFO] - EgoPlanner v5 (Definitive & Audited) model initialized.
[2025-11-01 17:10:02,151][__main__][INFO] - Definitive SOTA EgoPlannerLightningModule initialized.
[2025-11-01 17:10:03,481][__main__][INFO] - Loading TRAINING dataset from: /content/drive/MyDrive/pda/data/validation/sota_dataset/expert_validation_run_99914b93.lmdb
[2025-11-01 17:10:03,483][utils.ego_planner_dataset][INFO] - Initializing EgoPlannerDataset v4 (use_aug=False) with H_o=2, H_a=8
[2025-11-01 17:10:03,494][__main__][WARNING] - Training interrupted or failed: Missing required index file: \content\drive\MyDrive\pda\data\validation\sota_dataset\expert_validation_run_99914b93_index.json
Please regenerate your dataset with the new ExpertDatasetWriter.
Traceback (most recent call last):
  File "C:\Users\Hellx\Documents\Programming\python\Project\redhot\s10.py", line 323, in main
    trainer.fit(model, datamodule=datamodule, ckpt_path=cfg.training.resume_from_checkpoint)
  File "C:\Users\Hellx\Documents\Programming\python\Project\dgpo_project\venv\lib\site-packages\pytorch_lightning\trainer\trainer.py", line 560, in fit
    call._call_and_handle_interrupt(
  File "C:\Users\Hellx\Documents\Programming\python\Project\dgpo_project\venv\lib\site-packages\pytorch_lightning\trainer\call.py", line 49, in _call_and_handle_interrupt
    return trainer_fn(*args, **kwargs)
  File "C:\Users\Hellx\Documents\Programming\python\Project\dgpo_project\venv\lib\site-packages\pytorch_lightning\trainer\trainer.py", line 598, in _fit_impl
    self._run(model, ckpt_path=ckpt_path)
  File "C:\Users\Hellx\Documents\Programming\python\Project\dgpo_project\venv\lib\site-packages\pytorch_lightning\trainer\trainer.py", line 973, in _run
    call._call_setup_hook(self)  # allow user to set up LightningModule in accelerator environment
  File "C:\Users\Hellx\Documents\Programming\python\Project\dgpo_project\venv\lib\site-packages\pytorch_lightning\trainer\call.py", line 108, in _call_setup_hook
    _call_lightning_datamodule_hook(trainer, "setup", stage=fn)
  File "C:\Users\Hellx\Documents\Programming\python\Project\dgpo_project\venv\lib\site-packages\pytorch_lightning\trainer\call.py", line 199, in _call_lightning_datamodule_hook
    return fn(*args, **kwargs)
  File "C:\Users\Hellx\Documents\Programming\python\Project\redhot\s10.py", line 65, in setup
    self.train_dataset = EgoPlannerDataset(
  File "C:\Users\Hellx\Documents\Programming\python\Project\redhot\utils\ego_planner_dataset.py", line 75, in __init__
    self.expert_reader = ExpertTrajectoryDataset(
  File "C:\Users\Hellx\Documents\Programming\python\Project\redhot\utils\expert_dataset.py", line 323, in __init__
    raise FileNotFoundError(
FileNotFoundError: Missing required index file: \content\drive\MyDrive\pda\data\validation\sota_dataset\expert_validation_run_99914b93_index.json
Please regenerate your dataset with the new ExpertDatasetWriter.
[2025-11-01 17:10:03,509][__main__][INFO] - Attempting to save a final 'interrupted.ckpt'...
[2025-11-01 17:10:05,974][__main__][INFO] - Final checkpoint saved successfully to C:\Users\Hellx\Documents\Programming\python\Project\redhot\outputs\2025-11-01\17-09-57\checkpoints\interrupted.ckpt
