[2025-11-05 14:05:02,852][__main__][INFO] - --- UHP v2.0 Hierarchical Visual Evaluation ---
[2025-11-05 14:05:02,853][__main__][INFO] - Full evaluation config:
checkpoint_path: C:\Users\Hellx\Documents\Programming\python\Project\redhot\notes\checkpoints\backup_epoch_31.ckpt
output_video: evaluation_uhp.mp4
seed: 43
num_episodes: 1
inference:
  inference_steps: 20

[2025-11-05 14:05:02,862][__main__][INFO] - Loading Lightning checkpoint from: C:\Users\Hellx\Documents\Programming\python\Project\redhot\notes\checkpoints\backup_epoch_31.ckpt
[2025-11-05 14:05:04,069][models.uhp][INFO] - Initializing the UHP Orchestrator...
[2025-11-05 14:05:04,070][models.uhp][INFO] - Initializing Sequencer with backbone: google/siglip-base-patch16-224
[2025-11-05 14:05:04,943][models.uhp][INFO] - Determined vision model hidden dimension: 768
[2025-11-05 14:05:05,060][models.uhp][INFO] - Initializing Executor with hidden_dim: 512
[2025-11-05 14:05:05,925][models.uhp][INFO] - UHP Orchestrator initialized successfully.
[2025-11-05 14:05:07,607][train.train_uhp][INFO] - UHPLightningModule initialized successfully.
[2025-11-05 14:05:07,712][train.train_uhp][INFO] - Successfully loaded EMA weights from checkpoint.
[2025-11-05 14:05:07,713][train.train_uhp][INFO] - Successfully loaded normalizers from checkpoint into LightningModule.
[2025-11-05 14:05:07,713][train.train_uhp][INFO] - Successfully loaded kinematic limits from checkpoint.
[2025-11-05 14:05:08,111][__main__][INFO] - EMA weights successfully applied for inference.
[2025-11-05 14:05:08,115][__main__][INFO] - LightningModule loaded successfully and set to eval mode.
[2025-11-05 14:05:11,886][__main__][INFO] - Phase change at step 0: -1 -> 0. Re-planning...
