[2025-11-15 17:01:11,939][__main__][INFO] - --- UHP v2.0 Hierarchical Visual Evaluation (SOTA Patched) ---
[2025-11-15 17:01:11,941][__main__][INFO] - Full evaluation config:
checkpoint_path: C:/Users/Hellx/Documents/Programming/python/Project/redhot/notes/checkpoints/v1/backup_epoch_39.ckpt
output_video: evaluation_uhp12.mp4
seed: 43
num_episodes: 1
inference:
  inference_steps: 20
logging:
  enable_video: true
  video_output_path: evaluation_uhp.mp4
  enable_csv_logging: true
  csv_output_path: evaluation_diagnostics.csv

[2025-11-15 17:01:11,960][__main__][INFO] - Loading Lightning checkpoint from: C:/Users/Hellx/Documents/Programming/python/Project/redhot/notes/checkpoints/v1/backup_epoch_39.ckpt
[2025-11-15 17:01:13,289][models.uhp][INFO] - Initializing the UHP Orchestrator...
[2025-11-15 17:01:13,290][models.uhp][INFO] - Initializing Sequencer with backbone: google/siglip-base-patch16-224
[2025-11-15 17:01:14,429][models.uhp][INFO] - Determined vision model hidden dimension: 768
[2025-11-15 17:01:14,536][models.uhp][INFO] - Initializing Executor with hidden_dim: 512
[2025-11-15 17:01:15,318][models.uhp][INFO] - UHP Orchestrator initialized successfully.
[2025-11-15 17:01:17,075][train.train_uhp][INFO] - UHPLightningModule initialized successfully.
[2025-11-15 17:01:17,191][train.train_uhp][INFO] - Successfully loaded EMA weights from checkpoint.
[2025-11-15 17:01:17,191][train.train_uhp][INFO] - Successfully loaded normalizers from checkpoint into LightningModule.
[2025-11-15 17:01:17,192][train.train_uhp][INFO] - Successfully loaded kinematic limits from checkpoint.
[2025-11-15 17:01:17,622][__main__][INFO] - EMA weights successfully extracted and applied for inference.
[2025-11-15 17:01:17,626][__main__][INFO] - LightningModule loaded and set to eval mode.
[2025-11-15 17:01:21,159][__main__][INFO] - Recording video to: evaluation_uhp12.mp4
[2025-11-15 17:01:21,161][__main__][INFO] - Logging diagnostic data to: evaluation_diagnostics.csv
[2025-11-15 17:01:22,172][__main__][INFO] - Step 0: Phase changed from -1 -> 0. Re-planning...
