[2025-11-05 08:20:57,680][__main__][INFO] - --- ViP-C Hierarchical Visual Evaluation ---
[2025-11-05 08:20:57,681][__main__][INFO] - Full evaluation config:
checkpoint_path: C:/Users/Hellx/Documents/Programming/python/Project/redhot/notes/checkpoints/backup_epoch_32.ckpt
output_video: evaluation_videos/vip_c_eval.mp4
seed: 43
num_episodes: 1
inference_steps: 20

[2025-11-05 08:20:57,689][__main__][INFO] - Loading Lightning checkpoint from: C:/Users/Hellx/Documents/Programming/python/Project/redhot/notes/checkpoints/backup_epoch_32.ckpt
[2025-11-05 08:20:59,164][models.vip_c][INFO] - Initializing the ViPC Orchestrator...
[2025-11-05 08:20:59,165][models.vip_c][INFO] - Initializing Planner with backbone: google/siglip-base-patch16-224
[2025-11-05 08:21:00,224][models.vip_c][INFO] - Initializing Controller with hidden_dim: 512
[2025-11-05 08:21:00,908][models.vip_c][INFO] - ViPC Orchestrator initialized successfully.
[2025-11-05 08:21:02,698][train_vip_c][INFO] - ViPCLightningModule initialized successfully.
[2025-11-05 08:21:02,821][train_vip_c][INFO] - Successfully loaded EMA weights from checkpoint.
[2025-11-05 08:21:02,821][train_vip_c][INFO] - Successfully loaded normalizers from checkpoint into LightningModule.
[2025-11-05 08:21:02,822][train_vip_c][INFO] - Successfully loaded kinematic limits from checkpoint.
[2025-11-05 08:21:03,217][__main__][INFO] - EMA weights successfully applied for inference.
[2025-11-05 08:21:03,219][__main__][INFO] - LightningModule loaded successfully and set to eval mode.
[2025-11-05 08:21:03,220][__main__][INFO] - Initializing PandaEnv for evaluation...
[2025-11-05 08:21:06,250][__main__][INFO] - Recording video to: evaluation_videos\vip_c_eval.mp4
[2025-11-05 08:21:06,253][__main__][INFO] - --- Starting Evaluation Episode 1/1 ---
[2025-11-05 08:21:06,736][__main__][INFO] - Phase change detected at step 0: -1 -> 0
[2025-11-05 08:21:07,721][__main__][INFO] - Planner generated new subgoal: [[2.0489097e-06 4.9574010e-05]]
[2025-11-05 08:56:03,119][__main__][INFO] - Episode finished after 500 steps.
[2025-11-05 08:56:03,300][__main__][INFO] - --- Evaluation Complete. Video saved to: C:\Users\Hellx\Documents\Programming\python\Project\redhot\evaluation_videos\vip_c_eval.mp4 ---
