[2025-11-15 20:33:13,899][__main__][INFO] - --- UHP v2.0 Hierarchical Visual Evaluation (SOTA Patched) ---
[2025-11-15 20:33:13,901][__main__][INFO] - Full evaluation config:
checkpoint_path: C:/Users/Hellx/Documents/Programming/python/Project/redhot/notes/checkpoints/v1/backup_epoch_47.ckpt
output_video: evaluation_uhp12.mp4
seed: 45
num_episodes: 1
inference:
  inference_steps: 20
logging:
  enable_video: true
  video_output_path: evaluation_uhp.mp4
  enable_csv_logging: true
  csv_output_path: evaluation_diagnostics.csv

[2025-11-15 20:33:13,908][__main__][INFO] - Loading Lightning checkpoint from: C:/Users/Hellx/Documents/Programming/python/Project/redhot/notes/checkpoints/v1/backup_epoch_47.ckpt
[2025-11-15 20:33:15,256][models.uhp][INFO] - Initializing the UHP Orchestrator...
[2025-11-15 20:33:15,261][models.uhp][INFO] - Initializing Sequencer with backbone: google/siglip-base-patch16-224
[2025-11-15 20:33:16,124][models.uhp][INFO] - Determined vision model hidden dimension: 768
[2025-11-15 20:33:16,249][models.uhp][INFO] - Initializing Executor with hidden_dim: 512
[2025-11-15 20:33:16,989][models.uhp][INFO] - UHP Orchestrator initialized successfully.
[2025-11-15 20:33:17,355][train.train_uhp][INFO] - UHPLightningModule initialized successfully.
[2025-11-15 20:33:17,456][train.train_uhp][INFO] - Successfully loaded EMA weights from checkpoint.
[2025-11-15 20:33:17,456][train.train_uhp][INFO] - Successfully loaded normalizers from checkpoint into LightningModule.
[2025-11-15 20:33:17,457][train.train_uhp][INFO] - Successfully loaded kinematic limits from checkpoint.
[2025-11-15 20:33:17,874][__main__][INFO] - EMA weights successfully extracted and applied for inference.
[2025-11-15 20:33:17,878][__main__][INFO] - LightningModule loaded and set to eval mode.
[2025-11-15 20:33:20,844][__main__][INFO] - Recording video to: evaluation_uhp12.mp4
[2025-11-15 20:33:20,846][__main__][INFO] - Logging diagnostic data to: evaluation_diagnostics.csv
[2025-11-15 20:33:21,798][__main__][INFO] - Step 0: Phase changed from -1 -> 0. Re-planning...
[2025-11-15 20:38:24,948][__main__][INFO] - Episode finished after 98 steps.
[2025-11-15 20:38:25,043][__main__][INFO] - --- Evaluation Complete. ---
