[2025-10-28 19:57:00,965][__main__][INFO] - ----------- RL Fine-tuning Configuration -----------
[2025-10-28 19:57:00,973][__main__][INFO] - seed: 42
device: cpu
run_name: my_first_rl_run
resume_from_ckpt: C:/Users/Hellx/Documents/Programming/python/Project/dgpo/outputs/rl_finetune/my_first_rl_run/2025-10-28_19-11-00/checkpoints/interrupted_checkpoint.pth
pretrained_policy_path: C:/Users/Hellx/Documents/Programming/python/Project/dgpo/outputs/diffusion_pretrain/v1/2025-10-25/00-16-18/checkpoints/backup/backup_epoch_19.pth
dataset:
  path: C:/Users/Hellx/Documents/Programming/python/Project/dgpo/data/validation/sota_dataset/expert_validation_run_99914b93.lmdb
  num_workers: 0
environment:
  xml_path: envs/panda_pick_place.xml
  n_envs: 4
  max_episode_steps: 500
model:
  observation_horizon: 2
  action_horizon: 8
  action_dim: 8
  image_feat_dim: 128
  d_model: 128
  denoiser_layers: 4
  denoiser_heads: 4
  proprio_dim: 22
scheduler:
  schedule: cosine
  timesteps: 100
  beta_start: 0.0001
  beta_end: 0.02
training:
  total_timesteps: 200000
  curriculum_total_episodes: 2000
  gradient_accumulation_steps: 8
  use_torch_compile: false
  use_reweighted_bc_actor_loss: true
rl_algorithm:
  buffer_size: 12000
  learning_starts: 2000
  batch_size: 128
  gamma: 0.98
  tau: 0.005
  policy_delay: 4
  policy_noise: 0.2
  noise_clip: 0.5
  exploration_noise: 0.1
  guidance_scale: 1.5
  sampling_steps: 50
  critic_net_arch:
  - 512
  - 512
  use_critic_layernorm: true
  critic_use_last_feature: false
  actor_loss_beta: 10.0
optimizer:
  actor_lr: 0.0001
  critic_lr: 0.0003
  actor_weight_decay: 0.0001
  critic_weight_decay: 0.0001
  actor_grad_clip_norm: 1.0
  critic_grad_clip_norm: null
logging:
  use_wandb: false
  wandb_project: dgpo_rl_finetune_v1
  wandb_run_name: null
  log_interval_steps: 800
  eval_freq: 2000
  n_eval_episodes: 2
  video_log_freq: 3
  video_fps: 20
  backup_freq_steps: 1000

[2025-10-28 19:57:00,973][__main__][INFO] - --------------------------------------------------
[2025-10-28 19:57:00,978][__main__][INFO] - Global seed set to 42
[2025-10-28 19:57:00,979][__main__][INFO] - Output directory: C:\Users\Hellx\Documents\Programming\python\Project\dgpo\outputs\rl_finetune\my_first_rl_run\2025-10-28_19-57-00
[2025-10-28 19:57:00,983][__main__][INFO] - Initializing 4 parallel training environments...
[2025-10-28 19:57:00,984][__main__][WARNING] - [SAFEGUARD] Detected Windows OS. SubprocVecEnv uses 'spawn' multiprocessing which often breaks with PyTorch/CuDNN/MuJoCo. Falling back to DummyVecEnv.
[2025-10-28 19:57:04,364][__main__][INFO] - [ENV INIT] rank=0 is_eval=False seed=42
[2025-10-28 19:57:05,362][__main__][INFO] - [ENV INIT] rank=1 is_eval=False seed=43
[2025-10-28 19:57:06,241][__main__][INFO] - [ENV INIT] rank=2 is_eval=False seed=44
[2025-10-28 19:57:07,094][__main__][INFO] - [ENV INIT] rank=3 is_eval=False seed=45
[2025-10-28 19:57:07,095][__main__][INFO] - [ENV BUILDER] Created 4 env(s) using DummyVecEnv in 6.111s on Windows | CUDA=OFF
[2025-10-28 19:57:07,096][__main__][INFO] - Initializing 2 parallel envs for evaluation stats...
[2025-10-28 19:57:07,096][__main__][WARNING] - [SAFEGUARD] Detected Windows OS. SubprocVecEnv uses 'spawn' multiprocessing which often breaks with PyTorch/CuDNN/MuJoCo. Falling back to DummyVecEnv.
[2025-10-28 19:57:07,981][__main__][INFO] - [ENV INIT] rank=0 is_eval=True seed=1042
[2025-10-28 19:57:08,941][__main__][INFO] - [ENV INIT] rank=1 is_eval=True seed=1043
[2025-10-28 19:57:08,942][__main__][INFO] - [ENV BUILDER] Created 2 env(s) using DummyVecEnv in 1.846s on Windows | CUDA=OFF
[2025-10-28 19:57:08,942][__main__][INFO] - Initializing single environment for video recording...
[2025-10-28 19:57:08,956][__main__][INFO] - Initializing Replay Buffer...
[2025-10-28 19:57:08,962][__main__][INFO] - Using sb3_contrib.common.buffers.DictReplayBuffer.
[2025-10-28 19:57:08,964][utils.expert_dataset][INFO] - Loading index from C:\Users\Hellx\Documents\Programming\python\Project\dgpo\data\validation\sota_dataset\expert_validation_run_99914b93_index.json...
[2025-10-28 19:57:08,965][utils.expert_dataset][INFO] - Loaded 12 episodes, 2945 total valid chunks (Virtually Indexed).
[2025-10-28 19:57:08,966][__main__][INFO] - Building RL models and loading pre-trained actor...
[2025-10-28 19:57:08,966][__main__][INFO] - Inferred proprioception dimension from expert dataset: 22
[2025-10-28 19:57:09,499][models.diffusion_policy][INFO] - State-of-the-art DiffusionPolicy initialized on device: cpu
[2025-10-28 19:57:09,500][models.diffusion_policy][INFO] - Loading model checkpoint from C:\Users\Hellx\Documents\Programming\python\Project\dgpo\outputs\diffusion_pretrain\v1\2025-10-25\00-16-18\checkpoints\backup\backup_epoch_19.pth
[2025-10-28 19:57:09,752][__main__][INFO] - Successfully loaded pre-trained diffusion policy from C:\Users\Hellx\Documents\Programming\python\Project\dgpo\outputs\diffusion_pretrain\v1\2025-10-25\00-16-18\checkpoints\backup\backup_epoch_19.pth
[2025-10-28 19:57:09,752][__main__][INFO] - DiffusionActor initialized with guidance_scale=1.5, sampling_steps=50
[2025-10-28 19:57:10,353][models.diffusion_policy][INFO] - State-of-the-art DiffusionPolicy initialized on device: cpu
[2025-10-28 19:57:10,383][__main__][INFO] - DiffusionActor initialized with guidance_scale=1.5, sampling_steps=50
[2025-10-28 19:57:10,388][__main__][INFO] - Actor and Target Actor created.
[2025-10-28 19:57:10,992][__main__][INFO] - Critic MLP built with hidden_dims=[512, 512], use_layernorm=True
[2025-10-28 19:57:10,992][__main__][INFO] - Critic using features from averaged history.
[2025-10-28 19:57:11,648][__main__][INFO] - Critic MLP built with hidden_dims=[512, 512], use_layernorm=True
[2025-10-28 19:57:11,648][__main__][INFO] - Critic using features from averaged history.
[2025-10-28 19:57:11,688][__main__][INFO] - Critic and Target Critic created with DECOUPLED encoders.
[2025-10-28 19:57:11,692][__main__][INFO] - Optimizers created. Critic optimizer targets Q-networks only.
[2025-10-28 19:57:11,692][__main__][INFO] - CosineAnnealingLR schedulers created.
[2025-10-28 19:57:11,693][__main__][INFO] - Attempting to resume training from RL checkpoint: C:\Users\Hellx\Documents\Programming\python\Project\dgpo\outputs\rl_finetune\my_first_rl_run\2025-10-28_19-11-00\checkpoints\interrupted_checkpoint.pth
[2025-10-28 19:57:12,130][__main__][INFO] - Successfully resumed from checkpoint. Continuing from timestep 2020.
[2025-10-28 19:57:12,133][__main__][INFO] - Starting RL fine-tuning...
