[2025-11-15 01:29:10,328][__main__][INFO] - --- UHP v2.0 Hierarchical Visual Evaluation ---
[2025-11-15 01:29:10,329][__main__][INFO] - Full evaluation config:
checkpoint_path: C:/Users/Hellx/Documents/Programming/python/Project/redhot/notes/checkpoints/backup_epoch_31.ckpt
output_video: evaluation_uhp.mp4
seed: 43
num_episodes: 1
inference:
  inference_steps: 20

[2025-11-15 01:29:10,341][__main__][INFO] - Loading Lightning checkpoint from: C:/Users/Hellx/Documents/Programming/python/Project/redhot/notes/checkpoints/backup_epoch_31.ckpt
[2025-11-15 01:29:14,709][models.uhp][INFO] - Initializing the UHP Orchestrator...
[2025-11-15 01:29:14,709][models.uhp][INFO] - Initializing Sequencer with backbone: google/siglip-base-patch16-224
[2025-11-15 01:29:16,315][models.uhp][INFO] - Determined vision model hidden dimension: 768
[2025-11-15 01:29:16,478][models.uhp][INFO] - Initializing Executor with hidden_dim: 512
[2025-11-15 01:29:17,324][models.uhp][INFO] - UHP Orchestrator initialized successfully.
[2025-11-15 01:29:19,026][train.train_uhp][INFO] - UHPLightningModule initialized successfully.
[2025-11-15 01:29:19,133][train.train_uhp][INFO] - Successfully loaded EMA weights from checkpoint.
[2025-11-15 01:29:19,133][train.train_uhp][INFO] - Successfully loaded normalizers from checkpoint into LightningModule.
[2025-11-15 01:29:19,134][train.train_uhp][INFO] - Successfully loaded kinematic limits from checkpoint.
[2025-11-15 01:29:19,532][__main__][INFO] - EMA weights successfully applied for inference.
[2025-11-15 01:29:19,534][__main__][INFO] - LightningModule loaded successfully and set to eval mode.
