[2025-11-15 13:41:43,806][__main__][INFO] - --- UHP v2.0 Hierarchical Visual Evaluation ---
[2025-11-15 13:41:43,808][__main__][INFO] - Full evaluation config:
checkpoint_path: C:/Users/Hellx/Documents/Programming/python/Project/redhot/notes/checkpoints/v1/backup_epoch_31.ckpt
output_video: evaluation_uhp1.mp4
seed: 43
num_episodes: 1
inference:
  inference_steps: 20
logging:
  enable_video: true
  video_output_path: evaluation_uhp.mp4
  enable_csv_logging: true
  csv_output_path: evaluation_diagnostics.csv

[2025-11-15 13:41:43,819][__main__][INFO] - Loading Lightning checkpoint from: C:/Users/Hellx/Documents/Programming/python/Project/redhot/notes/checkpoints/v1/backup_epoch_31.ckpt
[2025-11-15 13:41:45,596][models.uhp][INFO] - Initializing the UHP Orchestrator...
[2025-11-15 13:41:45,598][models.uhp][INFO] - Initializing Sequencer with backbone: google/siglip-base-patch16-224
[2025-11-15 13:41:46,499][models.uhp][INFO] - Determined vision model hidden dimension: 768
[2025-11-15 13:41:46,621][models.uhp][INFO] - Initializing Executor with hidden_dim: 512
[2025-11-15 13:41:47,372][models.uhp][INFO] - UHP Orchestrator initialized successfully.
[2025-11-15 13:41:47,790][train.train_uhp][INFO] - UHPLightningModule initialized successfully.
[2025-11-15 13:41:47,897][train.train_uhp][INFO] - Successfully loaded EMA weights from checkpoint.
[2025-11-15 13:41:47,898][train.train_uhp][INFO] - Successfully loaded normalizers from checkpoint into LightningModule.
[2025-11-15 13:41:47,898][train.train_uhp][INFO] - Successfully loaded kinematic limits from checkpoint.
[2025-11-15 13:41:48,387][__main__][INFO] - EMA weights successfully applied for inference.
[2025-11-15 13:41:48,391][__main__][INFO] - LightningModule loaded successfully and set to eval mode.
[2025-11-15 13:41:51,189][__main__][INFO] - Recording video to: evaluation_uhp1.mp4
[2025-11-15 13:41:51,191][__main__][INFO] - Logging diagnostic data to: evaluation_diagnostics.csv
[2025-11-15 13:49:05,440][__main__][INFO] - Episode finished after 100 steps.
[2025-11-15 13:49:05,458][__main__][INFO] - Wrote 100 rows to CSV for episode 0.
[2025-11-15 13:49:05,606][__main__][INFO] - --- Evaluation Complete. ---
