[2025-11-05 09:34:17,941][__main__][INFO] - ================================================================================
[2025-11-05 09:34:17,941][__main__][INFO] - Initializing UHP v2.0 Training Pipeline
[2025-11-05 09:34:17,942][__main__][INFO] - ================================================================================
[2025-11-05 09:34:17,947][__main__][INFO] - Full configuration:
seed: 42
env:
  xml_path: envs/panda_pick_place.xml
model:
  sequencer_cfg:
    vision_backbone_model: google/siglip-base-patch16-224
    num_task_phases: 5
    fusion_transformer_layers: 4
    fusion_transformer_heads: 8
    subgoal_dim: 768
  executor_cfg:
    proprio_dim: 22
    action_dim: 8
    action_horizon: 8
    obs_horizon: 2
    subgoal_dim: 768
    pilot_hidden_dim: 512
    resnet_feature_dim: 256
    denoiser_layers: 6
    denoiser_heads: 8
dataset:
  train_path: C:/Users/Hellx/Documents/Programming/python/Project/redhot/data/validation/validation_dataset.lmdb
  val_path: C:/Users/Hellx/Documents/Programming/python/Project/redhot/data/validation/validation_dataset.lmdb
  num_workers: 1
training:
  batch_size: 32
  val_batch_size: 16
  ema_decay: 0.999
  checkpoint_monitor: val/loss_action_raw
  save_top_k: 3
  resume_from_checkpoint: null
  use_swa: false
  swa_lrs: 0.0001
  loss_weights:
    lambda_heatmap: 0.1
optimizer:
  lr: 0.0001
  weight_decay: 1.0e-06
  warmup_percentage: 0.1
scheduler:
  timesteps: 100
  beta_schedule: squaredcos_cap_v2
  beta_start: 0.0001
  beta_end: 0.02
validation:
  run_qualitative_every_n_epoch: 5
logging:
  use_wandb: true
  wandb_mode: online
  wandb_project: UHP_Panda_Project
  wandb_run_name: null
  log_grad_freq: 100
  progress_bar_refresh_rate: 10
trainer:
  accelerator: auto
  devices: auto
  max_epochs: 500
  precision: 16-mixed
  log_every_n_steps: 10
  gradient_clip_val: 1.0

[2025-11-05 09:34:17,953][__main__][INFO] - W&B mode set to: 'online'
[2025-11-05 09:34:17,958][models.uhp][INFO] - Initializing the UHP Orchestrator...
[2025-11-05 09:34:17,959][models.uhp][INFO] - Initializing Sequencer with backbone: google/siglip-base-patch16-224
[2025-11-05 09:34:18,881][models.uhp][INFO] - Determined vision model hidden dimension: 768
[2025-11-05 09:34:18,980][models.uhp][INFO] - Initializing Executor with hidden_dim: 512
[2025-11-05 09:34:19,628][models.uhp][INFO] - UHP Orchestrator initialized successfully.
[2025-11-05 09:34:19,937][__main__][INFO] - UHPLightningModule initialized successfully.
[2025-11-05 09:34:19,942][__main__][INFO] - TensorBoard logs will be saved to: C:\Users\Hellx\Documents\Programming\python\Project\redhot\outputs\2025-11-05\09-34-17/tb_logs
[2025-11-05 09:34:24,415][__main__][INFO] - W&B logging enabled for project 'UHP_Panda_Project'.
[2025-11-05 09:34:24,418][__main__][INFO] - ModelCheckpoint enabled. Monitoring 'val/loss_action_raw'.
[2025-11-05 09:34:24,454][__main__][INFO] - Starting trainer.fit()...
[2025-11-05 09:34:24,470][__main__][INFO] - Setting up UHPDataModule for stage: fit
[2025-11-05 09:34:24,472][__main__][INFO] - Fresh run detected. Computing normalization stats...
[2025-11-05 09:34:24,472][utils.vip_c_dataset][INFO] - Initializing ViPCDataset (SOTA Orchestrator) with H_o=2, H_a=8
[2025-11-05 09:34:24,473][utils.expert_dataset][INFO] - Loading index from C:\Users\Hellx\Documents\Programming\python\Project\redhot\data\validation\validation_dataset_index.json...
[2025-11-05 09:34:24,477][utils.expert_dataset][INFO] - Loaded 10 episodes, 2580 total valid chunks (Virtually Indexed).
[2025-11-05 09:35:30,803][models.uhp][INFO] - LinearNormalizer fitted. Min shape: (8,), Max shape: (8,)
[2025-11-05 09:35:30,804][models.uhp][INFO] - LinearNormalizer fitted. Min shape: (22,), Max shape: (22,)
[2025-11-05 09:35:30,805][__main__][INFO] - Normalization stats computed and fitted successfully.
[2025-11-05 09:35:30,805][__main__][INFO] - Creating final datasets for training and validation...
[2025-11-05 09:35:30,806][utils.vip_c_dataset][INFO] - Initializing ViPCDataset (SOTA Orchestrator) with H_o=2, H_a=8
[2025-11-05 09:35:30,807][utils.expert_dataset][INFO] - Loading index from C:\Users\Hellx\Documents\Programming\python\Project\redhot\data\validation\validation_dataset_index.json...
[2025-11-05 09:35:30,808][utils.expert_dataset][INFO] - Loaded 10 episodes, 2580 total valid chunks (Virtually Indexed).
[2025-11-05 09:35:30,808][utils.vip_c_dataset][INFO] - Initializing ViPCDataset (SOTA Orchestrator) with H_o=2, H_a=8
[2025-11-05 09:35:30,809][utils.expert_dataset][INFO] - Loading index from C:\Users\Hellx\Documents\Programming\python\Project\redhot\data\validation\validation_dataset_index.json...
[2025-11-05 09:35:30,810][utils.expert_dataset][INFO] - Loaded 10 episodes, 2580 total valid chunks (Virtually Indexed).
[2025-11-05 09:35:30,816][__main__][INFO] - [Handshake] PULLED fitted normalizers from DataModule to LightningModule.
[2025-11-05 09:35:30,823][__main__][INFO] - Dynamically extracting kinematic limits from the environment...
[2025-11-05 09:35:33,422][__main__][INFO] - Kinematic limits extracted and stored.
