[2025-11-01 02:11:43,020][__main__][INFO] - ----------- Configuration -----------
[2025-11-01 02:11:43,023][__main__][INFO] - seed: 42
device: cpu
resume_checkpoint: C:/Users/Hellx/Documents/Programming/python/Project/redhot/outputs/diffusion_pretrain_controller/v1/2025-10-31/19-27-34/checkpoints/backup/backup_epoch_4.pth
logging:
  use_wandb: false
  wandb_project: dgpo_diffusion_pretrain
  log_interval_steps: 100
  val_interval_epochs: 3
dataset:
  train_path: C:/Users/Hellx/Documents/Programming/python/Project/dgpo/data/training/sota_dataset/expert_training_run_99914b93.lmdb
  val_path: C:/Users/Hellx/Documents/Programming/python/Project/dgpo/data/validation/sota_dataset/expert_validation_run_99914b93.lmdb
  batch_size: 128
  num_workers: 2
  subgoal_horizon_k: 8
model:
  observation_horizon: 2
  action_horizon: 8
  action_dim: 8
  image_feat_dim: 128
  d_model: 128
  denoiser_layers: 4
  denoiser_heads: 4
scheduler:
  schedule_type: cosine
  timesteps: 100
  beta_start: 0.0001
  beta_end: 0.02
optimizer:
  lr: 0.0002
  weight_decay: 0.0001
  grad_clip_norm: 1.0
training:
  epochs: 1000
  use_amp: false
  ema_decay: 0.999
  cfg_p_uncond: 0.15
validation:
  guidance_scale: 1.5
  sampling_steps: 50

[2025-11-01 02:11:43,024][__main__][INFO] - ------------------------------------
[2025-11-01 02:11:43,029][__main__][INFO] - Global seed set to 42
[2025-11-01 02:11:43,029][__main__][INFO] - Output directory: C:\Users\Hellx\Documents\Programming\python\Project\redhot\outputs\diffusion_pretrain_controller\v1\2025-11-01\02-11-42
[2025-11-01 02:11:43,036][__main__][INFO] - Building datasets...
[2025-11-01 02:11:43,036][__main__][INFO] - Loading TRAINING dataset from: C:/Users/Hellx/Documents/Programming/python/Project/dgpo/data/training/sota_dataset/expert_training_run_99914b93.lmdb
[2025-11-01 02:11:43,037][utils.controller_dataset][INFO] - Initializing HierarchicalControllerDataset with H_o=2, H_a=8, k=8
[2025-11-01 02:11:43,037][utils.expert_dataset][INFO] - Loading index from C:\Users\Hellx\Documents\Programming\python\Project\dgpo\data\training\sota_dataset\expert_training_run_99914b93_index.json...
[2025-11-01 02:11:43,042][utils.expert_dataset][INFO] - Loaded 260 episodes, 65576 total valid chunks (Virtually Indexed).
[2025-11-01 02:11:43,043][utils.controller_dataset][INFO] - Successfully initialized. Found 65316 valid controller samples across 260 episodes.
[2025-11-01 02:11:43,043][utils.samplers][INFO] - Building episode-to-index map for sampler...
[2025-11-01 02:11:43,192][utils.samplers][INFO] - Map building complete.
[2025-11-01 02:11:43,192][__main__][INFO] - Using EpisodeAwareSampler for training to optimize I/O.
[2025-11-01 02:11:43,193][__main__][INFO] - Loading VALIDATION dataset from: C:/Users/Hellx/Documents/Programming/python/Project/dgpo/data/validation/sota_dataset/expert_validation_run_99914b93.lmdb
[2025-11-01 02:11:43,193][utils.controller_dataset][INFO] - Initializing HierarchicalControllerDataset with H_o=2, H_a=8, k=8
[2025-11-01 02:11:43,194][utils.expert_dataset][INFO] - Loading index from C:\Users\Hellx\Documents\Programming\python\Project\dgpo\data\validation\sota_dataset\expert_validation_run_99914b93_index.json...
[2025-11-01 02:11:43,195][utils.expert_dataset][INFO] - Loaded 12 episodes, 2945 total valid chunks (Virtually Indexed).
[2025-11-01 02:11:43,195][utils.controller_dataset][INFO] - Successfully initialized. Found 2933 valid controller samples across 12 episodes.
[2025-11-01 02:11:43,196][__main__][INFO] - Building diffusion policy model...
[2025-11-01 02:11:43,196][__main__][INFO] - Inferred proprioception dimension from dataset: 22
[2025-11-01 02:11:44,480][models.diffusion_policy][INFO] - ViDHiS Controller (DiffusionPolicy) initialized on device: cpu
[2025-11-01 02:11:44,491][__main__][INFO] - Configuring LR scheduler: Total steps=510000, Warmup steps=0
[2025-11-01 02:11:44,492][__main__][INFO] - Loading checkpoint for migration/resumption: C:\Users\Hellx\Documents\Programming\python\Project\redhot\outputs\diffusion_pretrain_controller\v1\2025-10-31\19-27-34\checkpoints\backup\backup_epoch_4.pth
[2025-11-01 02:11:44,791][__main__][WARNING] - Performing surgery: Skipping incompatible key 'vision_proj.weight' from checkpoint.
[2025-11-01 02:11:44,791][__main__][WARNING] - Performing surgery: Skipping incompatible key 'vision_proj.bias' from checkpoint.
[2025-11-01 02:11:44,791][__main__][INFO] - Migration rules applied to checkpoint.
[2025-11-01 02:11:44,812][__main__][INFO] - Warm-started `subgoal_encoder` with `primary_encoder` weights.
[2025-11-01 02:11:44,812][__main__][INFO] - Warm-started `uncond_embeddings.subgoal` (shape torch.Size([1, 1, 128])) using the first token of `uncond_embeddings.vision` (shape torch.Size([1, 2, 128])).
[2025-11-01 02:11:44,855][__main__][WARNING] - Policy weights not found in checkpoint (likely new layers): ['vision_fusion_attn.in_proj_weight', 'vision_fusion_attn.in_proj_bias', 'vision_fusion_attn.out_proj.weight', 'vision_fusion_attn.out_proj.bias', 'vision_fusion_norm.weight', 'vision_fusion_norm.bias', 'vision_proj.weight', 'vision_proj.bias']
[2025-11-01 02:11:44,855][__main__][INFO] - Policy state dict loaded successfully.
[2025-11-01 02:11:44,856][__main__][WARNING] - Performing surgery: Skipping incompatible key 'vision_proj.weight' from checkpoint.
[2025-11-01 02:11:44,856][__main__][WARNING] - Performing surgery: Skipping incompatible key 'vision_proj.bias' from checkpoint.
[2025-11-01 02:11:44,856][__main__][INFO] - Migration rules applied to checkpoint.
[2025-11-01 02:11:44,876][__main__][INFO] - Warm-started `subgoal_encoder` with `primary_encoder` weights.
[2025-11-01 02:11:44,877][__main__][INFO] - Warm-started `uncond_embeddings.subgoal` (shape torch.Size([1, 1, 128])) using the first token of `uncond_embeddings.vision` (shape torch.Size([1, 2, 128])).
[2025-11-01 02:11:44,919][__main__][INFO] - EMA state dict loaded successfully.
[2025-11-01 02:11:44,919][__main__][WARNING] - Model architecture changed due to checkpoint migration. Starting with a fresh optimizer and scheduler from Epoch 1.
[2025-11-01 02:11:44,922][__main__][INFO] - Starting training from epoch 1...
[2025-11-01 05:35:33,208][__main__][INFO] - Saved epoch backup to C:\Users\Hellx\Documents\Programming\python\Project\redhot\outputs\diffusion_pretrain_controller\v1\2025-11-01\02-11-42\checkpoints\backup\backup_epoch_1.pth
[2025-11-01 08:20:13,640][__main__][INFO] - Saved epoch backup to C:\Users\Hellx\Documents\Programming\python\Project\redhot\outputs\diffusion_pretrain_controller\v1\2025-11-01\02-11-42\checkpoints\backup\backup_epoch_2.pth
[2025-11-01 11:33:09,823][__main__][INFO] - Saved epoch backup to C:\Users\Hellx\Documents\Programming\python\Project\redhot\outputs\diffusion_pretrain_controller\v1\2025-11-01\02-11-42\checkpoints\backup\backup_epoch_3.pth
[2025-11-01 11:33:09,837][__main__][INFO] - Running validation for epoch 3...
[2025-11-01 11:51:24,518][__main__][INFO] - Validation Loss: 0.0084, Action MSE: 0.0416
[2025-11-01 11:51:24,520][__main__][INFO] - Generating diagnostic denoising rollout...
[2025-11-01 11:51:47,820][__main__][ERROR] - An unexpected error occurred during training at epoch 3.
Traceback (most recent call last):
  File "C:\Users\Hellx\Documents\Programming\python\Project\redhot\scripts\pretrain_diffusion.py", line 678, in run
  File "C:\Users\Hellx\Documents\Programming\python\Project\redhot\scripts\pretrain_diffusion.py", line 526, in _validate_one_epoch
  File "C:\Users\Hellx\Documents\Programming\python\Project\redhot\scripts\pretrain_diffusion.py", line 585, in _generate_diagnostic_rollout
ValueError: operands could not be broadcast together with shapes (3,) (256,3,256) 
[2025-11-01 11:51:47,837][__main__][INFO] - Training process finished. Total runtime: 9.67 hours.
[2025-11-01 11:51:47,838][__main__][ERROR] - An error occurred during training.
Traceback (most recent call last):
  File "C:\Users\Hellx\Documents\Programming\python\Project\redhot\scripts\pretrain_diffusion.py", line 736, in main
    except Exception as e:
  File "C:\Users\Hellx\Documents\Programming\python\Project\redhot\scripts\pretrain_diffusion.py", line 678, in run
  File "C:\Users\Hellx\Documents\Programming\python\Project\redhot\scripts\pretrain_diffusion.py", line 526, in _validate_one_epoch
  File "C:\Users\Hellx\Documents\Programming\python\Project\redhot\scripts\pretrain_diffusion.py", line 585, in _generate_diagnostic_rollout
ValueError: operands could not be broadcast together with shapes (3,) (256,3,256) 
