[2025-11-04 01:22:43,285][train_vip_c][INFO] - ================================================================================
[2025-11-04 01:22:43,285][train_vip_c][INFO] - Initializing ViP-C Training Pipeline
[2025-11-04 01:22:43,286][train_vip_c][INFO] - ================================================================================
[2025-11-04 01:22:43,290][train_vip_c][INFO] - Full configuration:
seed: 42
project_name: vip_c_training
model:
  planner_cfg:
    vision_backbone_model: google/siglip-base-patch16-224
    num_task_phases: 5
    fusion_transformer_layers: 4
    fusion_transformer_heads: 12
  controller_cfg:
    action_dim: 8
    proprio_dim: 22
    action_horizon: 8
    obs_horizon: 2
    controller_hidden_dim: 512
    resnet_feature_dim: 256
    denoiser_layers: 6
    denoiser_heads: 8
scheduler:
  timesteps: 100
  beta_schedule: squaredcos_cap_v2
  beta_start: 0.0001
  beta_end: 0.02
dataset:
  train_path: C:/Users/Hellx/Documents/Programming/python/Project/redhot/data/training/training_dataset.lmdb
  val_path: C:/Users/Hellx/Documents/Programming/python/Project/redhot/data/training/training_dataset.lmdb
  num_workers: 1
training:
  batch_size: 32
  val_batch_size: 32
  ema_decay: 0.999
  loss_weights:
    planner: 1.0
    controller: 0.5
  checkpoint_monitor: val/loss_planner_raw
  save_top_k: 3
  resume_from_checkpoint: null
  use_swa: false
  swa_lrs: 1.0e-05
validation:
  run_qualitative_every_n_epoch: 10
optimizer:
  lr: 0.0001
  weight_decay: 1.0e-06
  warmup_percentage: 0.05
trainer:
  accelerator: cpu
  devices: 1
  max_epochs: 1000
  precision: 16-mixed
  check_val_every_n_epoch: 5
  accumulate_grad_batches: 2
  gradient_clip_val: 1.0
logging:
  use_wandb: true
  wandb_project: ${project_name}
  wandb_run_name: null
  wandb_mode: online
  log_grad_freq: 500
  progress_bar_refresh_rate: 10

[2025-11-04 01:22:43,306][train_vip_c][INFO] - W&B mode set to: 'online'
[2025-11-04 01:22:43,313][models.vip_c][INFO] - Initializing the ViPC Orchestrator...
[2025-11-04 01:22:43,314][models.vip_c][INFO] - Initializing Planner with backbone: google/siglip-base-patch16-224
[2025-11-04 01:22:45,188][models.vip_c][INFO] - Initializing Controller with hidden_dim: 512
[2025-11-04 01:22:46,092][models.vip_c][INFO] - ViPC Orchestrator initialized successfully.
[2025-11-04 01:22:47,790][train_vip_c][INFO] - ViPCLightningModule initialized successfully.
[2025-11-04 01:22:47,798][train_vip_c][INFO] - TensorBoard logs will be saved to: C:\Users\Hellx\Documents\Programming\python\Project\redhot\outputs\2025-11-04\01-22-43/tb_logs
[2025-11-04 01:22:51,890][train_vip_c][INFO] - W&B logging enabled for project 'vip_c_training'.
[2025-11-04 01:22:51,893][train_vip_c][INFO] - ModelCheckpoint enabled. Monitoring 'val/loss_planner_raw'.
[2025-11-04 01:22:51,933][train_vip_c][INFO] - Starting trainer.fit()...
[2025-11-04 01:22:51,942][train_vip_c][INFO] - Setting up ViPCDataModule for stage: fit
[2025-11-04 01:22:51,944][train_vip_c][INFO] - Loading TRAINING dataset from: C:/Users/Hellx/Documents/Programming/python/Project/redhot/data/training/training_dataset.lmdb
[2025-11-04 01:22:51,944][utils.vip_c_dataset][INFO] - Initializing ViPCDataset (SOTA Orchestrator) with H_o=2, H_a=8
[2025-11-04 01:22:51,946][utils.expert_dataset][INFO] - Loading index from C:\Users\Hellx\Documents\Programming\python\Project\redhot\data\training\training_dataset_index.json...
[2025-11-04 01:22:51,950][utils.expert_dataset][INFO] - Loaded 80 episodes, 20452 total valid chunks (Virtually Indexed).
[2025-11-04 01:22:51,951][train_vip_c][INFO] - Training dataset loaded with 20452 samples.
[2025-11-04 01:22:51,952][train_vip_c][INFO] - Loading VALIDATION dataset from: C:/Users/Hellx/Documents/Programming/python/Project/redhot/data/training/training_dataset.lmdb
[2025-11-04 01:22:51,952][utils.vip_c_dataset][INFO] - Initializing ViPCDataset (SOTA Orchestrator) with H_o=2, H_a=8
[2025-11-04 01:22:51,953][utils.expert_dataset][INFO] - Loading index from C:\Users\Hellx\Documents\Programming\python\Project\redhot\data\training\training_dataset_index.json...
[2025-11-04 01:22:51,955][utils.expert_dataset][INFO] - Loaded 80 episodes, 20452 total valid chunks (Virtually Indexed).
[2025-11-04 01:22:51,956][train_vip_c][INFO] - Validation dataset loaded with 20452 samples.
[2025-11-04 01:25:35,425][train_vip_c][INFO] - W&B run finalized.
