[2025-10-31 00:32:28,970][__main__][INFO] - ----------- Configuration -----------
[2025-10-31 00:32:28,974][__main__][INFO] - seed: 42
device: cpu
resume_checkpoint: C:/Users/Hellx/Documents/Programming/python/Project/dgpo/outputs/diffusion_pretrain/v1/2025-10-25/00-16-18/checkpoints/backup/backup_epoch_19.pth
logging:
  use_wandb: false
  wandb_project: dgpo_diffusion_pretrain
  log_interval_steps: 100
  val_interval_epochs: 3
dataset:
  train_path: C:/Users/Hellx/Documents/Programming/python/Project/dgpo/data/training/sota_dataset/expert_training_run_99914b93.lmdb
  val_path: C:/Users/Hellx/Documents/Programming/python/Project/dgpo/data/validation/sota_dataset/expert_validation_run_99914b93.lmdb
  batch_size: 128
  num_workers: 2
  subgoal_horizon_k: 8
model:
  observation_horizon: 2
  action_horizon: 8
  action_dim: 8
  image_feat_dim: 128
  d_model: 128
  denoiser_layers: 4
  denoiser_heads: 4
scheduler:
  schedule_type: cosine
  timesteps: 100
  beta_start: 0.0001
  beta_end: 0.02
optimizer:
  lr: 0.0002
  weight_decay: 0.0001
  grad_clip_norm: 1.0
training:
  epochs: 1000
  use_amp: false
  ema_decay: 0.999
  cfg_p_uncond: 0.15
validation:
  guidance_scale: 1.5
  sampling_steps: 50

[2025-10-31 00:32:28,978][__main__][INFO] - ------------------------------------
[2025-10-31 00:32:28,984][__main__][INFO] - Global seed set to 42
[2025-10-31 00:32:28,985][__main__][INFO] - Output directory: C:\Users\Hellx\Documents\Programming\python\Project\redhot\outputs\diffusion_pretrain\v1\2025-10-31\00-32-28
[2025-10-31 00:32:28,994][__main__][INFO] - Building datasets...
[2025-10-31 00:32:28,995][__main__][INFO] - Loading TRAINING dataset from: C:/Users/Hellx/Documents/Programming/python/Project/dgpo/data/training/sota_dataset/expert_training_run_99914b93.lmdb
[2025-10-31 00:32:28,995][utils.controller_dataset][INFO] - Initializing HierarchicalControllerDataset with H_o=2, H_a=8, k=8
[2025-10-31 00:32:28,996][utils.expert_dataset][INFO] - Loading index from C:\Users\Hellx\Documents\Programming\python\Project\dgpo\data\training\sota_dataset\expert_training_run_99914b93_index.json...
[2025-10-31 00:32:29,005][utils.expert_dataset][INFO] - Loaded 260 episodes, 65576 total valid chunks (Virtually Indexed).
[2025-10-31 00:32:29,005][utils.controller_dataset][INFO] - Successfully initialized. Found 65576 valid controller samples.
[2025-10-31 00:32:29,006][utils.samplers][INFO] - Building episode-to-index map for sampler...
[2025-10-31 00:32:29,148][utils.samplers][INFO] - Map building complete.
[2025-10-31 00:32:29,149][__main__][INFO] - Using EpisodeAwareSampler for training to optimize I/O.
[2025-10-31 00:32:29,149][__main__][INFO] - Loading VALIDATION dataset from: C:/Users/Hellx/Documents/Programming/python/Project/dgpo/data/validation/sota_dataset/expert_validation_run_99914b93.lmdb
[2025-10-31 00:32:29,150][utils.controller_dataset][INFO] - Initializing HierarchicalControllerDataset with H_o=2, H_a=8, k=8
[2025-10-31 00:32:29,155][utils.expert_dataset][INFO] - Loading index from C:\Users\Hellx\Documents\Programming\python\Project\dgpo\data\validation\sota_dataset\expert_validation_run_99914b93_index.json...
[2025-10-31 00:32:29,157][utils.expert_dataset][INFO] - Loaded 12 episodes, 2945 total valid chunks (Virtually Indexed).
[2025-10-31 00:32:29,157][utils.controller_dataset][INFO] - Successfully initialized. Found 2945 valid controller samples.
[2025-10-31 00:32:29,158][__main__][INFO] - Building diffusion policy model...
[2025-10-31 00:32:29,159][__main__][CRITICAL] - FATAL: Failed to infer proprioception dimension from the dataset. Check if the dataset is in the correct SOTA format and the index is valid. Error: 'HierarchicalControllerDataset' object has no attribute 'dataset'
[2025-10-31 00:32:29,160][__main__][ERROR] - An error occurred during training.
Traceback (most recent call last):
  File "C:\Users\Hellx\Documents\Programming\python\Project\redhot\scripts\pretrain_diffusion.py", line 617, in main
    trainer = ControllerBCTrainer(cfg)
  File "C:\Users\Hellx\Documents\Programming\python\Project\redhot\scripts\pretrain_diffusion.py", line 148, in __init__
    self.policy = self._build_policy()
  File "C:\Users\Hellx\Documents\Programming\python\Project\redhot\scripts\pretrain_diffusion.py", line 252, in _build_policy
    proprio_dim = self.train_loader.dataset.dataset.expert_reader.get_proprioception_dim()
AttributeError: 'HierarchicalControllerDataset' object has no attribute 'dataset'
