[2025-11-05 09:27:37,317][__main__][INFO] - ================================================================================
[2025-11-05 09:27:37,317][__main__][INFO] - Initializing UHP v2.0 Training Pipeline
[2025-11-05 09:27:37,318][__main__][INFO] - ================================================================================
[2025-11-05 09:27:37,322][__main__][INFO] - Full configuration:
seed: 42
env:
  xml_path: envs/panda_pick_place.xml
model:
  sequencer_cfg:
    vision_backbone_model: google/siglip-base-patch16-224
    num_task_phases: 5
    fusion_transformer_layers: 4
    fusion_transformer_heads: 8
    subgoal_dim: 768
  executor_cfg:
    proprio_dim: 22
    action_dim: 8
    action_horizon: 8
    obs_horizon: 2
    subgoal_dim: 768
    pilot_hidden_dim: 512
    resnet_feature_dim: 256
    denoiser_layers: 6
    denoiser_heads: 8
dataset:
  train_path: C:/Users/Hellx/Documents/Programming/python/Project/redhot/data/validation/validation_dataset.lmdb
  val_path: C:/Users/Hellx/Documents/Programming/python/Project/redhot/data/validation/validation_dataset.lmdb
  num_workers: 1
training:
  batch_size: 32
  val_batch_size: 16
  ema_decay: 0.999
  checkpoint_monitor: val/loss_action_raw
  save_top_k: 3
  resume_from_checkpoint: null
  use_swa: false
  swa_lrs: 0.0001
  loss_weights:
    lambda_heatmap: 0.1
optimizer:
  lr: 0.0001
  weight_decay: 1.0e-06
  warmup_percentage: 0.1
scheduler:
  timesteps: 100
  beta_schedule: cosine
  beta_start: 0.0001
  beta_end: 0.02
validation:
  run_qualitative_every_n_epoch: 5
logging:
  use_wandb: true
  wandb_mode: online
  wandb_project: UHP_Panda_Project
  wandb_run_name: null
  log_grad_freq: 100
  progress_bar_refresh_rate: 10
trainer:
  accelerator: auto
  devices: auto
  max_epochs: 500
  precision: 16-mixed
  log_every_n_steps: 10
  gradient_clip_val: 1.0

[2025-11-05 09:27:37,328][__main__][INFO] - W&B mode set to: 'online'
[2025-11-05 09:27:37,333][models.uhp][INFO] - Initializing the UHP Orchestrator...
[2025-11-05 09:27:37,334][models.uhp][INFO] - Initializing Sequencer with backbone: google/siglip-base-patch16-224
[2025-11-05 09:27:38,209][models.uhp][INFO] - Determined vision model hidden dimension: 768
[2025-11-05 09:27:38,307][models.uhp][INFO] - Initializing Executor with hidden_dim: 512
[2025-11-05 09:27:38,935][models.uhp][INFO] - UHP Orchestrator initialized successfully.
