[2025-10-17 23:10:17,068][__main__][INFO] - ----------- Configuration -----------
[2025-10-17 23:10:17,073][__main__][INFO] - seed: 42
device: cpu
resume_checkpoint: null
logging:
  use_wandb: false
  wandb_project: dgpo_diffusion_pretrain
  wandb_run_name: null
  log_interval_steps: 50
  val_interval_epochs: 5
dataset:
  path: C:/Users/Hellx/Documents/Programming/python/Project/dgpo/data/demos/expert_expert_run_v1_20k_samples_086fea9add4358a2b0fe91deaa115372.lmdb
  val_path: C:/Users/Hellx/Documents/Programming/python/Project/dgpo/data/demos/expert_expert_run_v1_20k_samples_086fea9add4358a2b0fe91deaa115372.lmdb
  batch_size: 16
  num_workers: 0
model:
  observation_horizon: 2
  action_horizon: 8
  action_dim: 8
  image_feat_dim: 256
  d_model: 256
  denoiser_layers: 6
  denoiser_heads: 8
scheduler:
  schedule_type: cosine
  timesteps: 100
  beta_start: 0.0001
  beta_end: 0.02
optimizer:
  lr: 0.0001
  weight_decay: 1.0e-06
  grad_clip_norm: 1.0
training:
  epochs: 5
  use_amp: false
  ema_decay: 0.999
  cfg_p_uncond: 0.1
validation:
  guidance_scale: 1.5
  sampling_steps: 50

[2025-10-17 23:10:17,074][__main__][INFO] - ------------------------------------
[2025-10-17 23:10:17,089][__main__][INFO] - Global seed set to 42
[2025-10-17 23:10:17,089][__main__][INFO] - Output directory: C:\Users\Hellx\Documents\Programming\python\Project\dgpo\outputs\2025-10-17\23-10-16
[2025-10-17 23:10:17,096][__main__][INFO] - Building datasets...
[2025-10-17 23:10:17,097][lmdb_utils][INFO] -  Opened LMDB at C:\Users\Hellx\Documents\Programming\python\Project\dgpo\data\demos\expert_expert_run_v1_20k_samples_086fea9add4358a2b0fe91deaa115372.lmdb | mode=RO | file-mode
[2025-10-17 23:10:18,134][utils.expert_dataset][INFO] - Loaded expert demos: 7 episodes, 1793 total valid chunks.
[2025-10-17 23:10:18,147][lmdb_utils][INFO] -  Opened LMDB at C:\Users\Hellx\Documents\Programming\python\Project\dgpo\data\demos\expert_expert_run_v1_20k_samples_086fea9add4358a2b0fe91deaa115372.lmdb | mode=RO | file-mode
[2025-10-17 23:10:19,020][utils.expert_dataset][INFO] - Loaded expert demos: 7 episodes, 1793 total valid chunks.
[2025-10-17 23:10:19,034][__main__][INFO] - Building diffusion policy model...
[2025-10-17 23:10:19,035][lmdb_utils][INFO] -  Opened LMDB at C:\Users\Hellx\Documents\Programming\python\Project\dgpo\data\demos\expert_expert_run_v1_20k_samples_086fea9add4358a2b0fe91deaa115372.lmdb | mode=RO | file-mode
[2025-10-17 23:10:19,133][__main__][INFO] - Inferred proprioception dimension: 22
[2025-10-17 23:10:19,971][models.diffusion_policy][INFO] - State-of-the-art DiffusionPolicy initialized on device: cpu
[2025-10-17 23:10:20,119][__main__][INFO] - Starting training...
[2025-10-17 23:53:07,965][__main__][INFO] - Running validation for epoch 5...
[2025-10-17 23:53:07,974][lmdb_utils][INFO] -  Opened LMDB at C:\Users\Hellx\Documents\Programming\python\Project\dgpo\data\demos\expert_expert_run_v1_20k_samples_086fea9add4358a2b0fe91deaa115372.lmdb | mode=RO | file-mode
[2025-10-18 00:05:37,484][__main__][INFO] - Validation Loss: 0.0538, Action MSE: 0.3835
[2025-10-18 00:05:37,485][__main__][INFO] - Generating diagnostic denoising rollout...
[2025-10-18 00:05:37,777][__main__][ERROR] - An error occurred during training.
Traceback (most recent call last):
  File "C:\Users\Hellx\Documents\Programming\python\Project\dgpo\scripts\pretrain_diffusion.py", line 457, in main
    trainer.run()
  File "C:\Users\Hellx\Documents\Programming\python\Project\dgpo\scripts\pretrain_diffusion.py", line 432, in run
    self._validate_one_epoch(epoch)
  File "C:\Users\Hellx\Documents\Programming\python\Project\dgpo\scripts\pretrain_diffusion.py", line 353, in _validate_one_epoch
    self._generate_diagnostic_rollout(epoch)
  File "C:\Users\Hellx\Documents\Programming\python\Project\dgpo\scripts\pretrain_diffusion.py", line 390, in _generate_diagnostic_rollout
    _, intermediates = self.policy.sample(
  File "C:\Users\Hellx\Documents\Programming\python\Project\dgpo_project\venv\lib\site-packages\torch\utils\_contextlib.py", line 120, in decorate_context
    return func(*args, **kwargs)
  File "C:\Users\Hellx\Documents\Programming\python\Project\dgpo\models\diffusion_policy.py", line 477, in sample
    vision_cond, proprio_cond = self._cond_embed(obs)
  File "C:\Users\Hellx\Documents\Programming\python\Project\dgpo\models\diffusion_policy.py", line 437, in _cond_embed
    return self.vision_fusion_encoder(obs_on_device)
  File "C:\Users\Hellx\Documents\Programming\python\Project\dgpo_project\venv\lib\site-packages\torch\nn\modules\module.py", line 1775, in _wrapped_call_impl
    return self._call_impl(*args, **kwargs)
  File "C:\Users\Hellx\Documents\Programming\python\Project\dgpo_project\venv\lib\site-packages\torch\nn\modules\module.py", line 1786, in _call_impl
    return forward_call(*args, **kwargs)
  File "C:\Users\Hellx\Documents\Programming\python\Project\dgpo\models\diffusion_policy.py", line 280, in forward
    proprio_tokens = self.proprio_proj(proprio)
  File "C:\Users\Hellx\Documents\Programming\python\Project\dgpo_project\venv\lib\site-packages\torch\nn\modules\module.py", line 1775, in _wrapped_call_impl
    return self._call_impl(*args, **kwargs)
  File "C:\Users\Hellx\Documents\Programming\python\Project\dgpo_project\venv\lib\site-packages\torch\nn\modules\module.py", line 1786, in _call_impl
    return forward_call(*args, **kwargs)
  File "C:\Users\Hellx\Documents\Programming\python\Project\dgpo_project\venv\lib\site-packages\torch\nn\modules\linear.py", line 134, in forward
    return F.linear(input, self.weight, self.bias)
RuntimeError: mat1 and mat2 must have the same dtype, but got Double and Float
[2025-10-18 00:05:39,108][lmdb_utils][INFO] -  LMDB environment closed successfully.
[2025-10-18 00:05:39,148][lmdb_utils][INFO] -  LMDB environment closed successfully.
