[2025-11-01 17:34:44,746][__main__][INFO] - seed: 42
model:
  action_dim: 7
  proprio_dim: 22
  action_horizon: 8
  obs_horizon: 2
  vision_backbone_model: google/siglip-base-patch16-224
  vision_feature_dim: 768
  fusion_transformer_layers: 4
  fusion_transformer_heads: 8
  resnet_feature_dim: 256
  pilot_d_model: 512
  denoiser_layers: 6
  denoiser_heads: 8
  p_plan_drop: 0.1
  p_obs_drop: 0.1
scheduler:
  timesteps: 100
  beta_schedule: cosine
  beta_start: 0.0001
  beta_end: 0.02
dataset:
  train_path: C:/Users/Hellx/Documents/Programming/python/Project/dgpo/data/training/sota_dataset/expert_training_run_99914b93.lmdb
  val_path: C:/Users/Hellx/Documents/Programming/python/Project/dgpo/data/validation/sota_dataset/expert_validation_run_99914b93.lmdb
  num_workers: 2
  use_aug: false
training:
  batch_size: 64
  val_batch_size: 64
  ema_decay: 0.999
  use_activation_checkpointing: true
  use_swa: false
  swa_lrs: 1.0e-05
  resume_from_checkpoint: null
validation:
  run_full_validation_every_n_epoch: 5
  sampling_steps: 30
  guidance_scale_plan: 7.5
  guidance_scale_obs: 1.5
optimizer:
  lr: 0.0001
  weight_decay: 1.0e-06
  warmup_steps: 0.05
  gradient_clip_val: 1.0
trainer:
  accelerator: cpu
  devices: 1
  precision: 16-mixed
  max_epochs: 1000
  check_val_every_n_epoch: 1
  accumulate_grad_batches: 1
logging:
  use_wandb: true
  wandb_project: ego_planner_v4
  wandb_run_name: null
  log_every_n_steps: 50
  wandb_mode: offline

[2025-11-01 17:34:44,751][__main__][INFO] - W&B mode explicitly set to: 'offline'
[2025-11-01 17:34:44,758][models.ego_planner][INFO] - [Strategist] Initializing ViT backbone: google/siglip-base-patch16-224
[2025-11-01 17:34:55,916][models.ego_planner][INFO] - [Strategist] Derived configuration: image_size=224, patch_size=16, num_patches=196.
[2025-11-01 17:34:55,983][models.ego_planner][INFO] - [Pilot] Activation Checkpointing: Enabled
[2025-11-01 17:34:59,289][models.ego_planner][INFO] - EgoPlanner v5 (Definitive & Audited) model initialized.
[2025-11-01 17:34:59,513][__main__][INFO] - EMA enabled with decay rate: 0.999
[2025-11-01 17:34:59,516][__main__][INFO] - Definitive SOTA EgoPlannerLightningModule (v2) initialized.
[2025-11-01 17:35:00,860][__main__][INFO] - Loading TRAINING dataset from: C:/Users/Hellx/Documents/Programming/python/Project/dgpo/data/training/sota_dataset/expert_training_run_99914b93.lmdb
[2025-11-01 17:35:00,860][utils.ego_planner_dataset][INFO] - Initializing EgoPlannerDataset v4 (use_aug=False) with H_o=2, H_a=8
[2025-11-01 17:35:00,861][utils.expert_dataset][INFO] - Loading index from C:\Users\Hellx\Documents\Programming\python\Project\dgpo\data\training\sota_dataset\expert_training_run_99914b93_index.json...
[2025-11-01 17:35:00,871][utils.expert_dataset][INFO] - Loaded 260 episodes, 65576 total valid chunks (Virtually Indexed).
[2025-11-01 17:35:00,872][utils.ego_planner_dataset][INFO] - Building explicit sample index map for robustness...
[2025-11-01 17:35:00,885][utils.ego_planner_dataset][INFO] - Successfully initialized. Found 65316 valid samples.
[2025-11-01 17:35:00,886][__main__][INFO] - Loading VALIDATION dataset from: C:/Users/Hellx/Documents/Programming/python/Project/dgpo/data/validation/sota_dataset/expert_validation_run_99914b93.lmdb
[2025-11-01 17:35:00,887][utils.ego_planner_dataset][INFO] - Initializing EgoPlannerDataset v4 (use_aug=False) with H_o=2, H_a=8
[2025-11-01 17:35:00,887][utils.expert_dataset][INFO] - Loading index from C:\Users\Hellx\Documents\Programming\python\Project\dgpo\data\validation\sota_dataset\expert_validation_run_99914b93_index.json...
[2025-11-01 17:35:00,888][utils.expert_dataset][INFO] - Loaded 12 episodes, 2945 total valid chunks (Virtually Indexed).
[2025-11-01 17:35:00,889][utils.ego_planner_dataset][INFO] - Building explicit sample index map for robustness...
[2025-11-01 17:35:00,890][utils.ego_planner_dataset][INFO] - Successfully initialized. Found 2933 valid samples.
[2025-11-01 17:35:00,892][__main__][INFO] - Moving noise scheduler to device: cpu
[2025-11-01 17:35:00,903][utils.samplers][INFO] - Building episode-to-index map for sampler...
[2025-11-01 17:35:01,048][utils.samplers][INFO] - Map building complete.
[2025-11-01 17:35:01,048][__main__][INFO] - Using EpisodeAwareSampler for training to optimize I/O.
