[2025-10-18 00:08:28,887][__main__][INFO] - ----------- Configuration -----------
[2025-10-18 00:08:28,890][__main__][INFO] - seed: 42
device: cpu
resume_checkpoint: null
logging:
  use_wandb: false
  wandb_project: dgpo_diffusion_pretrain
  wandb_run_name: null
  log_interval_steps: 50
  val_interval_epochs: 1
dataset:
  path: C:/Users/Hellx/Documents/Programming/python/Project/dgpo/data/demos/expert_expert_run_v1_20k_samples_086fea9add4358a2b0fe91deaa115372.lmdb
  val_path: C:/Users/Hellx/Documents/Programming/python/Project/dgpo/data/demos/expert_expert_run_v1_20k_samples_086fea9add4358a2b0fe91deaa115372.lmdb
  batch_size: 16
  num_workers: 0
model:
  observation_horizon: 2
  action_horizon: 8
  action_dim: 8
  image_feat_dim: 256
  d_model: 256
  denoiser_layers: 6
  denoiser_heads: 8
scheduler:
  schedule_type: cosine
  timesteps: 100
  beta_start: 0.0001
  beta_end: 0.02
optimizer:
  lr: 0.0001
  weight_decay: 1.0e-06
  grad_clip_norm: 1.0
training:
  epochs: 1
  use_amp: false
  ema_decay: 0.999
  cfg_p_uncond: 0.1
validation:
  guidance_scale: 1.5
  sampling_steps: 50

[2025-10-18 00:08:28,891][__main__][INFO] - ------------------------------------
[2025-10-18 00:08:28,899][__main__][INFO] - Global seed set to 42
[2025-10-18 00:08:28,900][__main__][INFO] - Output directory: C:\Users\Hellx\Documents\Programming\python\Project\dgpo\outputs\2025-10-18\00-08-28
[2025-10-18 00:08:28,904][__main__][INFO] - Building datasets...
[2025-10-18 00:08:28,905][lmdb_utils][INFO] -  Opened LMDB at C:\Users\Hellx\Documents\Programming\python\Project\dgpo\data\demos\expert_expert_run_v1_20k_samples_086fea9add4358a2b0fe91deaa115372.lmdb | mode=RO | file-mode
[2025-10-18 00:08:29,671][utils.expert_dataset][INFO] - Loaded expert demos: 7 episodes, 1793 total valid chunks.
[2025-10-18 00:08:29,684][lmdb_utils][INFO] -  Opened LMDB at C:\Users\Hellx\Documents\Programming\python\Project\dgpo\data\demos\expert_expert_run_v1_20k_samples_086fea9add4358a2b0fe91deaa115372.lmdb | mode=RO | file-mode
[2025-10-18 00:08:30,458][utils.expert_dataset][INFO] - Loaded expert demos: 7 episodes, 1793 total valid chunks.
[2025-10-18 00:08:30,481][__main__][INFO] - Building diffusion policy model...
[2025-10-18 00:08:30,482][lmdb_utils][INFO] -  Opened LMDB at C:\Users\Hellx\Documents\Programming\python\Project\dgpo\data\demos\expert_expert_run_v1_20k_samples_086fea9add4358a2b0fe91deaa115372.lmdb | mode=RO | file-mode
[2025-10-18 00:08:30,577][__main__][INFO] - Inferred proprioception dimension: 22
[2025-10-18 00:08:31,287][models.diffusion_policy][INFO] - State-of-the-art DiffusionPolicy initialized on device: cpu
[2025-10-18 00:08:31,400][__main__][INFO] - Starting training...
[2025-10-18 00:16:47,973][__main__][INFO] - Running validation for epoch 1...
[2025-10-18 00:16:47,977][lmdb_utils][INFO] -  Opened LMDB at C:\Users\Hellx\Documents\Programming\python\Project\dgpo\data\demos\expert_expert_run_v1_20k_samples_086fea9add4358a2b0fe91deaa115372.lmdb | mode=RO | file-mode
[2025-10-18 00:27:26,155][__main__][INFO] - Validation Loss: 0.1756, Action MSE: 0.6406
[2025-10-18 00:27:26,155][__main__][INFO] - Generating diagnostic denoising rollout...
[2025-10-18 00:27:30,308][matplotlib.animation][INFO] - Animation.save using <class 'matplotlib.animation.FFMpegWriter'>
[2025-10-18 00:27:30,309][matplotlib.animation][INFO] - MovieWriter._run: running command: ffmpeg -f rawvideo -vcodec rawvideo -s 1000x600 -pix_fmt rgba -framerate 20 -loglevel error -i pipe: -vcodec h264 -pix_fmt yuv420p -y 'C:\Users\Hellx\Documents\Programming\python\Project\dgpo\outputs\2025-10-18\00-08-28\diagnostics\denoising_epoch_1.mp4'
[2025-10-18 00:27:41,609][__main__][INFO] - Saved diagnostic video to C:\Users\Hellx\Documents\Programming\python\Project\dgpo\outputs\2025-10-18\00-08-28\diagnostics\denoising_epoch_1.mp4
[2025-10-18 00:27:43,292][__main__][INFO] - Saved new best checkpoint to C:\Users\Hellx\Documents\Programming\python\Project\dgpo\outputs\2025-10-18\00-08-28\checkpoints\best.pth
[2025-10-18 00:27:43,295][__main__][INFO] - Training completed in 0.32 hours.
[2025-10-18 00:27:43,321][lmdb_utils][INFO] -  LMDB environment closed successfully.
[2025-10-18 00:27:43,427][lmdb_utils][INFO] -  LMDB environment closed successfully.
