[2025-11-17 12:48:50,388][__main__][INFO] - --- UHP v2.0 Hierarchical Visual Evaluation (SOTA Patched) ---
[2025-11-17 12:48:50,389][__main__][INFO] - Full evaluation config:
checkpoint_path: C:/Users/Hellx/Documents/Programming/python/Project/redhot/notes/checkpoints/v1/backup_epoch_39.ckpt
eval_static_scene: true
output_video: evaluation_uhp12.mp4
seed: 45
num_episodes: 1
inference:
  inference_steps: 20
logging:
  enable_video: true
  video_output_path: evaluation_uhp.mp4
  enable_csv_logging: true
  csv_output_path: evaluation_diagnostics.csv

[2025-11-17 12:48:50,395][__main__][INFO] - Loading Lightning checkpoint from: C:/Users/Hellx/Documents/Programming/python/Project/redhot/notes/checkpoints/v1/backup_epoch_39.ckpt
[2025-11-17 12:48:52,853][models.uhp][INFO] - Initializing the UHP Orchestrator...
[2025-11-17 12:48:52,854][models.uhp][INFO] - Initializing Sequencer with backbone: google/siglip-base-patch16-224
[2025-11-17 12:48:53,738][models.uhp][INFO] - Determined vision model hidden dimension: 768
[2025-11-17 12:48:53,840][models.uhp][INFO] - Initializing Executor with hidden_dim: 512
[2025-11-17 12:48:54,541][models.uhp][INFO] - UHP Orchestrator initialized successfully.
[2025-11-17 12:48:54,910][train.train_uhp][INFO] - UHPLightningModule initialized successfully.
[2025-11-17 12:48:55,018][train.train_uhp][INFO] - Successfully loaded EMA weights from checkpoint.
[2025-11-17 12:48:55,018][train.train_uhp][INFO] - Successfully loaded normalizers from checkpoint into LightningModule.
[2025-11-17 12:48:55,019][train.train_uhp][INFO] - Successfully loaded kinematic limits from checkpoint.
[2025-11-17 12:48:55,450][__main__][INFO] - EMA weights successfully extracted and applied for inference.
[2025-11-17 12:48:55,454][__main__][INFO] - LightningModule loaded and set to eval mode.
[2025-11-17 12:48:58,476][__main__][INFO] - Recording video to: evaluation_uhp12.mp4
[2025-11-17 12:48:58,482][__main__][INFO] - Logging diagnostic data to: evaluation_diagnostics.csv
[2025-11-17 12:48:59,467][__main__][INFO] - Step 0: Oracle phase changed to 0.
[2025-11-17 12:57:19,290][__main__][INFO] - Episode finished after 98 steps.
[2025-11-17 12:57:19,406][__main__][INFO] - --- Evaluation Complete. ---
