[2025-11-15 19:36:31,141][__main__][INFO] - --- UHP v2.0 Hierarchical Visual Evaluation (SOTA Patched) ---
[2025-11-15 19:36:31,143][__main__][INFO] - Full evaluation config:
checkpoint_path: C:/Users/Hellx/Documents/Programming/python/Project/redhot/notes/checkpoints/v1/backup_epoch_31.ckpt
output_video: evaluation_uhp12.mp4
seed: 43
num_episodes: 1
inference:
  inference_steps: 20
logging:
  enable_video: true
  video_output_path: evaluation_uhp.mp4
  enable_csv_logging: true
  csv_output_path: evaluation_diagnostics.csv

[2025-11-15 19:36:31,149][__main__][INFO] - Loading Lightning checkpoint from: C:/Users/Hellx/Documents/Programming/python/Project/redhot/notes/checkpoints/v1/backup_epoch_31.ckpt
[2025-11-15 19:36:32,472][models.uhp][INFO] - Initializing the UHP Orchestrator...
[2025-11-15 19:36:32,477][models.uhp][INFO] - Initializing Sequencer with backbone: google/siglip-base-patch16-224
[2025-11-15 19:36:33,350][models.uhp][INFO] - Determined vision model hidden dimension: 768
[2025-11-15 19:36:33,454][models.uhp][INFO] - Initializing Executor with hidden_dim: 512
[2025-11-15 19:36:34,231][models.uhp][INFO] - UHP Orchestrator initialized successfully.
[2025-11-15 19:36:36,512][train.train_uhp][INFO] - UHPLightningModule initialized successfully.
[2025-11-15 19:36:36,615][train.train_uhp][INFO] - Successfully loaded EMA weights from checkpoint.
[2025-11-15 19:36:36,616][train.train_uhp][INFO] - Successfully loaded normalizers from checkpoint into LightningModule.
[2025-11-15 19:36:36,616][train.train_uhp][INFO] - Successfully loaded kinematic limits from checkpoint.
[2025-11-15 19:36:37,040][__main__][INFO] - EMA weights successfully extracted and applied for inference.
[2025-11-15 19:36:37,044][__main__][INFO] - LightningModule loaded and set to eval mode.
[2025-11-15 19:36:40,381][__main__][INFO] - Recording video to: evaluation_uhp12.mp4
[2025-11-15 19:36:40,383][__main__][INFO] - Logging diagnostic data to: evaluation_diagnostics.csv
[2025-11-15 19:36:41,407][__main__][INFO] - Step 0: Phase changed from -1 -> 0. Re-planning...
[2025-11-15 19:41:44,594][__main__][INFO] - Episode finished after 98 steps.
[2025-11-15 19:41:44,728][__main__][INFO] - --- Evaluation Complete. ---
