[2025-11-05 14:12:29,083][__main__][INFO] - --- UHP v2.0 Hierarchical Visual Evaluation ---
[2025-11-05 14:12:29,085][__main__][INFO] - Full evaluation config:
checkpoint_path: C:\Users\Hellx\Documents\Programming\python\Project\redhot\notes\checkpoints\backup_epoch_31.ckpt
output_video: evaluation_uhp.mp4
seed: 43
num_episodes: 1
inference:
  inference_steps: 20

[2025-11-05 14:12:29,105][__main__][INFO] - Loading Lightning checkpoint from: C:\Users\Hellx\Documents\Programming\python\Project\redhot\notes\checkpoints\backup_epoch_31.ckpt
[2025-11-05 14:12:31,121][models.uhp][INFO] - Initializing the UHP Orchestrator...
[2025-11-05 14:12:31,122][models.uhp][INFO] - Initializing Sequencer with backbone: google/siglip-base-patch16-224
[2025-11-05 14:12:32,113][models.uhp][INFO] - Determined vision model hidden dimension: 768
[2025-11-05 14:12:32,265][models.uhp][INFO] - Initializing Executor with hidden_dim: 512
[2025-11-05 14:12:33,450][models.uhp][INFO] - UHP Orchestrator initialized successfully.
[2025-11-05 14:12:33,916][train.train_uhp][INFO] - UHPLightningModule initialized successfully.
[2025-11-05 14:12:34,161][train.train_uhp][INFO] - Successfully loaded EMA weights from checkpoint.
[2025-11-05 14:12:34,162][train.train_uhp][INFO] - Successfully loaded normalizers from checkpoint into LightningModule.
[2025-11-05 14:12:34,163][train.train_uhp][INFO] - Successfully loaded kinematic limits from checkpoint.
[2025-11-05 14:12:34,727][__main__][INFO] - EMA weights successfully applied for inference.
[2025-11-05 14:12:34,732][__main__][INFO] - LightningModule loaded successfully and set to eval mode.
[2025-11-05 14:12:39,210][__main__][INFO] - Phase change at step 0: -1 -> 0. Re-planning...
[2025-11-05 14:46:24,268][__main__][INFO] - Episode finished after 500 steps.
[2025-11-05 14:46:24,436][__main__][INFO] - --- Evaluation Complete. Video saved to: C:\Users\Hellx\Documents\Programming\python\Project\redhot\evaluation_uhp.mp4 ---
