[2025-10-19 18:54:38,306][__main__][INFO] - ----------- RL Fine-tuning Configuration -----------
[2025-10-19 18:54:38,312][__main__][INFO] - seed: 42
device: cpu
pretrained_policy_path: notes/checkpoints/best.pth
dataset:
  path: C:/Users/Hellx/Documents/Programming/python/Project/dgpo/data/validation/expert_20251019_011015_6000_samples.lmdb
  num_workers: 0
environment:
  xml_path: envs/panda_pick_place.xml
  n_envs: 1
  max_episode_steps: 500
model:
  observation_horizon: 2
  action_horizon: 8
  action_dim: 8
  image_feat_dim: 256
  d_model: 256
  denoiser_layers: 6
  denoiser_heads: 8
scheduler:
  schedule: cosine
  timesteps: 100
  beta_start: 0.0001
  beta_end: 0.02
training:
  total_timesteps: 2000
  curriculum_total_episodes: 2000
rl_algorithm:
  buffer_size: 5000
  learning_starts: 1000
  batch_size: 256
  gamma: 0.98
  tau: 0.005
  policy_delay: 2
  policy_noise: 0.2
  noise_clip: 0.5
  exploration_noise: 0.1
  guidance_scale: 1.5
optimizer:
  actor_lr: 0.0001
  critic_lr: 0.0003
logging:
  use_wandb: false
  wandb_project: dgpo_rl_finetune
  wandb_run_name: null
  log_interval_steps: 100
  eval_freq: 1000
  n_eval_episodes: 5
  video_log_freq: 1

[2025-10-19 18:54:38,324][__main__][INFO] - --------------------------------------------------
[2025-10-19 18:54:38,332][__main__][INFO] - Global seed set to 42
[2025-10-19 18:54:38,335][__main__][INFO] - Output directory: C:\Users\Hellx\Documents\Programming\python\Project\dgpo\outputs\rl_finetune\2025-10-19\18-54-38
[2025-10-19 18:54:38,344][__main__][INFO] - Initializing 1 vectorized environments...
[2025-10-19 18:54:42,549][__main__][INFO] - Initialized evaluation environment.
[2025-10-19 18:54:42,561][__main__][INFO] - Initializing Replay Buffer...
[2025-10-19 18:54:42,575][__main__][INFO] - Using sb3_contrib.common.buffers.DictReplayBuffer.
[2025-10-19 18:54:42,582][lmdb_utils][INFO] -  Opened LMDB at C:\Users\Hellx\Documents\Programming\python\Project\dgpo\data\validation\expert_20251019_011015_6000_samples.lmdb | mode=RO | file-mode
[2025-10-19 18:54:59,029][utils.expert_dataset][INFO] - Loaded expert demos: 40 episodes, 9889 total valid chunks.
[2025-10-19 18:54:59,169][__main__][INFO] - Building RL models and loading pre-trained actor...
[2025-10-19 18:54:59,169][__main__][INFO] - Inferred proprioception dimension per step: 22
[2025-10-19 18:55:00,386][models.diffusion_policy][INFO] - State-of-the-art DiffusionPolicy initialized on device: cpu
[2025-10-19 18:55:01,234][models.diffusion_policy][INFO] - Loaded model checkpoint from notes\checkpoints\best.pth
[2025-10-19 18:55:01,237][__main__][INFO] - Successfully loaded pre-trained diffusion policy from notes\checkpoints\best.pth
[2025-10-19 18:55:01,240][__main__][ERROR] - An error occurred during RL fine-tuning run.
Traceback (most recent call last):
  File "C:\Users\Hellx\Documents\Programming\python\Project\dgpo\scripts\train_rl.py", line 1176, in main
    trainer = RLFineTuner(cfg)
  File "C:\Users\Hellx\Documents\Programming\python\Project\dgpo\scripts\train_rl.py", line 386, in __init__
    self._build_models_and_optimizers(history_obs_space)
  File "C:\Users\Hellx\Documents\Programming\python\Project\dgpo\scripts\train_rl.py", line 574, in _build_models_and_optimizers
    self.cfg.rl_algorithm.sampling_steps
  File "C:\Users\Hellx\Documents\Programming\python\Project\dgpo_project\venv\lib\site-packages\omegaconf\dictconfig.py", line 359, in __getattr__
    self._format_and_raise(key=key, value=None, cause=e)
  File "C:\Users\Hellx\Documents\Programming\python\Project\dgpo_project\venv\lib\site-packages\omegaconf\base.py", line 231, in _format_and_raise
    format_and_raise(
  File "C:\Users\Hellx\Documents\Programming\python\Project\dgpo_project\venv\lib\site-packages\omegaconf\_utils.py", line 819, in format_and_raise
    _raise(ex, cause)
  File "C:\Users\Hellx\Documents\Programming\python\Project\dgpo_project\venv\lib\site-packages\omegaconf\_utils.py", line 797, in _raise
    raise ex.with_traceback(sys.exc_info()[2])  # set env var OC_CAUSE=1 for full trace
  File "C:\Users\Hellx\Documents\Programming\python\Project\dgpo_project\venv\lib\site-packages\omegaconf\dictconfig.py", line 351, in __getattr__
    return self._get_impl(
  File "C:\Users\Hellx\Documents\Programming\python\Project\dgpo_project\venv\lib\site-packages\omegaconf\dictconfig.py", line 442, in _get_impl
    node = self._get_child(
  File "C:\Users\Hellx\Documents\Programming\python\Project\dgpo_project\venv\lib\site-packages\omegaconf\basecontainer.py", line 73, in _get_child
    child = self._get_node(
  File "C:\Users\Hellx\Documents\Programming\python\Project\dgpo_project\venv\lib\site-packages\omegaconf\dictconfig.py", line 475, in _get_node
    self._validate_get(key)
  File "C:\Users\Hellx\Documents\Programming\python\Project\dgpo_project\venv\lib\site-packages\omegaconf\dictconfig.py", line 164, in _validate_get
    self._format_and_raise(
  File "C:\Users\Hellx\Documents\Programming\python\Project\dgpo_project\venv\lib\site-packages\omegaconf\base.py", line 231, in _format_and_raise
    format_and_raise(
  File "C:\Users\Hellx\Documents\Programming\python\Project\dgpo_project\venv\lib\site-packages\omegaconf\_utils.py", line 899, in format_and_raise
    _raise(ex, cause)
  File "C:\Users\Hellx\Documents\Programming\python\Project\dgpo_project\venv\lib\site-packages\omegaconf\_utils.py", line 797, in _raise
    raise ex.with_traceback(sys.exc_info()[2])  # set env var OC_CAUSE=1 for full trace
omegaconf.errors.ConfigAttributeError: Key 'sampling_steps' is not in struct
    full_key: rl_algorithm.sampling_steps
    object_type=dict
