[2025-11-17 13:40:55,847][__main__][INFO] - --- UHP v3.0 SOTA Live Evaluation ---
[2025-11-17 13:40:55,848][__main__][INFO] - Full evaluation config:
checkpoint_path: C:/Users/Hellx/Documents/Programming/python/Project/redhot/notes/checkpoints/v1/backup_epoch_39.ckpt
dataset_path: C:/Users/Hellx/Documents/Programming/python/Project/redhot/data/training/training_dataset.lmdb
seed: 42
num_episodes: 3
output_video: uhp_live_evaluation.mp4
video_fps: 30
inference:
  inference_steps: 20

[2025-11-17 13:40:55,854][__main__][INFO] - Loading Lightning checkpoint from: C:/Users/Hellx/Documents/Programming/python/Project/redhot/notes/checkpoints/v1/backup_epoch_39.ckpt
[2025-11-17 13:40:57,167][models.uhp][INFO] - Initializing the UHP Orchestrator...
[2025-11-17 13:40:57,172][models.uhp][INFO] - Initializing Sequencer with backbone: google/siglip-base-patch16-224
[2025-11-17 13:40:58,001][models.uhp][INFO] - Determined vision model hidden dimension: 768
[2025-11-17 13:40:58,102][models.uhp][INFO] - Initializing Executor with hidden_dim: 512
[2025-11-17 13:40:58,767][models.uhp][INFO] - UHP Orchestrator initialized successfully.
[2025-11-17 13:40:59,082][train.train_uhp][INFO] - UHPLightningModule initialized successfully.
[2025-11-17 13:40:59,187][train.train_uhp][INFO] - Successfully loaded EMA weights from checkpoint.
[2025-11-17 13:40:59,187][train.train_uhp][INFO] - Successfully loaded normalizers from checkpoint into LightningModule.
[2025-11-17 13:40:59,188][train.train_uhp][INFO] - Successfully loaded kinematic limits from checkpoint.
[2025-11-17 13:40:59,582][__main__][INFO] - EMA weights successfully extracted and applied for inference.
[2025-11-17 13:40:59,585][__main__][INFO] - LightningModule loaded and set to eval mode.
[2025-11-17 13:41:01,877][__main__][INFO] - Loading dataset index from: C:/Users/Hellx/Documents/Programming/python/Project/redhot/data/training/training_dataset.lmdb
[2025-11-17 13:41:01,878][utils.expert_dataset][INFO] - Loading index from C:\Users\Hellx\Documents\Programming\python\Project\redhot\data\training\training_dataset_index.json...
[2025-11-17 13:41:01,881][utils.expert_dataset][INFO] - Loaded 80 episodes, 20452 total valid chunks (Virtually Indexed).
[2025-11-17 13:41:01,881][__main__][INFO] - Found 80 episodes in dataset index.
[2025-11-17 13:41:01,885][__main__][INFO] - Recording video to: uhp_live_evaluation.mp4
[2025-11-17 13:41:01,886][__main__][INFO] - Running evaluation for 3 episodes...
[2025-11-17 13:41:02,511][lmdb_utils][INFO] -  Opened LMDB at C:\Users\Hellx\Documents\Programming\python\Project\redhot\data\training\training_dataset.lmdb | mode=RO | file-mode
[2025-11-17 13:48:46,784][__main__][INFO] - Episode finished after 98 steps.
[2025-11-17 13:57:03,183][__main__][INFO] - Episode finished after 98 steps.
[2025-11-17 14:05:28,764][__main__][INFO] - Episode finished after 98 steps.
[2025-11-17 14:05:28,896][__main__][INFO] - --- Live Evaluation Complete. ---
