[2025-10-28 02:02:13,123][__main__][INFO] - ----------- Configuration -----------
[2025-10-28 02:02:13,126][__main__][INFO] - seed: 42
device: cpu
resume_checkpoint: C:/Users/Hellx/Documents/Programming/python/Project/dgpo/outputs/diffusion_pretrain/v1/2025-10-25/00-16-18/checkpoints/backup/backup_epoch_19.pth
logging:
  use_wandb: false
  wandb_project: dgpo_diffusion_pretrain
  log_interval_steps: 100
  val_interval_epochs: 3
dataset:
  path: C:/Users/Hellx/Documents/Programming/python/Project/dgpo/data/training/sota_dataset/expert_training_run_99914b93.lmdb
  val_path: C:/Users/Hellx/Documents/Programming/python/Project/dgpo/data/validation/sota_dataset/expert_validation_run_99914b93.lmdb
  batch_size: 128
  num_workers: 2
model:
  observation_horizon: 2
  action_horizon: 8
  action_dim: 8
  image_feat_dim: 128
  d_model: 128
  denoiser_layers: 4
  denoiser_heads: 4
scheduler:
  schedule_type: cosine
  timesteps: 100
  beta_start: 0.0001
  beta_end: 0.02
optimizer:
  lr: 0.0002
  weight_decay: 0.0001
  grad_clip_norm: 1.0
training:
  epochs: 1000
  use_amp: false
  ema_decay: 0.999
  cfg_p_uncond: 0.15
validation:
  guidance_scale: 1.5
  sampling_steps: 50

[2025-10-28 02:02:13,127][__main__][INFO] - ------------------------------------
[2025-10-28 02:02:13,136][__main__][INFO] - Global seed set to 42
[2025-10-28 02:02:13,136][__main__][INFO] - Output directory: C:\Users\Hellx\Documents\Programming\python\Project\dgpo\outputs\diffusion_pretrain\v1\2025-10-28\02-02-13
[2025-10-28 02:02:13,141][__main__][INFO] - Building datasets...
[2025-10-28 02:02:13,142][utils.expert_dataset][INFO] - Loading index from C:\Users\Hellx\Documents\Programming\python\Project\dgpo\data\training\sota_dataset\expert_training_run_99914b93_index.json...
[2025-10-28 02:02:13,146][utils.expert_dataset][INFO] - Loaded 260 episodes, 65576 total valid chunks (Virtually Indexed).
[2025-10-28 02:02:13,147][utils.expert_dataset][INFO] - Loading index from C:\Users\Hellx\Documents\Programming\python\Project\dgpo\data\validation\sota_dataset\expert_validation_run_99914b93_index.json...
[2025-10-28 02:02:13,148][utils.expert_dataset][INFO] - Loaded 12 episodes, 2945 total valid chunks (Virtually Indexed).
[2025-10-28 02:02:13,149][__main__][INFO] - Building diffusion policy model...
[2025-10-28 02:02:13,149][__main__][INFO] - Inferred proprioception dimension from dataset index: 22
[2025-10-28 02:02:13,781][models.diffusion_policy][INFO] - State-of-the-art DiffusionPolicy initialized on device: cpu
[2025-10-28 02:02:13,889][__main__][INFO] - Resuming training from checkpoint: C:\Users\Hellx\Documents\Programming\python\Project\dgpo\outputs\diffusion_pretrain\v1\2025-10-25\00-16-18\checkpoints\backup\backup_epoch_19.pth
[2025-10-28 02:02:14,397][__main__][INFO] - Starting training from epoch 20...
