[2025-11-16 17:29:53,326][__main__][INFO] - --- UHP v3.0 State-Aware Visual Evaluation ---
[2025-11-16 17:29:53,328][__main__][INFO] - Full evaluation config:
checkpoint_path: C:/Users/Hellx/Documents/Programming/python/Project/redhot/notes/checkpoints/v1/backup_epoch_39.ckpt
output_video: evaluation_uhp12.mp4
seed: 45
num_episodes: 1
inference:
  inference_steps: 20
logging:
  enable_video: true
  video_output_path: evaluation_uhp.mp4
  enable_csv_logging: true
  csv_output_path: evaluation_diagnostics.csv

[2025-11-16 17:29:54,960][models.uhp][INFO] - Initializing the UHP Orchestrator...
[2025-11-16 17:29:54,962][models.uhp][INFO] - Initializing Sequencer with backbone: google/siglip-base-patch16-224
[2025-11-16 17:29:55,786][models.uhp][INFO] - Determined vision model hidden dimension: 768
[2025-11-16 17:29:55,892][models.uhp][INFO] - Initializing Executor with hidden_dim: 512
[2025-11-16 17:29:56,762][models.uhp][INFO] - UHP Orchestrator initialized successfully.
[2025-11-16 17:29:57,138][train.train_uhp][INFO] - UHPLightningModule initialized successfully.
[2025-11-16 17:29:57,270][train.train_uhp][INFO] - Successfully loaded EMA weights from checkpoint.
[2025-11-16 17:29:57,271][train.train_uhp][INFO] - Successfully loaded normalizers from checkpoint into LightningModule.
[2025-11-16 17:29:57,271][train.train_uhp][INFO] - Successfully loaded kinematic limits from checkpoint.
[2025-11-16 17:29:57,641][__main__][INFO] - EMA weights successfully extracted and applied for inference.
[2025-11-16 17:29:57,644][__main__][INFO] - Initializing PandaEnv (Domain Randomization EXPLICITLY DISABLED for eval)...
[2025-11-16 17:30:01,113][__main__][INFO] - Recording video to: evaluation_uhp12.mp4
[2025-11-16 17:30:01,115][__main__][INFO] - Logging diagnostic data to: evaluation_diagnostics.csv
