[2025-10-25 13:34:27,593][__main__][INFO] - ----------- RL Fine-tuning Configuration -----------
[2025-10-25 13:34:27,605][__main__][INFO] - seed: 42
device: cpu
pretrained_policy_path: C:/Users/Hellx/Documents/Programming/python/Project/dgpo/outputs/diffusion_pretrain/v1/2025-10-25/00-16-18/checkpoints/backup/backup_epoch_19.pth
dataset:
  path: C:/Users/Hellx/Documents/Programming/python/Project/dgpo/data/validation/sota_dataset/expert_validation_run_99914b93.lmdb
  num_workers: 2
environment:
  xml_path: envs/panda_pick_place.xml
  n_envs: 2
  max_episode_steps: 500
model:
  observation_horizon: 2
  action_horizon: 8
  action_dim: 8
  image_feat_dim: 128
  d_model: 128
  denoiser_layers: 4
  denoiser_heads: 4
scheduler:
  schedule: cosine
  timesteps: 100
  beta_start: 0.0001
  beta_end: 0.02
training:
  total_timesteps: 200000
  curriculum_total_episodes: 2000
rl_algorithm:
  buffer_size: 5000
  learning_starts: 5000
  batch_size: 128
  gamma: 0.98
  tau: 0.005
  policy_delay: 2
  policy_noise: 0.2
  noise_clip: 0.5
  exploration_noise: 0.1
  guidance_scale: 1.5
  sampling_steps: 4
optimizer:
  actor_lr: 0.0001
  critic_lr: 0.0003
logging:
  use_wandb: false
  wandb_project: dgpo_rl_finetune_v1
  wandb_run_name: null
  log_interval_steps: 800
  eval_freq: 5000
  n_eval_episodes: 3
  video_log_freq: 1

[2025-10-25 13:34:27,606][__main__][INFO] - --------------------------------------------------
[2025-10-25 13:34:27,616][__main__][INFO] - Global seed set to 42
[2025-10-25 13:34:27,617][__main__][INFO] - Output directory: C:\Users\Hellx\Documents\Programming\python\Project\dgpo\outputs\rl_finetune\2025-10-25\13-34-27
[2025-10-25 13:34:27,623][__main__][INFO] - Initializing 2 vectorized environments...
[2025-10-25 13:34:27,624][__main__][WARNING] - [SAFEGUARD] Detected Windows OS. SubprocVecEnv uses 'spawn' multiprocessing which often breaks with PyTorch/CuDNN/MuJoCo. Falling back to DummyVecEnv.
[2025-10-25 13:34:32,788][__main__][INFO] - [ENV INIT] rank=0 is_eval=False seed=42
[2025-10-25 13:34:34,030][__main__][INFO] - [ENV INIT] rank=1 is_eval=False seed=43
[2025-10-25 13:34:34,048][__main__][INFO] - [ENV BUILDER] Created 2 env(s) using DummyVecEnv in 6.424s on Windows | CUDA=OFF
[2025-10-25 13:34:35,347][__main__][INFO] - [ENV INIT] rank=0 is_eval=True seed=1042
[2025-10-25 13:34:35,349][__main__][INFO] - [ENV BUILDER] Created 1 env(s) using DummyVecEnv in 1.256s on Windows | CUDA=OFF
[2025-10-25 13:34:35,349][__main__][INFO] - Initialized evaluation environment.
[2025-10-25 13:34:35,370][__main__][INFO] - Initializing Replay Buffer...
[2025-10-25 13:34:35,375][__main__][INFO] - Using sb3_contrib.common.buffers.DictReplayBuffer.
[2025-10-25 13:34:35,377][utils.expert_dataset][INFO] - Loading index from C:\Users\Hellx\Documents\Programming\python\Project\dgpo\data\validation\sota_dataset\expert_validation_run_99914b93_index.json...
[2025-10-25 13:34:35,380][utils.expert_dataset][INFO] - Loaded 12 episodes, 2945 total valid chunks (Virtually Indexed).
[2025-10-25 13:34:35,652][__main__][INFO] - Building RL models and loading pre-trained actor...
[2025-10-25 13:34:35,652][__main__][INFO] - Inferred proprioception dimension from expert dataset: 22
[2025-10-25 13:34:37,030][models.diffusion_policy][INFO] - State-of-the-art DiffusionPolicy initialized on device: cpu
[2025-10-25 13:34:37,033][models.diffusion_policy][INFO] - Loading model checkpoint from C:\Users\Hellx\Documents\Programming\python\Project\dgpo\outputs\diffusion_pretrain\v1\2025-10-25\00-16-18\checkpoints\backup\backup_epoch_19.pth
[2025-10-25 13:34:37,506][__main__][INFO] - Successfully loaded pre-trained diffusion policy from C:\Users\Hellx\Documents\Programming\python\Project\dgpo\outputs\diffusion_pretrain\v1\2025-10-25\00-16-18\checkpoints\backup\backup_epoch_19.pth
[2025-10-25 13:34:37,508][__main__][INFO] - DiffusionActor initialized with guidance_scale=1.5, sampling_steps=4
[2025-10-25 13:34:37,620][__main__][INFO] - DiffusionActor initialized with guidance_scale=1.5, sampling_steps=4
[2025-10-25 13:34:37,682][__main__][INFO] - Actor and Target Actor created.
[2025-10-25 13:34:40,489][__main__][INFO] - Critic and Target Critic created with DECOUPLED encoders.
[2025-10-25 13:34:40,493][__main__][INFO] - Optimizers created. Critic optimizer targets Q-networks only.
[2025-10-25 13:34:40,497][__main__][INFO] - No checkpoint found at specified path. Starting training from scratch.
[2025-10-25 13:34:40,498][__main__][INFO] - Starting RL fine-tuning...
[2025-10-25 14:02:26,136][__main__][INFO] - Starting evaluation phase at timestep 5000...
[2025-10-25 14:02:26,138][__main__][INFO] - Running 3 episodes for statistics...
[2025-10-25 14:13:29,359][__main__][INFO] - Statistics gathering complete (663.22s): Mean Reward=0.00 (+/- 0.00), Success Rate=0.00
[2025-10-25 14:13:29,359][__main__][INFO] - New best evaluation success rate: 0.000 (previous: -1.000). Saving best checkpoint.
[2025-10-25 14:13:29,799][__main__][INFO] - Saved latest checkpoint to C:\Users\Hellx\Documents\Programming\python\Project\dgpo\outputs\rl_finetune\2025-10-25\13-34-27\checkpoints\latest_checkpoint.pth at timestep 5000
[2025-10-25 14:13:30,409][__main__][INFO] - Saved best checkpoint to C:\Users\Hellx\Documents\Programming\python\Project\dgpo\outputs\rl_finetune\2025-10-25\13-34-27\checkpoints\best_checkpoint.pth
[2025-10-25 14:13:30,411][__main__][INFO] - Evaluation phase finished.
[2025-10-25 14:13:31,329][__main__][INFO] - Saved latest checkpoint to C:\Users\Hellx\Documents\Programming\python\Project\dgpo\outputs\rl_finetune\2025-10-25\13-34-27\checkpoints\latest_checkpoint.pth at timestep 5000
