[2025-10-31 00:48:34,530][__main__][INFO] - ----------- Configuration -----------
[2025-10-31 00:48:34,535][__main__][INFO] - seed: 42
device: cpu
resume_checkpoint: C:/Users/Hellx/Documents/Programming/python/Project/dgpo/outputs/diffusion_pretrain/v1/2025-10-25/00-16-18/checkpoints/backup/backup_epoch_19.pth
logging:
  use_wandb: false
  wandb_project: dgpo_diffusion_pretrain
  log_interval_steps: 100
  val_interval_epochs: 3
dataset:
  train_path: C:/Users/Hellx/Documents/Programming/python/Project/dgpo/data/training/sota_dataset/expert_training_run_99914b93.lmdb
  val_path: C:/Users/Hellx/Documents/Programming/python/Project/dgpo/data/validation/sota_dataset/expert_validation_run_99914b93.lmdb
  batch_size: 128
  num_workers: 2
  subgoal_horizon_k: 8
model:
  observation_horizon: 2
  action_horizon: 8
  action_dim: 8
  image_feat_dim: 128
  d_model: 128
  denoiser_layers: 4
  denoiser_heads: 4
scheduler:
  schedule_type: cosine
  timesteps: 100
  beta_start: 0.0001
  beta_end: 0.02
optimizer:
  lr: 0.0002
  weight_decay: 0.0001
  grad_clip_norm: 1.0
training:
  epochs: 1000
  use_amp: false
  ema_decay: 0.999
  cfg_p_uncond: 0.15
validation:
  guidance_scale: 1.5
  sampling_steps: 50

[2025-10-31 00:48:34,542][__main__][INFO] - ------------------------------------
[2025-10-31 00:48:34,547][__main__][INFO] - Global seed set to 42
[2025-10-31 00:48:34,547][__main__][INFO] - Output directory: C:\Users\Hellx\Documents\Programming\python\Project\redhot\outputs\diffusion_pretrain\v1\2025-10-31\00-48-34
[2025-10-31 00:48:34,552][__main__][INFO] - Building datasets...
[2025-10-31 00:48:34,552][__main__][INFO] - Loading TRAINING dataset from: C:/Users/Hellx/Documents/Programming/python/Project/dgpo/data/training/sota_dataset/expert_training_run_99914b93.lmdb
[2025-10-31 00:48:34,553][utils.controller_dataset][INFO] - Initializing HierarchicalControllerDataset with H_o=2, H_a=8, k=8
[2025-10-31 00:48:34,554][utils.expert_dataset][INFO] - Loading index from C:\Users\Hellx\Documents\Programming\python\Project\dgpo\data\training\sota_dataset\expert_training_run_99914b93_index.json...
[2025-10-31 00:48:34,561][utils.expert_dataset][INFO] - Loaded 260 episodes, 65576 total valid chunks (Virtually Indexed).
[2025-10-31 00:48:34,562][utils.controller_dataset][INFO] - Successfully initialized. Found 65576 valid controller samples.
[2025-10-31 00:48:34,562][utils.samplers][INFO] - Building episode-to-index map for sampler...
[2025-10-31 00:48:34,724][utils.samplers][INFO] - Map building complete.
[2025-10-31 00:48:34,725][__main__][INFO] - Using EpisodeAwareSampler for training to optimize I/O.
[2025-10-31 00:48:34,726][__main__][INFO] - Loading VALIDATION dataset from: C:/Users/Hellx/Documents/Programming/python/Project/dgpo/data/validation/sota_dataset/expert_validation_run_99914b93.lmdb
[2025-10-31 00:48:34,726][utils.controller_dataset][INFO] - Initializing HierarchicalControllerDataset with H_o=2, H_a=8, k=8
[2025-10-31 00:48:34,727][utils.expert_dataset][INFO] - Loading index from C:\Users\Hellx\Documents\Programming\python\Project\dgpo\data\validation\sota_dataset\expert_validation_run_99914b93_index.json...
[2025-10-31 00:48:34,728][utils.expert_dataset][INFO] - Loaded 12 episodes, 2945 total valid chunks (Virtually Indexed).
[2025-10-31 00:48:34,728][utils.controller_dataset][INFO] - Successfully initialized. Found 2945 valid controller samples.
[2025-10-31 00:48:34,729][__main__][INFO] - Building diffusion policy model...
[2025-10-31 00:48:34,729][__main__][INFO] - Inferred proprioception dimension from dataset: 22
[2025-10-31 00:48:35,716][models.diffusion_policy][INFO] - ViDHiS Controller (DiffusionPolicy) initialized on device: cpu
[2025-10-31 00:48:35,724][__main__][INFO] - Configuring LR scheduler: Total steps=512000, Warmup steps=0
[2025-10-31 00:48:35,725][__main__][INFO] - Resuming training from checkpoint: C:\Users\Hellx\Documents\Programming\python\Project\dgpo\outputs\diffusion_pretrain\v1\2025-10-25\00-16-18\checkpoints\backup\backup_epoch_19.pth
[2025-10-31 00:48:35,996][__main__][WARNING] - Performing checkpoint migration for an older model architecture. Some weights may be re-initialized.
[2025-10-31 00:48:36,030][__main__][WARNING] - Checkpoint Loading: Missing keys in model: ['primary_encoder.mean', 'primary_encoder.std', 'wrist_encoder.mean', 'wrist_encoder.std', 'subgoal_encoder.mean', 'subgoal_encoder.std', 'subgoal_encoder.backbone.0.weight', 'subgoal_encoder.backbone.1.weight', 'subgoal_encoder.backbone.1.bias', 'subgoal_encoder.backbone.1.running_mean', 'subgoal_encoder.backbone.1.running_var', 'subgoal_encoder.backbone.4.0.conv1.weight', 'subgoal_encoder.backbone.4.0.bn1.weight', 'subgoal_encoder.backbone.4.0.bn1.bias', 'subgoal_encoder.backbone.4.0.bn1.running_mean', 'subgoal_encoder.backbone.4.0.bn1.running_var', 'subgoal_encoder.backbone.4.0.conv2.weight', 'subgoal_encoder.backbone.4.0.bn2.weight', 'subgoal_encoder.backbone.4.0.bn2.bias', 'subgoal_encoder.backbone.4.0.bn2.running_mean', 'subgoal_encoder.backbone.4.0.bn2.running_var', 'subgoal_encoder.backbone.4.1.conv1.weight', 'subgoal_encoder.backbone.4.1.bn1.weight', 'subgoal_encoder.backbone.4.1.bn1.bias', 'subgoal_encoder.backbone.4.1.bn1.running_mean', 'subgoal_encoder.backbone.4.1.bn1.running_var', 'subgoal_encoder.backbone.4.1.conv2.weight', 'subgoal_encoder.backbone.4.1.bn2.weight', 'subgoal_encoder.backbone.4.1.bn2.bias', 'subgoal_encoder.backbone.4.1.bn2.running_mean', 'subgoal_encoder.backbone.4.1.bn2.running_var', 'subgoal_encoder.backbone.5.0.conv1.weight', 'subgoal_encoder.backbone.5.0.bn1.weight', 'subgoal_encoder.backbone.5.0.bn1.bias', 'subgoal_encoder.backbone.5.0.bn1.running_mean', 'subgoal_encoder.backbone.5.0.bn1.running_var', 'subgoal_encoder.backbone.5.0.conv2.weight', 'subgoal_encoder.backbone.5.0.bn2.weight', 'subgoal_encoder.backbone.5.0.bn2.bias', 'subgoal_encoder.backbone.5.0.bn2.running_mean', 'subgoal_encoder.backbone.5.0.bn2.running_var', 'subgoal_encoder.backbone.5.0.downsample.0.weight', 'subgoal_encoder.backbone.5.0.downsample.1.weight', 'subgoal_encoder.backbone.5.0.downsample.1.bias', 'subgoal_encoder.backbone.5.0.downsample.1.running_mean', 'subgoal_encoder.backbone.5.0.downsample.1.running_var', 'subgoal_encoder.backbone.5.1.conv1.weight', 'subgoal_encoder.backbone.5.1.bn1.weight', 'subgoal_encoder.backbone.5.1.bn1.bias', 'subgoal_encoder.backbone.5.1.bn1.running_mean', 'subgoal_encoder.backbone.5.1.bn1.running_var', 'subgoal_encoder.backbone.5.1.conv2.weight', 'subgoal_encoder.backbone.5.1.bn2.weight', 'subgoal_encoder.backbone.5.1.bn2.bias', 'subgoal_encoder.backbone.5.1.bn2.running_mean', 'subgoal_encoder.backbone.5.1.bn2.running_var', 'subgoal_encoder.backbone.6.0.conv1.weight', 'subgoal_encoder.backbone.6.0.bn1.weight', 'subgoal_encoder.backbone.6.0.bn1.bias', 'subgoal_encoder.backbone.6.0.bn1.running_mean', 'subgoal_encoder.backbone.6.0.bn1.running_var', 'subgoal_encoder.backbone.6.0.conv2.weight', 'subgoal_encoder.backbone.6.0.bn2.weight', 'subgoal_encoder.backbone.6.0.bn2.bias', 'subgoal_encoder.backbone.6.0.bn2.running_mean', 'subgoal_encoder.backbone.6.0.bn2.running_var', 'subgoal_encoder.backbone.6.0.downsample.0.weight', 'subgoal_encoder.backbone.6.0.downsample.1.weight', 'subgoal_encoder.backbone.6.0.downsample.1.bias', 'subgoal_encoder.backbone.6.0.downsample.1.running_mean', 'subgoal_encoder.backbone.6.0.downsample.1.running_var', 'subgoal_encoder.backbone.6.1.conv1.weight', 'subgoal_encoder.backbone.6.1.bn1.weight', 'subgoal_encoder.backbone.6.1.bn1.bias', 'subgoal_encoder.backbone.6.1.bn1.running_mean', 'subgoal_encoder.backbone.6.1.bn1.running_var', 'subgoal_encoder.backbone.6.1.conv2.weight', 'subgoal_encoder.backbone.6.1.bn2.weight', 'subgoal_encoder.backbone.6.1.bn2.bias', 'subgoal_encoder.backbone.6.1.bn2.running_mean', 'subgoal_encoder.backbone.6.1.bn2.running_var', 'subgoal_encoder.backbone.7.0.conv1.weight', 'subgoal_encoder.backbone.7.0.bn1.weight', 'subgoal_encoder.backbone.7.0.bn1.bias', 'subgoal_encoder.backbone.7.0.bn1.running_mean', 'subgoal_encoder.backbone.7.0.bn1.running_var', 'subgoal_encoder.backbone.7.0.conv2.weight', 'subgoal_encoder.backbone.7.0.bn2.weight', 'subgoal_encoder.backbone.7.0.bn2.bias', 'subgoal_encoder.backbone.7.0.bn2.running_mean', 'subgoal_encoder.backbone.7.0.bn2.running_var', 'subgoal_encoder.backbone.7.0.downsample.0.weight', 'subgoal_encoder.backbone.7.0.downsample.1.weight', 'subgoal_encoder.backbone.7.0.downsample.1.bias', 'subgoal_encoder.backbone.7.0.downsample.1.running_mean', 'subgoal_encoder.backbone.7.0.downsample.1.running_var', 'subgoal_encoder.backbone.7.1.conv1.weight', 'subgoal_encoder.backbone.7.1.bn1.weight', 'subgoal_encoder.backbone.7.1.bn1.bias', 'subgoal_encoder.backbone.7.1.bn1.running_mean', 'subgoal_encoder.backbone.7.1.bn1.running_var', 'subgoal_encoder.backbone.7.1.conv2.weight', 'subgoal_encoder.backbone.7.1.bn2.weight', 'subgoal_encoder.backbone.7.1.bn2.bias', 'subgoal_encoder.backbone.7.1.bn2.running_mean', 'subgoal_encoder.backbone.7.1.bn2.running_var', 'subgoal_encoder.projection.weight', 'subgoal_encoder.projection.bias', 'subgoal_encoder.layer_norm.weight', 'subgoal_encoder.layer_norm.bias', 'vision_proj.weight', 'vision_proj.bias', 'uncond_embeddings.primary', 'uncond_embeddings.subgoal', 'uncond_embeddings.wrist']
[2025-10-31 00:48:36,035][__main__][WARNING] - Checkpoint Loading: Unexpected keys in checkpoint: ['fusion_attention.in_proj_weight', 'fusion_attention.in_proj_bias', 'fusion_attention.out_proj.weight', 'fusion_attention.out_proj.bias', 'fusion_norm.weight', 'fusion_norm.bias', 'fusion_proj.weight', 'fusion_proj.bias']
[2025-10-31 00:48:36,036][__main__][INFO] - Policy state dict loaded successfully.
[2025-10-31 00:48:36,041][__main__][WARNING] - Could not load optimizer/scheduler state, likely due to model changes. Starting from epoch 1 with fresh optimizer. Error: EMA.load_state_dict() got an unexpected keyword argument 'strict'
[2025-10-31 00:48:36,045][__main__][INFO] - Starting training from epoch 1...
[2025-10-31 00:49:07,712][__main__][ERROR] - An unexpected error occurred during training at epoch 1.
Traceback (most recent call last):
  File "C:\Users\Hellx\Documents\Programming\python\Project\redhot\scripts\pretrain_diffusion.py", line 621, in run
    self._train_one_epoch(epoch)
  File "C:\Users\Hellx\Documents\Programming\python\Project\redhot\scripts\pretrain_diffusion.py", line 389, in _train_one_epoch
    for (obs_chunk, subgoal_img_chunk), action_chunk in progress_bar:
  File "C:\Users\Hellx\Documents\Programming\python\Project\dgpo_project\venv\lib\site-packages\tqdm\std.py", line 1181, in __iter__
    for obj in iterable:
  File "C:\Users\Hellx\Documents\Programming\python\Project\dgpo_project\venv\lib\site-packages\torch\utils\data\dataloader.py", line 732, in __next__
    data = self._next_data()
  File "C:\Users\Hellx\Documents\Programming\python\Project\dgpo_project\venv\lib\site-packages\torch\utils\data\dataloader.py", line 1506, in _next_data
    return self._process_data(data, worker_id)
  File "C:\Users\Hellx\Documents\Programming\python\Project\dgpo_project\venv\lib\site-packages\torch\utils\data\dataloader.py", line 1541, in _process_data
    data.reraise()
  File "C:\Users\Hellx\Documents\Programming\python\Project\dgpo_project\venv\lib\site-packages\torch\_utils.py", line 769, in reraise
    raise exception
IndexError: Caught IndexError in DataLoader worker process 0.
Original Traceback (most recent call last):
  File "C:\Users\Hellx\Documents\Programming\python\Project\dgpo_project\venv\lib\site-packages\torch\utils\data\_utils\worker.py", line 349, in _worker_loop
    data = fetcher.fetch(index)  # type: ignore[possibly-undefined]
  File "C:\Users\Hellx\Documents\Programming\python\Project\dgpo_project\venv\lib\site-packages\torch\utils\data\_utils\fetch.py", line 52, in fetch
    data = [self.dataset[idx] for idx in possibly_batched_index]
  File "C:\Users\Hellx\Documents\Programming\python\Project\dgpo_project\venv\lib\site-packages\torch\utils\data\_utils\fetch.py", line 52, in <listcomp>
    data = [self.dataset[idx] for idx in possibly_batched_index]
  File "C:\Users\Hellx\Documents\Programming\python\Project\redhot\utils\controller_dataset.py", line 115, in __getitem__
    raise IndexError(
IndexError: Calculated subgoal timestep 247 is out of bounds for episode 239 with length 247.

[2025-10-31 00:49:07,726][__main__][INFO] - Training process finished. Total runtime: 0.01 hours.
[2025-10-31 00:49:07,726][__main__][ERROR] - An error occurred during training.
Traceback (most recent call last):
  File "C:\Users\Hellx\Documents\Programming\python\Project\redhot\scripts\pretrain_diffusion.py", line 687, in main
    trainer.run()
  File "C:\Users\Hellx\Documents\Programming\python\Project\redhot\scripts\pretrain_diffusion.py", line 621, in run
    self._train_one_epoch(epoch)
  File "C:\Users\Hellx\Documents\Programming\python\Project\redhot\scripts\pretrain_diffusion.py", line 389, in _train_one_epoch
    for (obs_chunk, subgoal_img_chunk), action_chunk in progress_bar:
  File "C:\Users\Hellx\Documents\Programming\python\Project\dgpo_project\venv\lib\site-packages\tqdm\std.py", line 1181, in __iter__
    for obj in iterable:
  File "C:\Users\Hellx\Documents\Programming\python\Project\dgpo_project\venv\lib\site-packages\torch\utils\data\dataloader.py", line 732, in __next__
    data = self._next_data()
  File "C:\Users\Hellx\Documents\Programming\python\Project\dgpo_project\venv\lib\site-packages\torch\utils\data\dataloader.py", line 1506, in _next_data
    return self._process_data(data, worker_id)
  File "C:\Users\Hellx\Documents\Programming\python\Project\dgpo_project\venv\lib\site-packages\torch\utils\data\dataloader.py", line 1541, in _process_data
    data.reraise()
  File "C:\Users\Hellx\Documents\Programming\python\Project\dgpo_project\venv\lib\site-packages\torch\_utils.py", line 769, in reraise
    raise exception
IndexError: Caught IndexError in DataLoader worker process 0.
Original Traceback (most recent call last):
  File "C:\Users\Hellx\Documents\Programming\python\Project\dgpo_project\venv\lib\site-packages\torch\utils\data\_utils\worker.py", line 349, in _worker_loop
    data = fetcher.fetch(index)  # type: ignore[possibly-undefined]
  File "C:\Users\Hellx\Documents\Programming\python\Project\dgpo_project\venv\lib\site-packages\torch\utils\data\_utils\fetch.py", line 52, in fetch
    data = [self.dataset[idx] for idx in possibly_batched_index]
  File "C:\Users\Hellx\Documents\Programming\python\Project\dgpo_project\venv\lib\site-packages\torch\utils\data\_utils\fetch.py", line 52, in <listcomp>
    data = [self.dataset[idx] for idx in possibly_batched_index]
  File "C:\Users\Hellx\Documents\Programming\python\Project\redhot\utils\controller_dataset.py", line 115, in __getitem__
    raise IndexError(
IndexError: Calculated subgoal timestep 247 is out of bounds for episode 239 with length 247.

