[2025-11-01 02:10:01,996][__main__][INFO] - ----------- Configuration -----------
[2025-11-01 02:10:02,000][__main__][INFO] - seed: 42
device: cpu
resume_checkpoint: C:/Users/Hellx/Documents/Programming/python/Project/redhot/outputs/diffusion_pretrain_controller/v1/2025-10-31/19-27-34/checkpoints/backup/backup_epoch_4.pth
logging:
  use_wandb: false
  wandb_project: dgpo_diffusion_pretrain
  log_interval_steps: 100
  val_interval_epochs: 3
dataset:
  train_path: C:/Users/Hellx/Documents/Programming/python/Project/dgpo/data/training/sota_dataset/expert_training_run_99914b93.lmdb
  val_path: C:/Users/Hellx/Documents/Programming/python/Project/dgpo/data/validation/sota_dataset/expert_validation_run_99914b93.lmdb
  batch_size: 128
  num_workers: 2
  subgoal_horizon_k: 8
model:
  observation_horizon: 2
  action_horizon: 8
  action_dim: 8
  image_feat_dim: 128
  d_model: 128
  denoiser_layers: 4
  denoiser_heads: 4
scheduler:
  schedule_type: cosine
  timesteps: 100
  beta_start: 0.0001
  beta_end: 0.02
optimizer:
  lr: 0.0002
  weight_decay: 0.0001
  grad_clip_norm: 1.0
training:
  epochs: 1000
  use_amp: false
  ema_decay: 0.999
  cfg_p_uncond: 0.15
validation:
  guidance_scale: 1.5
  sampling_steps: 50

[2025-11-01 02:10:02,001][__main__][INFO] - ------------------------------------
[2025-11-01 02:10:02,012][__main__][INFO] - Global seed set to 42
[2025-11-01 02:10:02,013][__main__][INFO] - Output directory: C:\Users\Hellx\Documents\Programming\python\Project\redhot\outputs\diffusion_pretrain_controller\v1\2025-11-01\02-10-01
[2025-11-01 02:10:02,018][__main__][INFO] - Building datasets...
[2025-11-01 02:10:02,018][__main__][INFO] - Loading TRAINING dataset from: C:/Users/Hellx/Documents/Programming/python/Project/dgpo/data/training/sota_dataset/expert_training_run_99914b93.lmdb
[2025-11-01 02:10:02,019][utils.controller_dataset][INFO] - Initializing HierarchicalControllerDataset with H_o=2, H_a=8, k=8
[2025-11-01 02:10:02,019][utils.expert_dataset][INFO] - Loading index from C:\Users\Hellx\Documents\Programming\python\Project\dgpo\data\training\sota_dataset\expert_training_run_99914b93_index.json...
[2025-11-01 02:10:02,029][utils.expert_dataset][INFO] - Loaded 260 episodes, 65576 total valid chunks (Virtually Indexed).
[2025-11-01 02:10:02,029][utils.controller_dataset][INFO] - Successfully initialized. Found 65316 valid controller samples across 260 episodes.
[2025-11-01 02:10:02,030][utils.samplers][INFO] - Building episode-to-index map for sampler...
[2025-11-01 02:10:02,228][utils.samplers][INFO] - Map building complete.
[2025-11-01 02:10:02,229][__main__][INFO] - Using EpisodeAwareSampler for training to optimize I/O.
[2025-11-01 02:10:02,230][__main__][INFO] - Loading VALIDATION dataset from: C:/Users/Hellx/Documents/Programming/python/Project/dgpo/data/validation/sota_dataset/expert_validation_run_99914b93.lmdb
[2025-11-01 02:10:02,230][utils.controller_dataset][INFO] - Initializing HierarchicalControllerDataset with H_o=2, H_a=8, k=8
[2025-11-01 02:10:02,231][utils.expert_dataset][INFO] - Loading index from C:\Users\Hellx\Documents\Programming\python\Project\dgpo\data\validation\sota_dataset\expert_validation_run_99914b93_index.json...
[2025-11-01 02:10:02,231][utils.expert_dataset][INFO] - Loaded 12 episodes, 2945 total valid chunks (Virtually Indexed).
[2025-11-01 02:10:02,232][utils.controller_dataset][INFO] - Successfully initialized. Found 2933 valid controller samples across 12 episodes.
[2025-11-01 02:10:02,232][__main__][INFO] - Building diffusion policy model...
[2025-11-01 02:10:02,232][__main__][INFO] - Inferred proprioception dimension from dataset: 22
[2025-11-01 02:10:03,780][models.diffusion_policy][INFO] - ViDHiS Controller (DiffusionPolicy) initialized on device: cpu
[2025-11-01 02:10:03,793][__main__][INFO] - Configuring LR scheduler: Total steps=510000, Warmup steps=0
[2025-11-01 02:10:03,794][__main__][ERROR] - An error occurred during training.
Traceback (most recent call last):
  File "C:\Users\Hellx\Documents\Programming\python\Project\redhot\scripts\pretrain_diffusion.py", line 735, in main
    trainer = ControllerBCTrainer(cfg)
  File "C:\Users\Hellx\Documents\Programming\python\Project\redhot\scripts\pretrain_diffusion.py", line 200, in __init__
    self._load_checkpoint(Path(cfg.resume_checkpoint))
AttributeError: 'ControllerBCTrainer' object has no attribute '_load_checkpoint'
