[2025-11-04 20:20:13,663][train_vip_c][INFO] - ================================================================================
[2025-11-04 20:20:13,664][train_vip_c][INFO] - Initializing ViP-C Training Pipeline
[2025-11-04 20:20:13,664][train_vip_c][INFO] - ================================================================================
[2025-11-04 20:20:13,670][train_vip_c][INFO] - Full configuration:
seed: 42
project_name: vip_c_training
model:
  planner_cfg:
    vision_backbone_model: google/siglip-base-patch16-224
    num_task_phases: 5
    fusion_transformer_layers: 4
    fusion_transformer_heads: 12
    implicit_subgoal_dim: 128
  controller_cfg:
    action_dim: 8
    proprio_dim: 22
    action_horizon: 8
    obs_horizon: 2
    controller_hidden_dim: 512
    resnet_feature_dim: 256
    denoiser_layers: 6
    denoiser_heads: 8
    implicit_subgoal_dim: 128
scheduler:
  timesteps: 100
  beta_schedule: squaredcos_cap_v2
  beta_start: 0.0001
  beta_end: 0.02
dataset:
  train_path: C:/Users/Hellx/Documents/Programming/python/Project/redhot/data/validation/validation_dataset.lmdb
  val_path: C:/Users/Hellx/Documents/Programming/python/Project/redhot/data/validation/validation_dataset.lmdb
  num_workers: 2
env:
  xml_path: ${hydra:runtime.cwd}/envs/panda_pick_place.xml
resilience:
  use_per_epoch_backup: true
  backup_dir: /content/drive/MyDrive/pda/models/v1
  backup_every_n_epochs: 8
training:
  batch_size: 32
  val_batch_size: 32
  ema_decay: 0.999
  loss_weights:
    planner: 1.0
    controller: 0.5
  checkpoint_monitor: val/loss_planner_raw
  save_top_k: 3
  resume_from_checkpoint: null
  use_swa: false
  swa_lrs: 1.0e-05
validation:
  run_qualitative_every_n_epoch: 30
optimizer:
  lr: 0.0001
  weight_decay: 1.0e-06
  warmup_percentage: 0.05
trainer:
  accelerator: cpu
  devices: 1
  max_epochs: 1000
  precision: 16-mixed
  check_val_every_n_epoch: 130
  accumulate_grad_batches: 2
  gradient_clip_val: 1.0
logging:
  use_wandb: true
  wandb_project: ${project_name}
  wandb_run_name: null
  wandb_mode: offline
  log_grad_freq: 500
  progress_bar_refresh_rate: 10

[2025-11-04 20:20:13,675][train_vip_c][INFO] - W&B mode set to: 'offline'
[2025-11-04 20:20:13,684][models.vip_c][INFO] - Initializing the ViPC Orchestrator...
[2025-11-04 20:20:13,684][models.vip_c][INFO] - Initializing Planner with backbone: google/siglip-base-patch16-224
[2025-11-04 20:20:14,627][models.vip_c][INFO] - Initializing Controller with hidden_dim: 512
[2025-11-04 20:20:15,305][models.vip_c][INFO] - ViPC Orchestrator initialized successfully.
[2025-11-04 20:20:15,644][train_vip_c][INFO] - ViPCLightningModule initialized successfully.
[2025-11-04 20:20:15,651][train_vip_c][INFO] - TensorBoard logs will be saved to: C:\Users\Hellx\Documents\Programming\python\Project\redhot\outputs\2025-11-04\20-20-13/tb_logs
[2025-11-04 20:20:16,511][train_vip_c][INFO] - W&B logging enabled for project 'vip_c_training'.
[2025-11-04 20:20:16,512][train_vip_c][INFO] - ModelCheckpoint enabled. Monitoring 'val/loss_planner_raw'.
[2025-11-04 20:20:16,545][train_vip_c][INFO] - Starting trainer.fit()...
[2025-11-04 20:20:16,563][train_vip_c][INFO] - Setting up ViPCDataModule for stage: fit
[2025-11-04 20:20:16,564][train_vip_c][INFO] - Fresh run detected. Computing normalization stats...
[2025-11-04 20:20:16,564][utils.vip_c_dataset][INFO] - Initializing ViPCDataset (SOTA Orchestrator) with H_o=2, H_a=8
[2025-11-04 20:20:16,565][utils.expert_dataset][INFO] - Loading index from C:\Users\Hellx\Documents\Programming\python\Project\redhot\data\validation\validation_dataset_index.json...
[2025-11-04 20:20:16,567][utils.expert_dataset][INFO] - Loaded 10 episodes, 2580 total valid chunks (Virtually Indexed).
[2025-11-04 20:20:16,571][lmdb_utils][INFO] -  Opened LMDB at C:\Users\Hellx\Documents\Programming\python\Project\redhot\data\validation\validation_dataset.lmdb | mode=RO | file-mode
[2025-11-04 20:20:53,266][models.vip_c][INFO] - Normalizer fitted. Min shape: (8,), Max shape: (8,)
[2025-11-04 20:20:53,268][models.vip_c][INFO] - Normalizer fitted. Min shape: (22,), Max shape: (22,)
[2025-11-04 20:20:53,269][train_vip_c][INFO] - Normalization stats computed and fitted.
[2025-11-04 20:20:53,269][train_vip_c][INFO] - Creating final datasets for training and validation...
[2025-11-04 20:20:53,270][utils.vip_c_dataset][INFO] - Initializing ViPCDataset (SOTA Orchestrator) with H_o=2, H_a=8
[2025-11-04 20:20:53,270][utils.expert_dataset][INFO] - Loading index from C:\Users\Hellx\Documents\Programming\python\Project\redhot\data\validation\validation_dataset_index.json...
[2025-11-04 20:20:53,271][utils.expert_dataset][INFO] - Loaded 10 episodes, 2580 total valid chunks (Virtually Indexed).
[2025-11-04 20:20:53,272][utils.vip_c_dataset][INFO] - Initializing ViPCDataset (SOTA Orchestrator) with H_o=2, H_a=8
[2025-11-04 20:20:53,273][utils.expert_dataset][INFO] - Loading index from C:\Users\Hellx\Documents\Programming\python\Project\redhot\data\validation\validation_dataset_index.json...
[2025-11-04 20:20:53,274][utils.expert_dataset][INFO] - Loaded 10 episodes, 2580 total valid chunks (Virtually Indexed).
[2025-11-04 20:20:53,277][train_vip_c][INFO] - Fitted normalizers have been linked from DataModule to LightningModule.
[2025-11-04 20:20:53,286][train_vip_c][INFO] - Dynamically extracting kinematic limits from the environment...
[2025-11-04 20:20:55,838][train_vip_c][INFO] - Kinematic limits successfully extracted and stored.
[2025-11-04 20:20:55,857][train_vip_c][INFO] - Configuring optimizer for all model parameters.
[2025-11-04 20:54:42,670][train_vip_c][INFO] - W&B run finalized.
