[2025-10-25 00:16:18,972][__main__][INFO] - ----------- Configuration -----------
[2025-10-25 00:16:18,975][__main__][INFO] - seed: 42
device: cpu
resume_checkpoint: C:/Users/Hellx/Documents/Programming/python/Project/dgpo/outputs/diffusion_pretrain/v1/2025-10-24/13-14-50/checkpoints/backup/backup_epoch_17.pth
logging:
  use_wandb: false
  wandb_project: dgpo_diffusion_pretrain
  log_interval_steps: 100
  val_interval_epochs: 3
dataset:
  path: C:/Users/Hellx/Documents/Programming/python/Project/dgpo/data/training/sota_dataset/expert_training_run_99914b93.lmdb
  val_path: C:/Users/Hellx/Documents/Programming/python/Project/dgpo/data/validation/sota_dataset/expert_validation_run_99914b93.lmdb
  batch_size: 128
  num_workers: 2
model:
  observation_horizon: 2
  action_horizon: 8
  action_dim: 8
  image_feat_dim: 128
  d_model: 128
  denoiser_layers: 4
  denoiser_heads: 4
scheduler:
  schedule_type: cosine
  timesteps: 100
  beta_start: 0.0001
  beta_end: 0.02
optimizer:
  lr: 0.0002
  weight_decay: 0.0001
  grad_clip_norm: 1.0
training:
  epochs: 1000
  use_amp: false
  ema_decay: 0.999
  cfg_p_uncond: 0.15
validation:
  guidance_scale: 1.5
  sampling_steps: 50

[2025-10-25 00:16:18,976][__main__][INFO] - ------------------------------------
[2025-10-25 00:16:18,980][__main__][INFO] - Global seed set to 42
[2025-10-25 00:16:18,980][__main__][INFO] - Output directory: C:\Users\Hellx\Documents\Programming\python\Project\dgpo\outputs\diffusion_pretrain\v1\2025-10-25\00-16-18
[2025-10-25 00:16:18,984][__main__][INFO] - Building datasets...
[2025-10-25 00:16:18,985][utils.expert_dataset][INFO] - Loading index from C:\Users\Hellx\Documents\Programming\python\Project\dgpo\data\training\sota_dataset\expert_training_run_99914b93_index.json...
[2025-10-25 00:16:18,987][utils.expert_dataset][INFO] - Loaded 260 episodes, 65576 total valid chunks (Virtually Indexed).
[2025-10-25 00:16:18,988][utils.expert_dataset][INFO] - Loading index from C:\Users\Hellx\Documents\Programming\python\Project\dgpo\data\validation\sota_dataset\expert_validation_run_99914b93_index.json...
[2025-10-25 00:16:18,989][utils.expert_dataset][INFO] - Loaded 12 episodes, 2945 total valid chunks (Virtually Indexed).
[2025-10-25 00:16:18,989][__main__][INFO] - Building diffusion policy model...
[2025-10-25 00:16:18,989][__main__][INFO] - Inferred proprioception dimension from dataset index: 22
[2025-10-25 00:16:19,393][models.diffusion_policy][INFO] - State-of-the-art DiffusionPolicy initialized on device: cpu
[2025-10-25 00:16:19,473][__main__][INFO] - Resuming training from checkpoint: C:\Users\Hellx\Documents\Programming\python\Project\dgpo\outputs\diffusion_pretrain\v1\2025-10-24\13-14-50\checkpoints\backup\backup_epoch_17.pth
[2025-10-25 00:16:19,683][__main__][INFO] - Starting training from epoch 18...
[2025-10-25 03:46:16,265][__main__][INFO] - Saved epoch backup to C:\Users\Hellx\Documents\Programming\python\Project\dgpo\outputs\diffusion_pretrain\v1\2025-10-25\00-16-18\checkpoints\backup\backup_epoch_18.pth
[2025-10-25 03:46:16,281][__main__][INFO] - Running validation for epoch 18...
[2025-10-25 03:58:21,561][__main__][INFO] - Validation Loss: 0.0124, Action MSE: 0.0465
[2025-10-25 03:58:21,568][__main__][INFO] - Generating diagnostic denoising rollout...
[2025-10-25 03:58:42,215][matplotlib.animation][INFO] - Animation.save using <class 'matplotlib.animation.FFMpegWriter'>
[2025-10-25 03:58:42,335][matplotlib.animation][INFO] - MovieWriter._run: running command: ffmpeg -f rawvideo -vcodec rawvideo -s 1000x600 -pix_fmt rgba -framerate 20 -loglevel error -i pipe: -vcodec h264 -pix_fmt yuv420p -y 'C:\Users\Hellx\Documents\Programming\python\Project\dgpo\outputs\diffusion_pretrain\v1\2025-10-25\00-16-18\diagnostics\denoising_epoch_18.mp4'
[2025-10-25 03:58:53,172][__main__][INFO] - Saved diagnostic video to C:\Users\Hellx\Documents\Programming\python\Project\dgpo\outputs\diffusion_pretrain\v1\2025-10-25\00-16-18\diagnostics\denoising_epoch_18.mp4
[2025-10-25 03:58:53,582][__main__][INFO] - Saved new best checkpoint to C:\Users\Hellx\Documents\Programming\python\Project\dgpo\outputs\diffusion_pretrain\v1\2025-10-25\00-16-18\checkpoints\best.pth
[2025-10-25 07:25:30,959][__main__][INFO] - Saved epoch backup to C:\Users\Hellx\Documents\Programming\python\Project\dgpo\outputs\diffusion_pretrain\v1\2025-10-25\00-16-18\checkpoints\backup\backup_epoch_19.pth
[2025-10-25 07:28:28,092][__main__][WARNING] - Training interrupted by user (KeyboardInterrupt).
[2025-10-25 07:28:28,099][__main__][INFO] - Performing a final save of the 'last.pth' checkpoint before exiting...
[2025-10-25 07:28:28,486][__main__][INFO] - Final state for interrupted epoch 20 saved to 'last.pth'.
[2025-10-25 07:28:28,728][__main__][INFO] - Training process finished. Total runtime: 7.20 hours.
