[2025-10-24 07:06:03,271][__main__][INFO] - ----------- Configuration -----------
[2025-10-24 07:06:03,274][__main__][INFO] - seed: 42
device: cpu
resume_checkpoint: C:/Users/Hellx/Documents/Programming/python/Project/dgpo/outputs/diffusion_pretrain/v1/2025-10-23/01-22-37/checkpoints/backup/backup_epoch_14.pth
logging:
  use_wandb: false
  wandb_project: dgpo_diffusion_pretrain
  log_interval_steps: 100
  val_interval_epochs: 3
dataset:
  path: C:/Users/Hellx/Documents/Programming/python/Project/dgpo/data/training/sota_dataset/expert_training_run_99914b93.lmdb
  val_path: C:/Users/Hellx/Documents/Programming/python/Project/dgpo/data/validation/sota_dataset/expert_validation_run_99914b93.lmdb
  batch_size: 128
  num_workers: 2
model:
  observation_horizon: 2
  action_horizon: 8
  action_dim: 8
  image_feat_dim: 128
  d_model: 128
  denoiser_layers: 4
  denoiser_heads: 4
scheduler:
  schedule_type: cosine
  timesteps: 100
  beta_start: 0.0001
  beta_end: 0.02
optimizer:
  lr: 0.0002
  weight_decay: 0.0001
  grad_clip_norm: 1.0
training:
  epochs: 1000
  use_amp: false
  ema_decay: 0.999
  cfg_p_uncond: 0.15
validation:
  guidance_scale: 1.5
  sampling_steps: 50

[2025-10-24 07:06:03,274][__main__][INFO] - ------------------------------------
[2025-10-24 07:06:03,286][__main__][INFO] - Global seed set to 42
[2025-10-24 07:06:03,287][__main__][INFO] - Output directory: C:\Users\Hellx\Documents\Programming\python\Project\dgpo\outputs\diffusion_pretrain\v1\2025-10-24\07-06-03
[2025-10-24 07:06:03,296][__main__][INFO] - Building datasets...
[2025-10-24 07:06:03,297][utils.expert_dataset][INFO] - Loading index from C:\Users\Hellx\Documents\Programming\python\Project\dgpo\data\training\sota_dataset\expert_training_run_99914b93_index.json...
[2025-10-24 07:06:03,301][utils.expert_dataset][INFO] - Loaded 260 episodes, 65576 total valid chunks (Virtually Indexed).
[2025-10-24 07:06:03,303][utils.expert_dataset][INFO] - Loading index from C:\Users\Hellx\Documents\Programming\python\Project\dgpo\data\validation\sota_dataset\expert_validation_run_99914b93_index.json...
[2025-10-24 07:06:03,304][utils.expert_dataset][INFO] - Loaded 12 episodes, 2945 total valid chunks (Virtually Indexed).
[2025-10-24 07:06:03,304][__main__][INFO] - Building diffusion policy model...
[2025-10-24 07:06:03,305][__main__][INFO] - Inferred proprioception dimension from dataset index: 22
[2025-10-24 07:06:03,903][models.diffusion_policy][INFO] - State-of-the-art DiffusionPolicy initialized on device: cpu
[2025-10-24 07:06:03,984][__main__][INFO] - Resuming training from checkpoint: C:\Users\Hellx\Documents\Programming\python\Project\dgpo\outputs\diffusion_pretrain\v1\2025-10-23\01-22-37\checkpoints\backup\backup_epoch_14.pth
[2025-10-24 07:06:04,476][__main__][INFO] - Starting training from epoch 15...
[2025-10-24 10:24:46,228][__main__][INFO] - Saved epoch backup to C:\Users\Hellx\Documents\Programming\python\Project\dgpo\outputs\diffusion_pretrain\v1\2025-10-24\07-06-03\checkpoints\backup\backup_epoch_15.pth
[2025-10-24 10:24:46,244][__main__][INFO] - Running validation for epoch 15...
[2025-10-24 10:36:33,635][__main__][INFO] - Validation Loss: 0.0197, Action MSE: 0.0501
[2025-10-24 10:36:33,636][__main__][INFO] - Generating diagnostic denoising rollout...
[2025-10-24 10:36:53,585][matplotlib.animation][INFO] - Animation.save using <class 'matplotlib.animation.FFMpegWriter'>
[2025-10-24 10:36:53,672][matplotlib.animation][INFO] - MovieWriter._run: running command: ffmpeg -f rawvideo -vcodec rawvideo -s 1000x600 -pix_fmt rgba -framerate 20 -loglevel error -i pipe: -vcodec h264 -pix_fmt yuv420p -y 'C:\Users\Hellx\Documents\Programming\python\Project\dgpo\outputs\diffusion_pretrain\v1\2025-10-24\07-06-03\diagnostics\denoising_epoch_15.mp4'
[2025-10-24 10:37:03,848][__main__][INFO] - Saved diagnostic video to C:\Users\Hellx\Documents\Programming\python\Project\dgpo\outputs\diffusion_pretrain\v1\2025-10-24\07-06-03\diagnostics\denoising_epoch_15.mp4
