[2025-11-04 22:28:37,718][__main__][INFO] - --- ViP-C Hierarchical Visual Evaluation ---
[2025-11-04 22:28:37,719][__main__][INFO] - Full evaluation config:
checkpoint_path: C:/Users/Hellx/Documents/Programming/python/Project/redhot/notes/checkpoints/backup_epoch_31.ckpt
output_video: evaluation_videos/vip_c_eval.mp4
seed: 42
num_episodes: 1
inference_steps: 20

[2025-11-04 22:28:37,724][__main__][INFO] - Loading Lightning checkpoint from: C:/Users/Hellx/Documents/Programming/python/Project/redhot/notes/checkpoints/backup_epoch_31.ckpt
[2025-11-04 22:28:39,105][models.vip_c][INFO] - Initializing the ViPC Orchestrator...
[2025-11-04 22:28:39,106][models.vip_c][INFO] - Initializing Planner with backbone: google/siglip-base-patch16-224
[2025-11-04 22:28:40,173][models.vip_c][INFO] - Initializing Controller with hidden_dim: 512
[2025-11-04 22:28:40,900][models.vip_c][INFO] - ViPC Orchestrator initialized successfully.
[2025-11-04 22:28:41,295][train_vip_c][INFO] - ViPCLightningModule initialized successfully.
[2025-11-04 22:28:41,408][train_vip_c][INFO] - Successfully loaded EMA weights from checkpoint.
[2025-11-04 22:28:41,408][train_vip_c][INFO] - Successfully loaded normalizers from checkpoint into LightningModule.
[2025-11-04 22:28:41,409][train_vip_c][INFO] - Successfully loaded kinematic limits from checkpoint.
[2025-11-04 22:28:41,873][__main__][INFO] - EMA weights successfully applied for inference.
[2025-11-04 22:28:41,877][__main__][INFO] - LightningModule loaded successfully and set to eval mode.
[2025-11-04 22:28:41,878][__main__][INFO] - Initializing PandaEnv for evaluation...
[2025-11-04 22:28:45,187][__main__][INFO] - Recording video to: evaluation_videos\vip_c_eval.mp4
[2025-11-04 22:28:45,190][__main__][INFO] - --- Starting Evaluation Episode 1/1 ---
[2025-11-04 22:28:45,654][__main__][INFO] - Phase change detected at step 0: -1 -> 0
[2025-11-04 22:28:47,291][__main__][INFO] - Planner generated new subgoal: [[-7.6724216e-05  1.3947819e-04]]
[2025-11-04 23:06:49,468][__main__][INFO] - Episode finished after 500 steps.
[2025-11-04 23:06:49,613][__main__][INFO] - --- Evaluation Complete. Video saved to: C:\Users\Hellx\Documents\Programming\python\Project\redhot\evaluation_videos\vip_c_eval.mp4 ---
