[2025-11-22 12:01:00,540][DAgger][INFO] - DAgger Workspace: C:\Users\Hellx\Documents\Programming\python\Project\redhot
[2025-11-22 12:01:00,540][DAgger][INFO] - Loading Base Policy from: C:/Users/Hellx/Documents/Programming/python/Project/redhot/notes/checkpoints/v1/backup_epoch_047.ckpt
[2025-11-22 12:01:02,316][models.semantic_planner][INFO] - [SemanticPlanner] Initializing v8.0 (Disentangled) with config: SemanticPlannerConfig(proprio_dim=22, vision_backbone_model='google/siglip-base-patch16-224', vision_feature_dim=768, fusion_transformer_layers=4, fusion_transformer_heads=8, dim_feedforward_ratio=4, num_task_phases=5, dropout=0.1, phase_dropout_prob=0.3)
[2025-11-22 12:01:02,316][models.semantic_planner][INFO] - Loading Vision Backbone: google/siglip-base-patch16-224
[2025-11-22 12:01:03,970][models.semantic_planner][INFO] - Initializing custom modules (Skipping Vision Backbone)...
[2025-11-22 12:01:03,975][models.semantic_planner][INFO] - Skipped initialization for: vision_backbone
[2025-11-22 12:01:04,249][models.semantic_planner][INFO] - [SemanticPlanner] Initialization Complete.
[2025-11-22 12:01:10,378][utils.ik_solver][INFO] - Kinematic chain loaded and configured.
[2025-11-22 12:01:10,379][DAgger][INFO] - Loading Static Dataset: C:/Users/Hellx/Documents/Programming/python/Project/redhot/data/training_ready/training_data.lmdb
[2025-11-22 12:01:10,380][utils.semantic_planner_dataset][INFO] - Initializing SemanticPlannerDataset (Explicit Oracle). Path: C:/Users/Hellx/Documents/Programming/python/Project/redhot/data/training_ready/training_data.lmdb
[2025-11-22 12:01:10,381][utils.ego_planner_dataset][INFO] - Initializing EgoPlannerDataset (Definitive Patched Version, use_aug=True)
[2025-11-22 12:01:10,382][utils.expert_dataset][INFO] - Loading index from C:\Users\Hellx\Documents\Programming\python\Project\redhot\data\training_ready\training_data_index.json...
[2025-11-22 12:01:10,387][utils.expert_dataset][INFO] - Loaded 80 episodes, 20681 total valid chunks (Virtually Indexed).
[2025-11-22 12:01:10,394][utils.ego_planner_dataset][INFO] - Building explicit sample index map for robust indexing...
[2025-11-22 12:01:10,398][utils.ego_planner_dataset][INFO] - Successfully initialized. Found 20681 valid samples across 80 episodes.
[2025-11-22 12:01:10,399][utils.semantic_planner_dataset][INFO] - Dataset loaded. Ready for AWR training with Explicit Labels.
[2025-11-22 12:01:10,399][utils.online_buffer][INFO] - OnlineReplayBuffer initialized. Capacity: 10000 frames.
[2025-11-22 12:01:10,401][DAgger][INFO] - 
==================== DAGGER ROUND 1/5 ====================
[2025-11-22 12:01:10,401][DAgger][INFO] - >>> PHASE A: ROLLOUT (Data Collection)
[2025-11-22 12:01:10,403][DAgger][INFO] - Starting Rollout: 20 Episodes...
