[2025-10-24 21:35:16,568][__main__][INFO] - ===================================================
[2025-10-24 21:35:16,568][__main__][INFO] -            Diffusion Policy Evaluation             
[2025-10-24 21:35:16,569][__main__][INFO] - ===================================================
[2025-10-24 21:35:16,571][__main__][INFO] - ckpt_path: C:/Users/Hellx/Documents/Programming/python/Project/dgpo/outputs/diffusion_pretrain/v1/2025-10-24/13-14-50/checkpoints/backup/backup_epoch_17.pth
seed: 42
device: cpu
do_offline_eval: true
do_online_eval: true
eval:
  batch_size: 32
  sampling_steps: 50
  guidance_scale: 1.5
  n_rollouts: 10
  max_rollout_steps: 200
dataset:
  val_path: C:/Users/Hellx/Documents/Programming/python/Project/dgpo/data/validation/sota_dataset/expert_validation_run_99914b93.lmdb
environment:
  xml_path: envs/panda_pick_place.xml

[2025-10-24 21:35:16,577][scripts.pretrain_diffusion][INFO] - Global seed set to 42
[2025-10-24 21:35:16,578][__main__][INFO] - Loading checkpoint from: C:\Users\Hellx\Documents\Programming\python\Project\dgpo\outputs\diffusion_pretrain\v1\2025-10-24\13-14-50\checkpoints\backup\backup_epoch_17.pth
[2025-10-24 21:35:16,768][scripts.pretrain_diffusion][INFO] - Global seed set to 42
[2025-10-24 21:35:16,769][scripts.pretrain_diffusion][INFO] - Output directory: C:\Users\Hellx\Documents\Programming\python\Project\dgpo\outputs\evaluations\2025-10-24\21-35-16
[2025-10-24 21:35:16,774][scripts.pretrain_diffusion][INFO] - Building datasets...
[2025-10-24 21:35:16,775][utils.expert_dataset][INFO] - Loading index from C:\Users\Hellx\Documents\Programming\python\Project\dgpo\data\training\sota_dataset\expert_training_run_99914b93_index.json...
[2025-10-24 21:35:16,780][utils.expert_dataset][INFO] - Loaded 260 episodes, 65576 total valid chunks (Virtually Indexed).
[2025-10-24 21:35:16,782][utils.expert_dataset][INFO] - Loading index from C:\Users\Hellx\Documents\Programming\python\Project\dgpo\data\validation\sota_dataset\expert_validation_run_99914b93_index.json...
[2025-10-24 21:35:16,783][utils.expert_dataset][INFO] - Loaded 12 episodes, 2945 total valid chunks (Virtually Indexed).
[2025-10-24 21:35:16,784][scripts.pretrain_diffusion][INFO] - Building diffusion policy model...
[2025-10-24 21:35:16,784][scripts.pretrain_diffusion][INFO] - Inferred proprioception dimension from dataset index: 22
[2025-10-24 21:35:17,369][models.diffusion_policy][INFO] - State-of-the-art DiffusionPolicy initialized on device: cpu
[2025-10-24 21:35:17,457][scripts.pretrain_diffusion][INFO] - Resuming training from checkpoint: C:\Users\Hellx\Documents\Programming\python\Project\dgpo\outputs\diffusion_pretrain\v1\2025-10-24\07-06-03\checkpoints\backup\backup_epoch_15.pth
[2025-10-24 21:35:17,966][scripts.pretrain_diffusion][INFO] - Inferred proprioception dimension from dataset index: 22
[2025-10-24 21:35:18,413][models.diffusion_policy][INFO] - State-of-the-art DiffusionPolicy initialized on device: cpu
[2025-10-24 21:35:18,534][__main__][INFO] - EMA weights loaded successfully.
[2025-10-24 21:35:18,535][__main__][INFO] - Policy successfully reconstructed and loaded.
[2025-10-24 21:35:18,540][__main__][INFO] - Starting offline evaluation...
