[2025-10-31 02:00:56,440][__main__][INFO] - ----------- Configuration -----------
[2025-10-31 02:00:56,447][__main__][INFO] - seed: 42
device: cpu
resume_checkpoint: C:/Users/Hellx/Documents/Programming/python/Project/dgpo/outputs/diffusion_pretrain/v1/2025-10-25/00-16-18/checkpoints/backup/backup_epoch_19.pth
logging:
  use_wandb: false
  wandb_project: dgpo_diffusion_pretrain
  log_interval_steps: 100
  val_interval_epochs: 3
dataset:
  train_path: C:/Users/Hellx/Documents/Programming/python/Project/dgpo/data/training/sota_dataset/expert_training_run_99914b93.lmdb
  val_path: C:/Users/Hellx/Documents/Programming/python/Project/dgpo/data/validation/sota_dataset/expert_validation_run_99914b93.lmdb
  batch_size: 128
  num_workers: 2
  subgoal_horizon_k: 8
model:
  observation_horizon: 2
  action_horizon: 8
  action_dim: 8
  image_feat_dim: 128
  d_model: 128
  denoiser_layers: 4
  denoiser_heads: 4
scheduler:
  schedule_type: cosine
  timesteps: 100
  beta_start: 0.0001
  beta_end: 0.02
optimizer:
  lr: 0.0002
  weight_decay: 0.0001
  grad_clip_norm: 1.0
training:
  epochs: 1000
  use_amp: false
  ema_decay: 0.999
  cfg_p_uncond: 0.15
validation:
  guidance_scale: 1.5
  sampling_steps: 50

[2025-10-31 02:00:56,455][__main__][INFO] - ------------------------------------
[2025-10-31 02:00:56,462][__main__][INFO] - Global seed set to 42
[2025-10-31 02:00:56,463][__main__][INFO] - Output directory: C:\Users\Hellx\Documents\Programming\python\Project\redhot\outputs\diffusion_pretrain\v1\2025-10-31\02-00-56
[2025-10-31 02:00:56,469][__main__][INFO] - Building datasets...
[2025-10-31 02:00:56,469][__main__][INFO] - Loading TRAINING dataset from: C:/Users/Hellx/Documents/Programming/python/Project/dgpo/data/training/sota_dataset/expert_training_run_99914b93.lmdb
[2025-10-31 02:00:56,470][utils.controller_dataset][INFO] - Initializing HierarchicalControllerDataset with H_o=2, H_a=8, k=8
[2025-10-31 02:00:56,471][utils.expert_dataset][INFO] - Loading index from C:\Users\Hellx\Documents\Programming\python\Project\dgpo\data\training\sota_dataset\expert_training_run_99914b93_index.json...
[2025-10-31 02:00:56,479][utils.expert_dataset][INFO] - Loaded 260 episodes, 65576 total valid chunks (Virtually Indexed).
[2025-10-31 02:00:56,480][utils.controller_dataset][INFO] - Successfully initialized. Found 65316 valid controller samples across 260 episodes.
[2025-10-31 02:00:56,481][utils.samplers][INFO] - Building episode-to-index map for sampler...
[2025-10-31 02:00:56,658][utils.samplers][INFO] - Map building complete.
[2025-10-31 02:00:56,658][__main__][INFO] - Using EpisodeAwareSampler for training to optimize I/O.
[2025-10-31 02:00:56,660][__main__][INFO] - Loading VALIDATION dataset from: C:/Users/Hellx/Documents/Programming/python/Project/dgpo/data/validation/sota_dataset/expert_validation_run_99914b93.lmdb
[2025-10-31 02:00:56,660][utils.controller_dataset][INFO] - Initializing HierarchicalControllerDataset with H_o=2, H_a=8, k=8
[2025-10-31 02:00:56,661][utils.expert_dataset][INFO] - Loading index from C:\Users\Hellx\Documents\Programming\python\Project\dgpo\data\validation\sota_dataset\expert_validation_run_99914b93_index.json...
[2025-10-31 02:00:56,662][utils.expert_dataset][INFO] - Loaded 12 episodes, 2945 total valid chunks (Virtually Indexed).
[2025-10-31 02:00:56,662][utils.controller_dataset][INFO] - Successfully initialized. Found 2933 valid controller samples across 12 episodes.
[2025-10-31 02:00:56,663][__main__][INFO] - Building diffusion policy model...
[2025-10-31 02:00:56,664][__main__][INFO] - Inferred proprioception dimension from dataset: 22
[2025-10-31 02:00:57,695][models.diffusion_policy][INFO] - ViDHiS Controller (DiffusionPolicy) initialized on device: cpu
[2025-10-31 02:00:57,707][__main__][INFO] - Configuring LR scheduler: Total steps=510000, Warmup steps=0
[2025-10-31 02:00:57,709][__main__][INFO] - Loading checkpoint for migration/resumption: C:\Users\Hellx\Documents\Programming\python\Project\dgpo\outputs\diffusion_pretrain\v1\2025-10-25\00-16-18\checkpoints\backup\backup_epoch_19.pth
[2025-10-31 02:00:58,014][__main__][INFO] - Migration rules applied to checkpoint.
[2025-10-31 02:00:58,038][__main__][INFO] - Warm-started `subgoal_encoder` with `primary_encoder` weights.
[2025-10-31 02:00:58,040][__main__][INFO] - Warm-started `uncond_embeddings.subgoal` with `uncond_embeddings.vision` weights.
[2025-10-31 02:00:58,079][__main__][ERROR] - An error occurred during training.
Traceback (most recent call last):
  File "C:\Users\Hellx\Documents\Programming\python\Project\redhot\scripts\pretrain_diffusion.py", line 709, in main
    trainer = ControllerBCTrainer(cfg)
  File "C:\Users\Hellx\Documents\Programming\python\Project\redhot\scripts\pretrain_diffusion.py", line 186, in __init__
    self._load_checkpoint(Path(cfg.resume_checkpoint))
  File "C:\Users\Hellx\Documents\Programming\python\Project\redhot\scripts\pretrain_diffusion.py", line 365, in _load_checkpoint
    incompatible_keys = self.policy.load_state_dict(migrated_policy_dict, strict=False)
  File "C:\Users\Hellx\Documents\Programming\python\Project\dgpo_project\venv\lib\site-packages\torch\nn\modules\module.py", line 2629, in load_state_dict
    raise RuntimeError(
RuntimeError: Error(s) in loading state_dict for DiffusionPolicy:
	size mismatch for uncond_embeddings.subgoal: copying a param with shape torch.Size([1, 2, 128]) from checkpoint, the shape in current model is torch.Size([1, 1, 128]).
