[2025-11-04 20:16:22,716][train_vip_c][INFO] - ================================================================================
[2025-11-04 20:16:22,716][train_vip_c][INFO] - Initializing ViP-C Training Pipeline
[2025-11-04 20:16:22,717][train_vip_c][INFO] - ================================================================================
[2025-11-04 20:16:22,722][train_vip_c][INFO] - Full configuration:
seed: 42
project_name: vip_c_training
model:
  planner_cfg:
    vision_backbone_model: google/siglip-base-patch16-224
    num_task_phases: 5
    fusion_transformer_layers: 4
    fusion_transformer_heads: 12
    implicit_subgoal_dim: 128
  controller_cfg:
    action_dim: 8
    proprio_dim: 22
    action_horizon: 8
    obs_horizon: 2
    controller_hidden_dim: 512
    resnet_feature_dim: 256
    denoiser_layers: 6
    denoiser_heads: 8
    implicit_subgoal_dim: 128
scheduler:
  timesteps: 100
  beta_schedule: squaredcos_cap_v2
  beta_start: 0.0001
  beta_end: 0.02
dataset:
  train_path: C:/Users/Hellx/Documents/Programming/python/Project/redhot/data/validation/validation_dataset.lmdb
  val_path: C:/Users/Hellx/Documents/Programming/python/Project/redhot/data/validation/validation_dataset.lmdb
  num_workers: 2
resilience:
  use_per_epoch_backup: true
  backup_dir: /content/drive/MyDrive/pda/models/v1
  backup_every_n_epochs: 8
training:
  batch_size: 32
  val_batch_size: 32
  ema_decay: 0.999
  loss_weights:
    planner: 1.0
    controller: 0.5
  checkpoint_monitor: val/loss_planner_raw
  save_top_k: 3
  resume_from_checkpoint: null
  use_swa: false
  swa_lrs: 1.0e-05
validation:
  run_qualitative_every_n_epoch: 30
optimizer:
  lr: 0.0001
  weight_decay: 1.0e-06
  warmup_percentage: 0.05
trainer:
  accelerator: cpu
  devices: 1
  max_epochs: 1000
  precision: 16-mixed
  check_val_every_n_epoch: 130
  accumulate_grad_batches: 2
  gradient_clip_val: 1.0
logging:
  use_wandb: true
  wandb_project: ${project_name}
  wandb_run_name: null
  wandb_mode: offline
  log_grad_freq: 500
  progress_bar_refresh_rate: 10

[2025-11-04 20:16:22,727][train_vip_c][INFO] - W&B mode set to: 'offline'
[2025-11-04 20:16:22,733][models.vip_c][INFO] - Initializing the ViPC Orchestrator...
[2025-11-04 20:16:22,734][models.vip_c][INFO] - Initializing Planner with backbone: google/siglip-base-patch16-224
[2025-11-04 20:16:23,728][models.vip_c][INFO] - Initializing Controller with hidden_dim: 512
[2025-11-04 20:16:24,387][models.vip_c][INFO] - ViPC Orchestrator initialized successfully.
[2025-11-04 20:16:24,714][train_vip_c][INFO] - ViPCLightningModule initialized successfully.
[2025-11-04 20:16:24,720][train_vip_c][INFO] - TensorBoard logs will be saved to: C:\Users\Hellx\Documents\Programming\python\Project\redhot\outputs\2025-11-04\20-16-22/tb_logs
[2025-11-04 20:16:25,561][train_vip_c][INFO] - W&B logging enabled for project 'vip_c_training'.
[2025-11-04 20:16:25,563][train_vip_c][INFO] - ModelCheckpoint enabled. Monitoring 'val/loss_planner_raw'.
[2025-11-04 20:16:25,590][train_vip_c][INFO] - Starting trainer.fit()...
[2025-11-04 20:16:25,604][train_vip_c][INFO] - Setting up ViPCDataModule for stage: fit
[2025-11-04 20:16:25,605][train_vip_c][INFO] - Fresh run detected. Computing normalization stats...
[2025-11-04 20:16:25,606][utils.vip_c_dataset][INFO] - Initializing ViPCDataset (SOTA Orchestrator) with H_o=2, H_a=8
[2025-11-04 20:16:25,607][utils.expert_dataset][INFO] - Loading index from C:\Users\Hellx\Documents\Programming\python\Project\redhot\data\validation\validation_dataset_index.json...
[2025-11-04 20:16:25,608][utils.expert_dataset][INFO] - Loaded 10 episodes, 2580 total valid chunks (Virtually Indexed).
[2025-11-04 20:16:25,612][lmdb_utils][INFO] -  Opened LMDB at C:\Users\Hellx\Documents\Programming\python\Project\redhot\data\validation\validation_dataset.lmdb | mode=RO | file-mode
[2025-11-04 20:17:02,385][models.vip_c][INFO] - Normalizer fitted. Min shape: (8,), Max shape: (8,)
[2025-11-04 20:17:02,386][models.vip_c][INFO] - Normalizer fitted. Min shape: (22,), Max shape: (22,)
[2025-11-04 20:17:02,387][train_vip_c][INFO] - Normalization stats computed and fitted.
[2025-11-04 20:17:02,387][train_vip_c][INFO] - Creating final datasets for training and validation...
[2025-11-04 20:17:02,388][utils.vip_c_dataset][INFO] - Initializing ViPCDataset (SOTA Orchestrator) with H_o=2, H_a=8
[2025-11-04 20:17:02,388][utils.expert_dataset][INFO] - Loading index from C:\Users\Hellx\Documents\Programming\python\Project\redhot\data\validation\validation_dataset_index.json...
[2025-11-04 20:17:02,389][utils.expert_dataset][INFO] - Loaded 10 episodes, 2580 total valid chunks (Virtually Indexed).
[2025-11-04 20:17:02,389][utils.vip_c_dataset][INFO] - Initializing ViPCDataset (SOTA Orchestrator) with H_o=2, H_a=8
[2025-11-04 20:17:02,390][utils.expert_dataset][INFO] - Loading index from C:\Users\Hellx\Documents\Programming\python\Project\redhot\data\validation\validation_dataset_index.json...
[2025-11-04 20:17:02,392][utils.expert_dataset][INFO] - Loaded 10 episodes, 2580 total valid chunks (Virtually Indexed).
[2025-11-04 20:17:02,395][train_vip_c][INFO] - Fitted normalizers have been linked from DataModule to LightningModule.
[2025-11-04 20:17:02,404][train_vip_c][INFO] - Dynamically extracting kinematic limits from the environment...
[2025-11-04 20:17:02,414][train_vip_c][ERROR] - Training was interrupted by an exception: Key 'env' is not in struct
    full_key: env
    object_type=dict
Traceback (most recent call last):
  File "C:\Users\Hellx\Documents\Programming\python\Project\redhot\train\train_vip_c.py", line 646, in main
    trainer.fit(model, datamodule=datamodule, ckpt_path=cfg.training.resume_from_checkpoint)
  File "C:\Users\Hellx\Documents\Programming\python\Project\dgpo_project\venv\lib\site-packages\pytorch_lightning\trainer\trainer.py", line 560, in fit
    call._call_and_handle_interrupt(
  File "C:\Users\Hellx\Documents\Programming\python\Project\dgpo_project\venv\lib\site-packages\pytorch_lightning\trainer\call.py", line 49, in _call_and_handle_interrupt
    return trainer_fn(*args, **kwargs)
  File "C:\Users\Hellx\Documents\Programming\python\Project\dgpo_project\venv\lib\site-packages\pytorch_lightning\trainer\trainer.py", line 598, in _fit_impl
    self._run(model, ckpt_path=ckpt_path)
  File "C:\Users\Hellx\Documents\Programming\python\Project\dgpo_project\venv\lib\site-packages\pytorch_lightning\trainer\trainer.py", line 973, in _run
    call._call_setup_hook(self)  # allow user to set up LightningModule in accelerator environment
  File "C:\Users\Hellx\Documents\Programming\python\Project\dgpo_project\venv\lib\site-packages\pytorch_lightning\trainer\call.py", line 110, in _call_setup_hook
    _call_lightning_module_hook(trainer, "setup", stage=fn)
  File "C:\Users\Hellx\Documents\Programming\python\Project\dgpo_project\venv\lib\site-packages\pytorch_lightning\trainer\call.py", line 177, in _call_lightning_module_hook
    output = fn(*args, **kwargs)
  File "C:\Users\Hellx\Documents\Programming\python\Project\redhot\train\train_vip_c.py", line 254, in setup
    temp_env = PandaEnv(xml_path=self.cfg.env.xml_path)
  File "C:\Users\Hellx\Documents\Programming\python\Project\dgpo_project\venv\lib\site-packages\omegaconf\dictconfig.py", line 359, in __getattr__
    self._format_and_raise(key=key, value=None, cause=e)
  File "C:\Users\Hellx\Documents\Programming\python\Project\dgpo_project\venv\lib\site-packages\omegaconf\base.py", line 231, in _format_and_raise
    format_and_raise(
  File "C:\Users\Hellx\Documents\Programming\python\Project\dgpo_project\venv\lib\site-packages\omegaconf\_utils.py", line 819, in format_and_raise
    _raise(ex, cause)
  File "C:\Users\Hellx\Documents\Programming\python\Project\dgpo_project\venv\lib\site-packages\omegaconf\_utils.py", line 797, in _raise
    raise ex.with_traceback(sys.exc_info()[2])  # set env var OC_CAUSE=1 for full trace
  File "C:\Users\Hellx\Documents\Programming\python\Project\dgpo_project\venv\lib\site-packages\omegaconf\dictconfig.py", line 351, in __getattr__
    return self._get_impl(
  File "C:\Users\Hellx\Documents\Programming\python\Project\dgpo_project\venv\lib\site-packages\omegaconf\dictconfig.py", line 442, in _get_impl
    node = self._get_child(
  File "C:\Users\Hellx\Documents\Programming\python\Project\dgpo_project\venv\lib\site-packages\omegaconf\basecontainer.py", line 73, in _get_child
    child = self._get_node(
  File "C:\Users\Hellx\Documents\Programming\python\Project\dgpo_project\venv\lib\site-packages\omegaconf\dictconfig.py", line 475, in _get_node
    self._validate_get(key)
  File "C:\Users\Hellx\Documents\Programming\python\Project\dgpo_project\venv\lib\site-packages\omegaconf\dictconfig.py", line 164, in _validate_get
    self._format_and_raise(
  File "C:\Users\Hellx\Documents\Programming\python\Project\dgpo_project\venv\lib\site-packages\omegaconf\base.py", line 231, in _format_and_raise
    format_and_raise(
  File "C:\Users\Hellx\Documents\Programming\python\Project\dgpo_project\venv\lib\site-packages\omegaconf\_utils.py", line 899, in format_and_raise
    _raise(ex, cause)
  File "C:\Users\Hellx\Documents\Programming\python\Project\dgpo_project\venv\lib\site-packages\omegaconf\_utils.py", line 797, in _raise
    raise ex.with_traceback(sys.exc_info()[2])  # set env var OC_CAUSE=1 for full trace
omegaconf.errors.ConfigAttributeError: Key 'env' is not in struct
    full_key: env
    object_type=dict
[2025-11-04 20:17:02,430][train_vip_c][INFO] - W&B run finalized.
