[2025-10-24 22:30:07,868][__main__][INFO] - Evaluation output directory: C:\Users\Hellx\Documents\Programming\python\Project\dgpo\outputs\evaluations\2025-10-24\22-30-07
[2025-10-24 22:30:07,871][__main__][INFO] - Full evaluation config:
ckpt_path: C:/Users/Hellx/Documents/Programming/python/Project/dgpo/outputs/diffusion_pretrain/v1/2025-10-24/13-14-50/checkpoints/backup/backup_epoch_17.pth
seed: 42
device: cpu
do_offline_eval: true
do_online_eval: true
eval:
  batch_size: 32
  sampling_steps: 50
  guidance_scale: 1.5
  n_rollouts: 10
  max_rollout_steps: 200
dataset:
  val_path: C:/Users/Hellx/Documents/Programming/python/Project/dgpo/data/validation/sota_dataset/expert_validation_run_99914b93.lmdb
environment:
  xml_path: envs/panda_pick_place.xml

[2025-10-24 22:30:07,884][scripts.pretrain_diffusion][INFO] - Global seed set to 42
[2025-10-24 22:30:07,885][__main__][INFO] - Loading checkpoint from: C:\Users\Hellx\Documents\Programming\python\Project\dgpo\outputs\diffusion_pretrain\v1\2025-10-24\13-14-50\checkpoints\backup\backup_epoch_17.pth
[2025-10-24 22:30:08,143][__main__][INFO] - Successfully loaded training configuration from checkpoint.
[2025-10-24 22:30:08,144][__main__][INFO] - Adapting legacy 'schedule_type' key to 'schedule' for model compatibility.
[2025-10-24 22:30:08,145][__main__][WARNING] - proprio_dim not found in checkpoint config. Inferring from validation dataset...
[2025-10-24 22:30:08,146][utils.expert_dataset][INFO] - Loading index from C:\Users\Hellx\Documents\Programming\python\Project\dgpo\data\validation\sota_dataset\expert_validation_run_99914b93_index.json...
[2025-10-24 22:30:08,147][utils.expert_dataset][INFO] - Loaded 12 episodes, 2945 total valid chunks (Virtually Indexed).
[2025-10-24 22:30:08,148][__main__][INFO] - Inferred proprioception dimension from validation dataset: 22
[2025-10-24 22:30:08,821][models.diffusion_policy][INFO] - State-of-the-art DiffusionPolicy initialized on device: cpu
[2025-10-24 22:30:08,982][__main__][INFO] - EMA weights loaded successfully.
[2025-10-24 22:30:08,982][__main__][INFO] - Policy successfully reconstructed and loaded.
[2025-10-24 22:30:08,984][__main__][INFO] - 
==================================================
OFFLINE EVALUATION
==================================================
[2025-10-24 22:30:08,986][utils.expert_dataset][INFO] - Loading index from C:\Users\Hellx\Documents\Programming\python\Project\dgpo\data\validation\sota_dataset\expert_validation_run_99914b93_index.json...
[2025-10-24 22:30:08,987][utils.expert_dataset][INFO] - Loaded 12 episodes, 2945 total valid chunks (Virtually Indexed).
[2025-10-24 22:30:08,991][__main__][INFO] - Using EMA weights for offline evaluation (via policy.sample(use_ema=True)).
[2025-10-24 22:30:09,006][lmdb_utils][INFO] -  Opened LMDB at C:\Users\Hellx\Documents\Programming\python\Project\dgpo\data\validation\sota_dataset\expert_validation_run_99914b93.lmdb | mode=RO | file-mode
[2025-10-24 22:39:28,076][__main__][INFO] - Offline Metrics: {
  "mean_mse": 0.04963399684156782,
  "mean_mae": 0.07560284407709235
}
[2025-10-24 22:39:28,078][__main__][INFO] - 
==================================================
ONLINE EVALUATION
==================================================
[2025-10-24 22:39:28,079][__main__][INFO] - Initializing evaluation environment...
