[2025-10-28 19:11:00,179][__main__][INFO] - ----------- RL Fine-tuning Configuration -----------
[2025-10-28 19:11:00,185][__main__][INFO] - seed: 42
device: cpu
run_name: my_first_rl_run
resume_from_ckpt: null
pretrained_policy_path: C:/Users/Hellx/Documents/Programming/python/Project/dgpo/outputs/diffusion_pretrain/v1/2025-10-25/00-16-18/checkpoints/backup/backup_epoch_19.pth
dataset:
  path: C:/Users/Hellx/Documents/Programming/python/Project/dgpo/data/validation/sota_dataset/expert_validation_run_99914b93.lmdb
  num_workers: 0
environment:
  xml_path: envs/panda_pick_place.xml
  n_envs: 4
  max_episode_steps: 500
model:
  observation_horizon: 2
  action_horizon: 8
  action_dim: 8
  image_feat_dim: 128
  d_model: 128
  denoiser_layers: 4
  denoiser_heads: 4
  proprio_dim: 22
scheduler:
  schedule: cosine
  timesteps: 100
  beta_start: 0.0001
  beta_end: 0.02
training:
  total_timesteps: 200000
  curriculum_total_episodes: 2000
  gradient_accumulation_steps: 8
  use_torch_compile: false
  use_reweighted_bc_actor_loss: true
rl_algorithm:
  buffer_size: 12000
  learning_starts: 2000
  batch_size: 128
  gamma: 0.98
  tau: 0.005
  policy_delay: 4
  policy_noise: 0.2
  noise_clip: 0.5
  exploration_noise: 0.1
  guidance_scale: 1.5
  sampling_steps: 50
  critic_net_arch:
  - 512
  - 512
  use_critic_layernorm: true
  critic_use_last_feature: false
  actor_loss_beta: 10.0
optimizer:
  actor_lr: 0.0001
  critic_lr: 0.0003
  actor_weight_decay: 0.0001
  critic_weight_decay: 0.0001
  actor_grad_clip_norm: 1.0
  critic_grad_clip_norm: null
logging:
  use_wandb: false
  wandb_project: dgpo_rl_finetune_v1
  wandb_run_name: null
  log_interval_steps: 800
  eval_freq: 2000
  n_eval_episodes: 2
  video_log_freq: 3
  video_fps: 20
  backup_freq_steps: 1000

[2025-10-28 19:11:00,185][__main__][INFO] - --------------------------------------------------
[2025-10-28 19:11:00,190][__main__][INFO] - Global seed set to 42
[2025-10-28 19:11:00,190][__main__][INFO] - Output directory: C:\Users\Hellx\Documents\Programming\python\Project\dgpo\outputs\rl_finetune\my_first_rl_run\2025-10-28_19-11-00
[2025-10-28 19:11:00,195][__main__][INFO] - Initializing 4 parallel training environments...
[2025-10-28 19:11:00,196][__main__][WARNING] - [SAFEGUARD] Detected Windows OS. SubprocVecEnv uses 'spawn' multiprocessing which often breaks with PyTorch/CuDNN/MuJoCo. Falling back to DummyVecEnv.
[2025-10-28 19:11:02,845][__main__][INFO] - [ENV INIT] rank=0 is_eval=False seed=42
[2025-10-28 19:11:03,594][__main__][INFO] - [ENV INIT] rank=1 is_eval=False seed=43
[2025-10-28 19:11:04,350][__main__][INFO] - [ENV INIT] rank=2 is_eval=False seed=44
[2025-10-28 19:11:05,179][__main__][INFO] - [ENV INIT] rank=3 is_eval=False seed=45
[2025-10-28 19:11:05,180][__main__][INFO] - [ENV BUILDER] Created 4 env(s) using DummyVecEnv in 4.984s on Windows | CUDA=OFF
[2025-10-28 19:11:05,181][__main__][INFO] - Initializing 2 parallel envs for evaluation stats...
[2025-10-28 19:11:05,182][__main__][WARNING] - [SAFEGUARD] Detected Windows OS. SubprocVecEnv uses 'spawn' multiprocessing which often breaks with PyTorch/CuDNN/MuJoCo. Falling back to DummyVecEnv.
[2025-10-28 19:11:05,979][__main__][INFO] - [ENV INIT] rank=0 is_eval=True seed=1042
[2025-10-28 19:11:06,784][__main__][INFO] - [ENV INIT] rank=1 is_eval=True seed=1043
[2025-10-28 19:11:06,785][__main__][INFO] - [ENV BUILDER] Created 2 env(s) using DummyVecEnv in 1.602s on Windows | CUDA=OFF
[2025-10-28 19:11:06,785][__main__][INFO] - Initializing single environment for video recording...
[2025-10-28 19:11:06,796][__main__][INFO] - Initializing Replay Buffer...
[2025-10-28 19:11:06,803][__main__][INFO] - Using sb3_contrib.common.buffers.DictReplayBuffer.
[2025-10-28 19:11:06,805][utils.expert_dataset][INFO] - Loading index from C:\Users\Hellx\Documents\Programming\python\Project\dgpo\data\validation\sota_dataset\expert_validation_run_99914b93_index.json...
[2025-10-28 19:11:06,806][utils.expert_dataset][INFO] - Loaded 12 episodes, 2945 total valid chunks (Virtually Indexed).
[2025-10-28 19:11:06,807][__main__][INFO] - Building RL models and loading pre-trained actor...
[2025-10-28 19:11:06,808][__main__][INFO] - Inferred proprioception dimension from expert dataset: 22
[2025-10-28 19:11:07,330][models.diffusion_policy][INFO] - State-of-the-art DiffusionPolicy initialized on device: cpu
[2025-10-28 19:11:07,331][models.diffusion_policy][INFO] - Loading model checkpoint from C:\Users\Hellx\Documents\Programming\python\Project\dgpo\outputs\diffusion_pretrain\v1\2025-10-25\00-16-18\checkpoints\backup\backup_epoch_19.pth
[2025-10-28 19:11:07,564][__main__][INFO] - Successfully loaded pre-trained diffusion policy from C:\Users\Hellx\Documents\Programming\python\Project\dgpo\outputs\diffusion_pretrain\v1\2025-10-25\00-16-18\checkpoints\backup\backup_epoch_19.pth
[2025-10-28 19:11:07,565][__main__][INFO] - DiffusionActor initialized with guidance_scale=1.5, sampling_steps=50
[2025-10-28 19:11:08,144][models.diffusion_policy][INFO] - State-of-the-art DiffusionPolicy initialized on device: cpu
[2025-10-28 19:11:08,173][__main__][INFO] - DiffusionActor initialized with guidance_scale=1.5, sampling_steps=50
[2025-10-28 19:11:08,178][__main__][INFO] - Actor and Target Actor created.
[2025-10-28 19:11:08,749][__main__][INFO] - Critic MLP built with hidden_dims=[512, 512], use_layernorm=True
[2025-10-28 19:11:08,749][__main__][INFO] - Critic using features from averaged history.
[2025-10-28 19:11:09,348][__main__][INFO] - Critic MLP built with hidden_dims=[512, 512], use_layernorm=True
[2025-10-28 19:11:09,348][__main__][INFO] - Critic using features from averaged history.
[2025-10-28 19:11:09,377][__main__][INFO] - Critic and Target Critic created with DECOUPLED encoders.
[2025-10-28 19:11:09,379][__main__][INFO] - Optimizers created. Critic optimizer targets Q-networks only.
[2025-10-28 19:11:09,379][__main__][INFO] - CosineAnnealingLR schedulers created.
[2025-10-28 19:11:09,380][__main__][INFO] - Starting FRESH run. Loading actor weights from BC checkpoint: C:\Users\Hellx\Documents\Programming\python\Project\dgpo\outputs\diffusion_pretrain\v1\2025-10-25\00-16-18\checkpoints\backup\backup_epoch_19.pth
[2025-10-28 19:11:09,683][__main__][INFO] - Successfully synchronized actor, target actor, and critic encoders with BC weights.
[2025-10-28 19:11:09,685][__main__][INFO] - Starting RL fine-tuning...
[2025-10-28 19:21:06,449][lmdb_utils][INFO] -  Opened LMDB at C:\Users\Hellx\Documents\Programming\python\Project\dgpo\data\validation\sota_dataset\expert_validation_run_99914b93.lmdb | mode=RO | file-mode
[2025-10-28 19:22:11,292][__main__][INFO] - Starting evaluation phase at timestep 2000...
[2025-10-28 19:22:11,294][__main__][INFO] - Running 2 episodes in parallel for statistics...
[2025-10-28 19:35:49,366][__main__][INFO] - Statistics gathering complete (818.07s): Success Rate=0.000, Mean Reward=0.00
[2025-10-28 19:35:49,367][__main__][INFO] - New best eval success rate: 0.000. Saving best checkpoint.
[2025-10-28 19:35:49,727][__main__][INFO] - Saved latest checkpoint to C:\Users\Hellx\Documents\Programming\python\Project\dgpo\outputs\rl_finetune\my_first_rl_run\2025-10-28_19-11-00\checkpoints\latest_checkpoint.pth at timestep 2000
[2025-10-28 19:35:50,362][__main__][INFO] - Copied new best checkpoint to C:\Users\Hellx\Documents\Programming\python\Project\dgpo\outputs\rl_finetune\my_first_rl_run\2025-10-28_19-11-00\checkpoints\best_checkpoint.pth
[2025-10-28 19:35:50,364][__main__][INFO] - Evaluation phase finished.
[2025-10-28 19:35:51,267][__main__][INFO] - Saved latest checkpoint to C:\Users\Hellx\Documents\Programming\python\Project\dgpo\outputs\rl_finetune\my_first_rl_run\2025-10-28_19-11-00\checkpoints\latest_checkpoint.pth at timestep 2000
[2025-10-28 19:40:28,754][__main__][WARNING] - 
Training interrupted by user (KeyboardInterrupt).
[2025-10-28 19:40:28,755][__main__][INFO] - Performing a final save of the interruption state...
[2025-10-28 19:40:28,768][__main__][INFO] - Saving interruption checkpoint to C:\Users\Hellx\Documents\Programming\python\Project\dgpo\outputs\rl_finetune\my_first_rl_run\2025-10-28_19-11-00\checkpoints\interrupted_checkpoint.pth...
[2025-10-28 19:40:29,175][__main__][INFO] - Interruption checkpoint saved. To resume, use this file path in `resume_from_ckpt`.
[2025-10-28 19:40:29,176][__main__][INFO] - Closing environments...
[2025-10-28 19:40:29,885][__main__][INFO] - --- Training script finished ---
