[2025-10-18 00:31:17,589][__main__][INFO] - ----------- Configuration -----------
[2025-10-18 00:31:17,593][__main__][INFO] - seed: 42
device: cpu
resume_checkpoint: null
logging:
  use_wandb: false
  wandb_project: dgpo_diffusion_pretrain
  wandb_run_name: null
  log_interval_steps: 50
  val_interval_epochs: 5
dataset:
  path: C:/Users/Hellx/Documents/Programming/python/Project/dgpo/data/demos/expert_expert_run_v1_20k_samples_086fea9add4358a2b0fe91deaa115372.lmdb
  val_path: C:/Users/Hellx/Documents/Programming/python/Project/dgpo/data/demos/expert_expert_run_v1_20k_samples_086fea9add4358a2b0fe91deaa115372.lmdb
  batch_size: 16
  num_workers: 0
model:
  observation_horizon: 2
  action_horizon: 8
  action_dim: 8
  image_feat_dim: 256
  d_model: 256
  denoiser_layers: 6
  denoiser_heads: 8
scheduler:
  schedule_type: cosine
  timesteps: 100
  beta_start: 0.0001
  beta_end: 0.02
optimizer:
  lr: 0.0001
  weight_decay: 1.0e-06
  grad_clip_norm: 1.0
training:
  epochs: 5
  use_amp: false
  ema_decay: 0.999
  cfg_p_uncond: 0.1
validation:
  guidance_scale: 1.5
  sampling_steps: 50

[2025-10-18 00:31:17,594][__main__][INFO] - ------------------------------------
[2025-10-18 00:31:17,604][__main__][INFO] - Global seed set to 42
[2025-10-18 00:31:17,604][__main__][INFO] - Output directory: C:\Users\Hellx\Documents\Programming\python\Project\dgpo\outputs\2025-10-18\00-31-17
[2025-10-18 00:31:17,609][__main__][INFO] - Building datasets...
[2025-10-18 00:31:17,611][lmdb_utils][INFO] -  Opened LMDB at C:\Users\Hellx\Documents\Programming\python\Project\dgpo\data\demos\expert_expert_run_v1_20k_samples_086fea9add4358a2b0fe91deaa115372.lmdb | mode=RO | file-mode
[2025-10-18 00:31:18,624][utils.expert_dataset][INFO] - Loaded expert demos: 7 episodes, 1793 total valid chunks.
[2025-10-18 00:31:18,641][lmdb_utils][INFO] -  Opened LMDB at C:\Users\Hellx\Documents\Programming\python\Project\dgpo\data\demos\expert_expert_run_v1_20k_samples_086fea9add4358a2b0fe91deaa115372.lmdb | mode=RO | file-mode
[2025-10-18 00:31:19,655][utils.expert_dataset][INFO] - Loaded expert demos: 7 episodes, 1793 total valid chunks.
[2025-10-18 00:31:19,670][__main__][INFO] - Building diffusion policy model...
[2025-10-18 00:31:19,670][lmdb_utils][INFO] -  Opened LMDB at C:\Users\Hellx\Documents\Programming\python\Project\dgpo\data\demos\expert_expert_run_v1_20k_samples_086fea9add4358a2b0fe91deaa115372.lmdb | mode=RO | file-mode
[2025-10-18 00:31:19,753][__main__][INFO] - Inferred proprioception dimension: 22
[2025-10-18 00:31:20,593][models.diffusion_policy][INFO] - State-of-the-art DiffusionPolicy initialized on device: cpu
[2025-10-18 00:31:20,869][__main__][INFO] - Starting training...
[2025-10-18 01:17:59,645][__main__][INFO] - Running validation for epoch 5...
[2025-10-18 01:17:59,685][lmdb_utils][INFO] -  Opened LMDB at C:\Users\Hellx\Documents\Programming\python\Project\dgpo\data\demos\expert_expert_run_v1_20k_samples_086fea9add4358a2b0fe91deaa115372.lmdb | mode=RO | file-mode
[2025-10-18 01:30:49,701][__main__][INFO] - Validation Loss: 0.0538, Action MSE: 0.3835
[2025-10-18 01:30:49,707][__main__][INFO] - Generating diagnostic denoising rollout...
[2025-10-18 01:30:57,825][matplotlib.animation][INFO] - Animation.save using <class 'matplotlib.animation.FFMpegWriter'>
[2025-10-18 01:30:57,953][matplotlib.animation][INFO] - MovieWriter._run: running command: ffmpeg -f rawvideo -vcodec rawvideo -s 1000x600 -pix_fmt rgba -framerate 20 -loglevel error -i pipe: -vcodec h264 -pix_fmt yuv420p -y 'C:\Users\Hellx\Documents\Programming\python\Project\dgpo\outputs\2025-10-18\00-31-17\diagnostics\denoising_epoch_5.mp4'
[2025-10-18 01:31:12,268][__main__][INFO] - Saved diagnostic video to C:\Users\Hellx\Documents\Programming\python\Project\dgpo\outputs\2025-10-18\00-31-17\diagnostics\denoising_epoch_5.mp4
[2025-10-18 01:31:14,714][__main__][INFO] - Saved new best checkpoint to C:\Users\Hellx\Documents\Programming\python\Project\dgpo\outputs\2025-10-18\00-31-17\checkpoints\best.pth
[2025-10-18 01:31:14,715][__main__][INFO] - Training completed in 1.00 hours.
[2025-10-18 01:31:14,732][lmdb_utils][INFO] -  LMDB environment closed successfully.
[2025-10-18 01:31:15,482][lmdb_utils][INFO] -  LMDB environment closed successfully.
