[2025-11-04 23:11:14,437][__main__][INFO] - --- ViP-C Hierarchical Visual Evaluation ---
[2025-11-04 23:11:14,438][__main__][INFO] - Full evaluation config:
checkpoint_path: C:/Users/Hellx/Documents/Programming/python/Project/redhot/notes/checkpoints/backup_epoch_31.ckpt
output_video: evaluation_videos/vip_c_eval.mp4
seed: 43
num_episodes: 1
inference_steps: 20

[2025-11-04 23:11:14,443][__main__][INFO] - Loading Lightning checkpoint from: C:/Users/Hellx/Documents/Programming/python/Project/redhot/notes/checkpoints/backup_epoch_31.ckpt
[2025-11-04 23:11:16,575][models.vip_c][INFO] - Initializing the ViPC Orchestrator...
[2025-11-04 23:11:16,575][models.vip_c][INFO] - Initializing Planner with backbone: google/siglip-base-patch16-224
[2025-11-04 23:11:18,393][models.vip_c][INFO] - Initializing Controller with hidden_dim: 512
[2025-11-04 23:11:19,489][models.vip_c][INFO] - ViPC Orchestrator initialized successfully.
[2025-11-04 23:11:20,391][train_vip_c][INFO] - ViPCLightningModule initialized successfully.
[2025-11-04 23:11:20,552][train_vip_c][INFO] - Successfully loaded EMA weights from checkpoint.
[2025-11-04 23:11:20,553][train_vip_c][INFO] - Successfully loaded normalizers from checkpoint into LightningModule.
[2025-11-04 23:11:20,553][train_vip_c][INFO] - Successfully loaded kinematic limits from checkpoint.
[2025-11-04 23:11:21,376][__main__][INFO] - EMA weights successfully applied for inference.
[2025-11-04 23:11:21,382][__main__][INFO] - LightningModule loaded successfully and set to eval mode.
[2025-11-04 23:11:21,382][__main__][INFO] - Initializing PandaEnv for evaluation...
[2025-11-04 23:11:25,035][__main__][INFO] - Recording video to: evaluation_videos\vip_c_eval.mp4
[2025-11-04 23:11:25,038][__main__][INFO] - --- Starting Evaluation Episode 1/1 ---
[2025-11-04 23:11:25,533][__main__][INFO] - Phase change detected at step 0: -1 -> 0
[2025-11-04 23:11:27,030][__main__][INFO] - Planner generated new subgoal: [[4.0736049e-05 1.0474364e-04]]
[2025-11-04 23:56:23,788][__main__][INFO] - Episode finished after 500 steps.
[2025-11-04 23:56:23,999][__main__][INFO] - --- Evaluation Complete. Video saved to: C:\Users\Hellx\Documents\Programming\python\Project\redhot\evaluation_videos\vip_c_eval.mp4 ---
