[2025-11-01 00:47:56,072][__main__][INFO] - ----------- SOTA Planner Training Configuration -----------
[2025-11-01 00:47:56,078][__main__][INFO] - seed: 42
dataset:
  train_path: c:/Users/Hellx/Documents/Programming/python/Project/dgpo/data/training/sota_dataset/expert_training_run_99914b93.lmdb
  val_path: C:/Users/Hellx/Documents/Programming/python/Project/redhot/data/validations/expert_validation_run_99914b93.lmdb
  subgoal_horizon_k: 8
  image_size:
  - 224
  - 224
  img_mean:
  - 0.5
  - 0.5
  - 0.5
  img_std:
  - 0.5
  - 0.5
  - 0.5
  use_random_aug: false
  num_workers: 2
model:
  image_size: 224
  vit_model_name: google/siglip-base-patch16-224
  vit_feature_dim: 768
  freeze_vit: true
  progress_embed_dim: 64
  initialize_unet_from_sd: false
  use_lora: false
  lora_rank: 16
  unet_cross_attention_dim: 768
  unet_block_out_channels:
  - 128
  - 128
  - 256
  - 512
  - 512
  unet_down_block_types:
  - DownBlock2D
  - CrossAttnDownBlock2D
  - CrossAttnDownBlock2D
  - CrossAttnDownBlock2D
  - DownBlock2D
  unet_up_block_types:
  - UpBlock2D
  - CrossAttnUpBlock2D
  - CrossAttnUpBlock2D
  - CrossAttnUpBlock2D
  - UpBlock2D
  unet_attention_head_dim: 8
  condition_drop_prob: 0.1
scheduler:
  timesteps: 50
training:
  batch_size: 4
  val_batch_size: 4
  max_epochs: 200
  use_lpips_loss: true
  lpips_loss_weight: 0.1
  eval_inference_steps: 20
  guidance_scale: 4.0
  use_swa: false
  swa_lrs: 0.0001
  gradient_accumulation_batches: 4
  check_val_every_n_epoch: 5
  run_full_validation_every_n_epoch: 5
  limit_lpips_batches: 50
  save_top_k_checkpoints: 3
  resume_from_checkpoint: C:/Users/Hellx/Documents/Programming/python/Project/redhot/notes/checkpoints/backup_epoch_7.ckpt
  max_steps: -1
optimizer:
  lr: 0.0001
  weight_decay: 1.0e-05
  gradient_clip_val: 1.0
  find_lr: false
  warmup_steps: 0.05
trainer:
  accelerator: cpu
  devices: auto
  precision: 16-mixed
logging:
  use_tensorboard: true
  use_wandb: false
  wandb_project: vidhis_planner_train
  wandb_run_name: null
  wandb_log_model: false
  wandb_watch_log_freq: 100
  log_every_n_steps: 50
  progress_bar_refresh_rate: 10

[2025-11-01 00:47:56,096][__main__][INFO] - -----------------------------------------------------------
[2025-11-01 00:47:56,125][models.planner][INFO] - Initializing VisualPlannerDiffusion with Vision Encoder: google/siglip-base-patch16-224
[2025-11-01 00:47:56,126][models.planner][INFO] - Detected SigLIP model. Loading with SiglipVisionModel.
[2025-11-01 00:47:57,025][models.planner][INFO] - Calculated condition dim: 1600. Projecting to UNet cross-attention dim: 768
[2025-11-01 00:47:57,026][models.planner][INFO] - Initializing Diffusion U-Net...
[2025-11-01 00:47:57,026][models.planner][INFO] - Initializing custom UNet architecture from config.
[2025-11-01 00:47:58,542][models.planner][INFO] - Enabling UNet optimizations (if available)...
[2025-11-01 00:47:58,547][models.planner][INFO] - Initializing SOTA DPM-Solver++ Scheduler.
[2025-11-01 00:47:58,907][models.planner][INFO] - SOTA Planner components initialized.
[2025-11-01 00:47:59,818][__main__][INFO] - Manual backup enabled. Backups will be saved to: C:\Users\Hellx\Documents\Programming\python\Project\redhot\outputs\planner_train\2025-11-01\00-47-55\checkpoints\backup
[2025-11-01 00:47:59,896][__main__][INFO] - Starting SOTA training...
[2025-11-01 00:47:59,911][__main__][INFO] - Loading TRAINING dataset from: c:/Users/Hellx/Documents/Programming/python/Project/dgpo/data/training/sota_dataset/expert_training_run_99914b93.lmdb
[2025-11-01 00:47:59,913][utils.planner_dataset][INFO] - Initializing underlying ExpertTrajectoryDataset reader...
[2025-11-01 00:47:59,913][utils.expert_dataset][INFO] - Loading index from c:\Users\Hellx\Documents\Programming\python\Project\dgpo\data\training\sota_dataset\expert_training_run_99914b93_index.json...
[2025-11-01 00:47:59,926][utils.expert_dataset][INFO] - Loaded 260 episodes, 67656 total valid chunks (Virtually Indexed).
[2025-11-01 00:47:59,927][utils.planner_dataset][INFO] - Loaded index for 260 episodes.
[2025-11-01 00:47:59,941][utils.planner_dataset][INFO] - Precomputed 65576 valid planner samples (k=8).
[2025-11-01 00:47:59,942][__main__][INFO] - Loading VALIDATION dataset from: C:/Users/Hellx/Documents/Programming/python/Project/redhot/data/validations/expert_validation_run_99914b93.lmdb
[2025-11-01 00:47:59,943][utils.planner_dataset][INFO] - Initializing underlying ExpertTrajectoryDataset reader...
[2025-11-01 00:47:59,944][utils.expert_dataset][INFO] - Loading index from C:\Users\Hellx\Documents\Programming\python\Project\redhot\data\validations\expert_validation_run_99914b93_index.json...
[2025-11-01 00:47:59,945][utils.expert_dataset][INFO] - Loaded 12 episodes, 3041 total valid chunks (Virtually Indexed).
[2025-11-01 00:47:59,945][utils.planner_dataset][INFO] - Loaded index for 12 episodes.
[2025-11-01 00:47:59,946][utils.planner_dataset][INFO] - Precomputed 2945 valid planner samples (k=8).
