[2025-10-26 21:34:20,852][__main__][INFO] - ----------- RL Fine-tuning Configuration -----------
[2025-10-26 21:34:20,857][__main__][INFO] - seed: 42
device: cpu
pretrained_policy_path: C:/Users/Hellx/Documents/Programming/python/Project/dgpo/outputs/diffusion_pretrain/v1/2025-10-25/00-16-18/checkpoints/backup/backup_epoch_19.pth
dataset:
  path: C:/Users/Hellx/Documents/Programming/python/Project/dgpo/data/validation/sota_dataset/expert_validation_run_99914b93.lmdb
  num_workers: 0
environment:
  xml_path: envs/panda_pick_place.xml
  n_envs: 2
  max_episode_steps: 500
model:
  observation_horizon: 2
  action_horizon: 8
  action_dim: 8
  image_feat_dim: 128
  d_model: 128
  denoiser_layers: 4
  denoiser_heads: 4
  proprio_dim: 22
scheduler:
  schedule: cosine
  timesteps: 100
  beta_start: 0.0001
  beta_end: 0.02
training:
  total_timesteps: 200000
  curriculum_total_episodes: 2000
  gradient_accumulation_steps: 8
  use_torch_compile: true
  use_reweighted_bc_actor_loss: true
rl_algorithm:
  buffer_size: 12000
  learning_starts: 1
  batch_size: 128
  gamma: 0.98
  tau: 0.005
  policy_delay: 4
  policy_noise: 0.2
  noise_clip: 0.5
  exploration_noise: 0.1
  guidance_scale: 1.5
  sampling_steps: 1
  critic_net_arch:
  - 512
  - 512
  use_critic_layernorm: true
  critic_use_last_feature: false
  actor_loss_beta: 10.0
optimizer:
  actor_lr: 0.0001
  critic_lr: 0.0003
  actor_weight_decay: 0.0001
  critic_weight_decay: 0.0001
  actor_grad_clip_norm: 1.0
  critic_grad_clip_norm: null
logging:
  use_wandb: false
  wandb_project: dgpo_rl_finetune_v1
  wandb_run_name: null
  log_interval_steps: 800
  eval_freq: 3000
  n_eval_episodes: 1
  video_log_freq: 3
  video_fps: 20

[2025-10-26 21:34:20,857][__main__][INFO] - --------------------------------------------------
[2025-10-26 21:34:20,865][__main__][INFO] - Global seed set to 42
[2025-10-26 21:34:20,866][__main__][INFO] - Output directory: C:\Users\Hellx\Documents\Programming\python\Project\dgpo\outputs\rl_finetune\2025-10-26\21-34-20
[2025-10-26 21:34:20,871][__main__][INFO] - Initializing 2 parallel training environments...
[2025-10-26 21:34:20,871][__main__][WARNING] - [SAFEGUARD] Detected Windows OS. SubprocVecEnv uses 'spawn' multiprocessing which often breaks with PyTorch/CuDNN/MuJoCo. Falling back to DummyVecEnv.
[2025-10-26 21:34:24,223][__main__][INFO] - [ENV INIT] rank=0 is_eval=False seed=42
[2025-10-26 21:34:25,325][__main__][INFO] - [ENV INIT] rank=1 is_eval=False seed=43
[2025-10-26 21:34:25,326][__main__][INFO] - [ENV BUILDER] Created 2 env(s) using DummyVecEnv in 4.455s on Windows | CUDA=OFF
[2025-10-26 21:34:25,327][__main__][INFO] - Initializing 1 parallel envs for evaluation stats...
[2025-10-26 21:34:26,155][__main__][INFO] - [ENV INIT] rank=0 is_eval=True seed=1042
[2025-10-26 21:34:26,155][__main__][INFO] - [ENV BUILDER] Created 1 env(s) using DummyVecEnv in 0.828s on Windows | CUDA=OFF
[2025-10-26 21:34:26,156][__main__][INFO] - Initializing single environment for video recording...
[2025-10-26 21:34:27,170][__main__][INFO] - [ENV INIT] rank=0 is_eval=True seed=1042
[2025-10-26 21:34:27,171][__main__][INFO] - [ENV BUILDER] Created 1 env(s) using DummyVecEnv in 1.014s on Windows | CUDA=OFF
[2025-10-26 21:34:27,185][__main__][INFO] - Initializing Replay Buffer...
[2025-10-26 21:34:27,194][__main__][INFO] - Using sb3_contrib.common.buffers.DictReplayBuffer.
[2025-10-26 21:34:27,196][utils.expert_dataset][INFO] - Loading index from C:\Users\Hellx\Documents\Programming\python\Project\dgpo\data\validation\sota_dataset\expert_validation_run_99914b93_index.json...
[2025-10-26 21:34:27,197][utils.expert_dataset][INFO] - Loaded 12 episodes, 2945 total valid chunks (Virtually Indexed).
[2025-10-26 21:34:27,198][__main__][INFO] - Building RL models and loading pre-trained actor...
[2025-10-26 21:34:27,199][__main__][INFO] - Inferred proprioception dimension from expert dataset: 22
[2025-10-26 21:34:27,865][models.diffusion_policy][INFO] - State-of-the-art DiffusionPolicy initialized on device: cpu
[2025-10-26 21:34:27,865][models.diffusion_policy][INFO] - Loading model checkpoint from C:\Users\Hellx\Documents\Programming\python\Project\dgpo\outputs\diffusion_pretrain\v1\2025-10-25\00-16-18\checkpoints\backup\backup_epoch_19.pth
[2025-10-26 21:34:28,401][__main__][INFO] - Successfully loaded pre-trained diffusion policy from C:\Users\Hellx\Documents\Programming\python\Project\dgpo\outputs\diffusion_pretrain\v1\2025-10-25\00-16-18\checkpoints\backup\backup_epoch_19.pth
[2025-10-26 21:34:28,402][__main__][INFO] - DiffusionActor initialized with guidance_scale=1.5, sampling_steps=1
[2025-10-26 21:34:28,920][models.diffusion_policy][INFO] - State-of-the-art DiffusionPolicy initialized on device: cpu
[2025-10-26 21:34:28,946][__main__][INFO] - DiffusionActor initialized with guidance_scale=1.5, sampling_steps=1
[2025-10-26 21:34:28,951][__main__][INFO] - Actor and Target Actor created.
[2025-10-26 21:34:29,492][__main__][INFO] - Critic MLP built with hidden_dims=[512, 512], use_layernorm=True
[2025-10-26 21:34:29,493][__main__][INFO] - Critic using features from averaged history.
[2025-10-26 21:34:30,066][__main__][INFO] - Critic MLP built with hidden_dims=[512, 512], use_layernorm=True
[2025-10-26 21:34:30,066][__main__][INFO] - Critic using features from averaged history.
[2025-10-26 21:34:30,092][__main__][INFO] - Critic and Target Critic created with DECOUPLED encoders.
[2025-10-26 21:34:30,095][__main__][INFO] - Optimizers created. Critic optimizer targets Q-networks only.
[2025-10-26 21:34:30,095][__main__][INFO] - CosineAnnealingLR schedulers created.
[2025-10-26 21:34:30,096][__main__][INFO] - Applying torch.compile (mode='reduce-overhead')...
[2025-10-26 21:34:32,519][__main__][INFO] - torch.compile applied successfully.
[2025-10-26 21:34:32,519][__main__][INFO] - No checkpoint found at specified path. Starting training from scratch.
[2025-10-26 21:34:32,520][__main__][INFO] - Starting RL fine-tuning...
[2025-10-26 21:34:34,069][lmdb_utils][INFO] -  Opened LMDB at C:\Users\Hellx\Documents\Programming\python\Project\dgpo\data\validation\sota_dataset\expert_validation_run_99914b93.lmdb | mode=RO | file-mode
[2025-10-26 21:35:41,719][__main__][ERROR] - An error occurred during the RL fine-tuning run.
Traceback (most recent call last):
  File "C:\Users\Hellx\Documents\Programming\python\Project\dgpo\scripts\train_rl.py", line 1356, in main
    trainer.run()
  File "C:\Users\Hellx\Documents\Programming\python\Project\dgpo\scripts\train_rl.py", line 1091, in run
    self.train_step()
  File "C:\Users\Hellx\Documents\Programming\python\Project\dgpo\scripts\train_rl.py", line 895, in train_step
    critic_loss = self._update_critic(obs, next_obs, actions, rewards, dones)
  File "C:\Users\Hellx\Documents\Programming\python\Project\dgpo\scripts\train_rl.py", line 813, in _update_critic
    current_q1, current_q2 = self.critic(obs, actions)
  File "C:\Users\Hellx\Documents\Programming\python\Project\dgpo_project\venv\lib\site-packages\torch\_dynamo\eval_frame.py", line 414, in __call__
    return super().__call__(*args, **kwargs)
  File "C:\Users\Hellx\Documents\Programming\python\Project\dgpo_project\venv\lib\site-packages\torch\nn\modules\module.py", line 1775, in _wrapped_call_impl
    return self._call_impl(*args, **kwargs)
  File "C:\Users\Hellx\Documents\Programming\python\Project\dgpo_project\venv\lib\site-packages\torch\nn\modules\module.py", line 1786, in _call_impl
    return forward_call(*args, **kwargs)
  File "C:\Users\Hellx\Documents\Programming\python\Project\dgpo_project\venv\lib\site-packages\torch\_dynamo\eval_frame.py", line 845, in compile_wrapper
    raise e.remove_dynamo_frames() from None  # see TORCHDYNAMO_VERBOSE=1
  File "C:\Users\Hellx\Documents\Programming\python\Project\dgpo_project\venv\lib\site-packages\torch\_inductor\compile_fx.py", line 990, in _compile_fx_inner
    raise InductorError(e, currentframe()).with_traceback(
  File "C:\Users\Hellx\Documents\Programming\python\Project\dgpo_project\venv\lib\site-packages\torch\_inductor\compile_fx.py", line 974, in _compile_fx_inner
    mb_compiled_graph = fx_codegen_and_compile(
  File "C:\Users\Hellx\Documents\Programming\python\Project\dgpo_project\venv\lib\site-packages\torch\_inductor\compile_fx.py", line 1695, in fx_codegen_and_compile
    return scheme.codegen_and_compile(gm, example_inputs, inputs_to_check, graph_kwargs)
  File "C:\Users\Hellx\Documents\Programming\python\Project\dgpo_project\venv\lib\site-packages\torch\_inductor\compile_fx.py", line 1505, in codegen_and_compile
    compiled_module = graph.compile_to_module()
  File "C:\Users\Hellx\Documents\Programming\python\Project\dgpo_project\venv\lib\site-packages\torch\_inductor\graph.py", line 2319, in compile_to_module
    return self._compile_to_module()
  File "C:\Users\Hellx\Documents\Programming\python\Project\dgpo_project\venv\lib\site-packages\torch\_inductor\graph.py", line 2325, in _compile_to_module
    self.codegen_with_cpp_wrapper() if self.cpp_wrapper else self.codegen()
  File "C:\Users\Hellx\Documents\Programming\python\Project\dgpo_project\venv\lib\site-packages\torch\_inductor\graph.py", line 2264, in codegen
    self.scheduler.codegen()
  File "C:\Users\Hellx\Documents\Programming\python\Project\dgpo_project\venv\lib\site-packages\torch\_inductor\scheduler.py", line 5205, in codegen
    self._codegen_partitions()
  File "C:\Users\Hellx\Documents\Programming\python\Project\dgpo_project\venv\lib\site-packages\torch\_inductor\scheduler.py", line 5345, in _codegen_partitions
    self._codegen(partition)
  File "C:\Users\Hellx\Documents\Programming\python\Project\dgpo_project\venv\lib\site-packages\torch\_inductor\scheduler.py", line 5443, in _codegen
    self.get_backend(device).codegen_node(node)
  File "C:\Users\Hellx\Documents\Programming\python\Project\dgpo_project\venv\lib\site-packages\torch\_inductor\codegen\cpp.py", line 5282, in codegen_node
    cpp_kernel_proxy = self.kernel_proxy_cls(kernel_group)
  File "C:\Users\Hellx\Documents\Programming\python\Project\dgpo_project\venv\lib\site-packages\torch\_inductor\codegen\cpp.py", line 4008, in __init__
    self.picked_vec_isa: cpu_vec_isa.VecISA = cpu_vec_isa.pick_vec_isa()
  File "C:\Users\Hellx\Documents\Programming\python\Project\dgpo_project\venv\lib\site-packages\torch\_inductor\cpu_vec_isa.py", line 497, in pick_vec_isa
    _valid_vec_isa_list: list[VecISA] = valid_vec_isa_list()
  File "C:\Users\Hellx\Documents\Programming\python\Project\dgpo_project\venv\lib\site-packages\torch\_inductor\cpu_vec_isa.py", line 484, in valid_vec_isa_list
    isa_list.extend(
  File "C:\Users\Hellx\Documents\Programming\python\Project\dgpo_project\venv\lib\site-packages\torch\_inductor\cpu_vec_isa.py", line 484, in <genexpr>
    isa_list.extend(
  File "C:\Users\Hellx\Documents\Programming\python\Project\dgpo_project\venv\lib\site-packages\torch\_inductor\cpu_vec_isa.py", line 143, in __bool__
    return self.__bool__impl(config.cpp.vec_isa_ok)
  File "C:\Users\Hellx\Documents\Programming\python\Project\dgpo_project\venv\lib\site-packages\torch\_inductor\cpu_vec_isa.py", line 153, in __bool__impl
    return self.check_build(VecISA._avx_code)
  File "C:\Users\Hellx\Documents\Programming\python\Project\dgpo_project\venv\lib\site-packages\torch\_inductor\cpu_vec_isa.py", line 103, in check_build
    extra=_get_isa_dry_compile_fingerprint(self._arch_flags),
  File "C:\Users\Hellx\Documents\Programming\python\Project\dgpo_project\venv\lib\site-packages\torch\_inductor\cpu_vec_isa.py", line 29, in _get_isa_dry_compile_fingerprint
    compiler_info = get_compiler_version_info(get_cpp_compiler())
  File "C:\Users\Hellx\Documents\Programming\python\Project\dgpo_project\venv\lib\site-packages\torch\_inductor\cpp_builder.py", line 338, in get_cpp_compiler
    check_compiler_exist_windows(compiler)
  File "C:\Users\Hellx\Documents\Programming\python\Project\dgpo_project\venv\lib\site-packages\torch\_inductor\cpp_builder.py", line 139, in check_compiler_exist_windows
    raise RuntimeError(f"Compiler: {compiler} is not found.") from exc
torch._inductor.exc.InductorError: RuntimeError: Compiler: cl is not found.

Set TORCHDYNAMO_VERBOSE=1 for the internal stack trace (please do this especially if you're reporting a bug to PyTorch). For even more developer context, set TORCH_LOGS="+dynamo"

