[2025-10-26 00:51:29,412][__main__][INFO] - ----------- RL Fine-tuning Configuration -----------
[2025-10-26 00:51:29,417][__main__][INFO] - seed: 42
device: cpu
pretrained_policy_path: C:/Users/Hellx/Documents/Programming/python/Project/dgpo/outputs/diffusion_pretrain/v1/2025-10-25/00-16-18/checkpoints/backup/backup_epoch_19.pth
dataset:
  path: C:/Users/Hellx/Documents/Programming/python/Project/dgpo/data/validation/sota_dataset/expert_validation_run_99914b93.lmdb
  num_workers: 0
environment:
  xml_path: envs/panda_pick_place.xml
  n_envs: 2
  max_episode_steps: 500
model:
  observation_horizon: 2
  action_horizon: 8
  action_dim: 8
  image_feat_dim: 128
  d_model: 128
  denoiser_layers: 4
  denoiser_heads: 4
scheduler:
  schedule: cosine
  timesteps: 100
  beta_start: 0.0001
  beta_end: 0.02
training:
  total_timesteps: 200000
  curriculum_total_episodes: 2000
rl_algorithm:
  buffer_size: 12000
  learning_starts: 3000
  batch_size: 128
  gamma: 0.98
  tau: 0.005
  policy_delay: 2
  policy_noise: 0.2
  noise_clip: 0.5
  exploration_noise: 0.1
  guidance_scale: 1.5
  sampling_steps: 4
optimizer:
  actor_lr: 0.0001
  critic_lr: 0.0003
logging:
  use_wandb: false
  wandb_project: dgpo_rl_finetune_v1
  wandb_run_name: null
  log_interval_steps: 800
  eval_freq: 3000
  n_eval_episodes: 3
  video_log_freq: 3

[2025-10-26 00:51:29,417][__main__][INFO] - --------------------------------------------------
[2025-10-26 00:51:29,422][__main__][INFO] - Global seed set to 42
[2025-10-26 00:51:29,423][__main__][INFO] - Output directory: C:\Users\Hellx\Documents\Programming\python\Project\dgpo\outputs\rl_finetune\2025-10-26\00-51-29
[2025-10-26 00:51:29,429][__main__][INFO] - Initializing 2 parallel training environments...
[2025-10-26 00:51:29,429][__main__][WARNING] - [SAFEGUARD] Detected Windows OS. SubprocVecEnv uses 'spawn' multiprocessing which often breaks with PyTorch/CuDNN/MuJoCo. Falling back to DummyVecEnv.
[2025-10-26 00:51:33,665][__main__][INFO] - [ENV INIT] rank=0 is_eval=False seed=42
[2025-10-26 00:51:34,646][__main__][INFO] - [ENV INIT] rank=1 is_eval=False seed=43
[2025-10-26 00:51:34,647][__main__][INFO] - [ENV BUILDER] Created 2 env(s) using DummyVecEnv in 5.217s on Windows | CUDA=OFF
[2025-10-26 00:51:34,649][__main__][INFO] - Initializing 3 parallel envs for evaluation stats...
[2025-10-26 00:51:34,650][__main__][WARNING] - [SAFEGUARD] Detected Windows OS. SubprocVecEnv uses 'spawn' multiprocessing which often breaks with PyTorch/CuDNN/MuJoCo. Falling back to DummyVecEnv.
[2025-10-26 00:51:35,763][__main__][INFO] - [ENV INIT] rank=0 is_eval=True seed=1042
[2025-10-26 00:51:36,930][__main__][INFO] - [ENV INIT] rank=1 is_eval=True seed=1043
[2025-10-26 00:51:38,015][__main__][INFO] - [ENV INIT] rank=2 is_eval=True seed=1044
[2025-10-26 00:51:38,015][__main__][INFO] - [ENV BUILDER] Created 3 env(s) using DummyVecEnv in 3.365s on Windows | CUDA=OFF
[2025-10-26 00:51:38,016][__main__][INFO] - Initializing single environment for video recording...
[2025-10-26 00:51:39,024][__main__][INFO] - [ENV INIT] rank=0 is_eval=True seed=1042
[2025-10-26 00:51:39,024][__main__][INFO] - [ENV BUILDER] Created 1 env(s) using DummyVecEnv in 1.008s on Windows | CUDA=OFF
[2025-10-26 00:51:39,038][__main__][INFO] - Initializing Replay Buffer...
[2025-10-26 00:51:39,193][__main__][INFO] - Using sb3_contrib.common.buffers.DictReplayBuffer.
[2025-10-26 00:51:39,274][utils.expert_dataset][INFO] - Loading index from C:\Users\Hellx\Documents\Programming\python\Project\dgpo\data\validation\sota_dataset\expert_validation_run_99914b93_index.json...
[2025-10-26 00:51:39,275][utils.expert_dataset][INFO] - Loaded 12 episodes, 2945 total valid chunks (Virtually Indexed).
[2025-10-26 00:51:39,277][__main__][INFO] - Building RL models and loading pre-trained actor...
[2025-10-26 00:51:39,277][__main__][INFO] - Inferred proprioception dimension from expert dataset: 22
[2025-10-26 00:51:40,372][models.diffusion_policy][INFO] - State-of-the-art DiffusionPolicy initialized on device: cpu
[2025-10-26 00:51:40,372][models.diffusion_policy][INFO] - Loading model checkpoint from C:\Users\Hellx\Documents\Programming\python\Project\dgpo\outputs\diffusion_pretrain\v1\2025-10-25\00-16-18\checkpoints\backup\backup_epoch_19.pth
[2025-10-26 00:51:40,660][__main__][INFO] - Successfully loaded pre-trained diffusion policy from C:\Users\Hellx\Documents\Programming\python\Project\dgpo\outputs\diffusion_pretrain\v1\2025-10-25\00-16-18\checkpoints\backup\backup_epoch_19.pth
[2025-10-26 00:51:40,660][__main__][INFO] - DiffusionActor initialized with guidance_scale=1.5, sampling_steps=4
[2025-10-26 00:51:41,224][models.diffusion_policy][INFO] - State-of-the-art DiffusionPolicy initialized on device: cpu
[2025-10-26 00:51:41,255][__main__][INFO] - DiffusionActor initialized with guidance_scale=1.5, sampling_steps=4
[2025-10-26 00:51:41,258][__main__][INFO] - Actor and Target Actor created.
[2025-10-26 00:51:42,475][__main__][INFO] - Critic and Target Critic created with DECOUPLED encoders.
[2025-10-26 00:51:42,479][__main__][INFO] - Optimizers created. Critic optimizer targets Q-networks only.
[2025-10-26 00:51:42,479][__main__][INFO] - CosineAnnealingLR schedulers created.
[2025-10-26 00:51:42,480][__main__][INFO] - No checkpoint found at specified path. Starting training from scratch.
[2025-10-26 00:51:42,480][__main__][INFO] - Starting RL fine-tuning...
[2025-10-26 01:06:44,930][lmdb_utils][INFO] -  Opened LMDB at C:\Users\Hellx\Documents\Programming\python\Project\dgpo\data\validation\sota_dataset\expert_validation_run_99914b93.lmdb | mode=RO | file-mode
[2025-10-26 01:08:16,052][__main__][INFO] - Starting evaluation phase at timestep 3000...
[2025-10-26 01:08:16,054][__main__][INFO] - Running 3 episodes in parallel for statistics...
[2025-10-26 01:18:53,018][__main__][INFO] - Statistics gathering complete (636.96s): Success Rate=0.000, Mean Reward=0.00
[2025-10-26 01:18:53,019][__main__][INFO] - New best eval success rate: 0.000. Saving best checkpoint.
[2025-10-26 01:18:53,388][__main__][INFO] - Saved latest checkpoint to C:\Users\Hellx\Documents\Programming\python\Project\dgpo\outputs\rl_finetune\2025-10-26\00-51-29\checkpoints\latest_checkpoint.pth at timestep 3000
[2025-10-26 01:18:54,019][__main__][INFO] - Saved best checkpoint to C:\Users\Hellx\Documents\Programming\python\Project\dgpo\outputs\rl_finetune\2025-10-26\00-51-29\checkpoints\best_checkpoint.pth
[2025-10-26 01:18:54,021][__main__][INFO] - Evaluation phase finished.
[2025-10-26 01:18:55,048][__main__][INFO] - Saved latest checkpoint to C:\Users\Hellx\Documents\Programming\python\Project\dgpo\outputs\rl_finetune\2025-10-26\00-51-29\checkpoints\latest_checkpoint.pth at timestep 3000
