[2025-10-26 22:12:23,473][__main__][INFO] - ----------- RL Fine-tuning Configuration -----------
[2025-10-26 22:12:23,484][__main__][INFO] - seed: 42
device: cuda
pretrained_policy_path: /content/drive/MyDrive/pda/Models/backup_epoch_19.pth
dataset:
  path: /content/drive/MyDrive/pda/data/validation/sota_dataset/expert_validation_run_99914b93.lmdb
  num_workers: 0
environment:
  xml_path: envs/panda_pick_place.xml
  n_envs: 2
  max_episode_steps: 500
model:
  observation_horizon: 2
  action_horizon: 8
  action_dim: 8
  image_feat_dim: 128
  d_model: 128
  denoiser_layers: 4
  denoiser_heads: 4
  proprio_dim: 22
scheduler:
  schedule: cosine
  timesteps: 100
  beta_start: 0.0001
  beta_end: 0.02
training:
  total_timesteps: 200000
  curriculum_total_episodes: 2000
  gradient_accumulation_steps: 8
  use_torch_compile: false
  use_reweighted_bc_actor_loss: true
rl_algorithm:
  buffer_size: 12000
  learning_starts: 1
  batch_size: 128
  gamma: 0.98
  tau: 0.005
  policy_delay: 4
  policy_noise: 0.2
  noise_clip: 0.5
  exploration_noise: 0.1
  guidance_scale: 1.5
  sampling_steps: 1
  critic_net_arch:
  - 512
  - 512
  use_critic_layernorm: true
  critic_use_last_feature: false
  actor_loss_beta: 10.0
optimizer:
  actor_lr: 0.0001
  critic_lr: 0.0003
  actor_weight_decay: 0.0001
  critic_weight_decay: 0.0001
  actor_grad_clip_norm: 1.0
  critic_grad_clip_norm: null
logging:
  use_wandb: false
  wandb_project: dgpo_rl_finetune_v1
  wandb_run_name: null
  log_interval_steps: 800
  eval_freq: 3000
  n_eval_episodes: 1
  video_log_freq: 3
  video_fps: 20

[2025-10-26 22:12:23,485][__main__][INFO] - --------------------------------------------------
[2025-10-26 22:12:23,496][__main__][INFO] - Global seed set to 42
[2025-10-26 22:12:23,496][__main__][INFO] - Output directory: C:\Users\Hellx\Documents\Programming\python\Project\dgpo\outputs\rl_finetune\2025-10-26\22-12-23
[2025-10-26 22:12:23,504][__main__][INFO] - Initializing 2 parallel training environments...
[2025-10-26 22:12:23,504][__main__][WARNING] - [SAFEGUARD] Detected Windows OS. SubprocVecEnv uses 'spawn' multiprocessing which often breaks with PyTorch/CuDNN/MuJoCo. Falling back to DummyVecEnv.
[2025-10-26 22:12:28,292][__main__][INFO] - [ENV INIT] rank=0 is_eval=False seed=42
[2025-10-26 22:12:29,282][__main__][INFO] - [ENV INIT] rank=1 is_eval=False seed=43
[2025-10-26 22:12:29,283][__main__][INFO] - [ENV BUILDER] Created 2 env(s) using DummyVecEnv in 5.779s on Windows | CUDA=OFF
[2025-10-26 22:12:29,284][__main__][INFO] - Initializing 1 parallel envs for evaluation stats...
[2025-10-26 22:12:30,322][__main__][INFO] - [ENV INIT] rank=0 is_eval=True seed=1042
[2025-10-26 22:12:30,322][__main__][INFO] - [ENV BUILDER] Created 1 env(s) using DummyVecEnv in 1.037s on Windows | CUDA=OFF
[2025-10-26 22:12:30,323][__main__][INFO] - Initializing single environment for video recording...
[2025-10-26 22:12:31,186][__main__][INFO] - [ENV INIT] rank=0 is_eval=True seed=1042
[2025-10-26 22:12:31,187][__main__][INFO] - [ENV BUILDER] Created 1 env(s) using DummyVecEnv in 0.864s on Windows | CUDA=OFF
[2025-10-26 22:12:31,200][__main__][INFO] - Initializing Replay Buffer...
[2025-10-26 22:12:31,209][__main__][INFO] - Using sb3_contrib.common.buffers.DictReplayBuffer.
[2025-10-26 22:12:31,211][__main__][ERROR] - Error creating ExpertTrajectoryDataset from /content/drive/MyDrive/pda/data/validation/sota_dataset/expert_validation_run_99914b93.lmdb: Missing required index file: \content\drive\MyDrive\pda\data\validation\sota_dataset\expert_validation_run_99914b93_index.json
Please regenerate your dataset with the new ExpertDatasetWriter.
Traceback (most recent call last):
  File "C:\Users\Hellx\Documents\Programming\python\Project\dgpo\scripts\train_rl.py", line 616, in _make_expert_loader
    dataset = ExpertTrajectoryDataset(
  File "C:\Users\Hellx\Documents\Programming\python\Project\dgpo\utils\expert_dataset.py", line 317, in __init__
    raise FileNotFoundError(
FileNotFoundError: Missing required index file: \content\drive\MyDrive\pda\data\validation\sota_dataset\expert_validation_run_99914b93_index.json
Please regenerate your dataset with the new ExpertDatasetWriter.
[2025-10-26 22:12:31,221][__main__][ERROR] - An error occurred during the RL fine-tuning run.
Traceback (most recent call last):
  File "C:\Users\Hellx\Documents\Programming\python\Project\dgpo\scripts\train_rl.py", line 1342, in main
    trainer = RLFineTuner(cfg)
  File "C:\Users\Hellx\Documents\Programming\python\Project\dgpo\scripts\train_rl.py", line 392, in __init__
    self.expert_loader = self._make_expert_loader()
  File "C:\Users\Hellx\Documents\Programming\python\Project\dgpo\scripts\train_rl.py", line 616, in _make_expert_loader
    dataset = ExpertTrajectoryDataset(
  File "C:\Users\Hellx\Documents\Programming\python\Project\dgpo\utils\expert_dataset.py", line 317, in __init__
    raise FileNotFoundError(
FileNotFoundError: Missing required index file: \content\drive\MyDrive\pda\data\validation\sota_dataset\expert_validation_run_99914b93_index.json
Please regenerate your dataset with the new ExpertDatasetWriter.
