[2025-11-01 13:15:18,320][__main__][INFO] - seed: 42
model:
  action_dim: 7
  proprio_dim: 22
  action_horizon: 8
  obs_horizon: 2
  vision_backbone_model: google/siglip-base-patch16-224
  vision_feature_dim: 768
  fusion_transformer_layers: 4
  fusion_transformer_heads: 8
  resnet_feature_dim: 256
  pilot_d_model: 512
  denoiser_layers: 6
  denoiser_heads: 8
  p_plan_drop: 0.1
  p_obs_drop: 0.1
scheduler:
  diffusion_timesteps: 100
  beta_schedule: cosine
  beta_start: 0.0001
  beta_end: 0.02
dataset:
  train_path: C:/Users/Hellx/Documents/Programming/python/Project/dgpo/data/training/sota_dataset/expert_training_run_99914b93.lmdb
  val_path: C:/Users/Hellx/Documents/Programming/python/Project/dgpo/data/validation/sota_dataset/expert_validation_run_99914b93.lmdb
  num_workers: 2
training:
  batch_size: 64
  val_batch_size: ${training.batch_size}
  ema_decay: 0.999
  use_activation_checkpointing: true
  use_swa: false
  swa_lrs: 1.0e-05
  resume_from_checkpoint: null
validation:
  run_full_validation_every_n_epoch: 5
  sampling_steps: 30
  guidance_scale_plan: 7.5
  guidance_scale_obs: 1.5
optimizer:
  lr: 0.0001
  weight_decay: 1.0e-06
  warmup_steps: 0.05
  gradient_clip_val: 1.0
trainer:
  accelerator: cpu
  devices: 1
  precision: 16-mixed
  max_epochs: 1000
  check_val_every_n_epoch: 1
  accumulate_grad_batches: 1
logging:
  use_wandb: true
  wandb_project: ego_planner_v4
  wandb_run_name: null
  log_every_n_steps: 50

[2025-11-01 13:15:18,351][models.ego_planner][INFO] - [Strategist] Initializing ViT backbone: google/siglip-base-patch16-224
[2025-11-01 13:15:19,299][models.ego_planner][INFO] - [Strategist] Derived configuration: image_size=224, patch_size=16, num_patches=197.
[2025-11-01 13:15:19,416][models.ego_planner][INFO] - [Pilot] Activation Checkpointing: Enabled
