[2025-10-28 23:41:13,168][__main__][INFO] - ----------- RL Fine-tuning Configuration -----------
[2025-10-28 23:41:13,173][__main__][INFO] - seed: 42
device: cpu
run_name: my_first_rl_run
resume_from_ckpt: C:/Users/Hellx/Documents/Programming/python/Project/dgpo/notes/interrupted_checkpoint.pth
pretrained_policy_path: C:/Users/Hellx/Documents/Programming/python/Project/dgpo/outputs/diffusion_pretrain/v1/2025-10-25/00-16-18/checkpoints/backup/backup_epoch_19.pth
dataset:
  path: C:/Users/Hellx/Documents/Programming/python/Project/dgpo/data/validation/sota_dataset/expert_validation_run_99914b93.lmdb
  num_workers: 0
environment:
  xml_path: envs/panda_pick_place.xml
  n_envs: 4
  max_episode_steps: 500
model:
  observation_horizon: 2
  action_horizon: 8
  action_dim: 8
  image_feat_dim: 128
  d_model: 128
  denoiser_layers: 4
  denoiser_heads: 4
  proprio_dim: 22
scheduler:
  schedule: cosine
  timesteps: 100
  beta_start: 0.0001
  beta_end: 0.02
training:
  total_timesteps: 200000
  curriculum_total_episodes: 2000
  gradient_accumulation_steps: 8
  use_torch_compile: false
  use_reweighted_bc_actor_loss: true
rl_algorithm:
  buffer_size: 12000
  learning_starts: 2000
  batch_size: 128
  gamma: 0.98
  tau: 0.005
  policy_delay: 4
  policy_noise: 0.2
  noise_clip: 0.5
  exploration_noise: 0.1
  guidance_scale: 1.5
  sampling_steps: 50
  critic_net_arch:
  - 512
  - 512
  use_critic_layernorm: true
  critic_use_last_feature: false
  actor_loss_beta: 10.0
optimizer:
  actor_lr: 0.0001
  critic_lr: 0.0003
  actor_weight_decay: 0.0001
  critic_weight_decay: 0.0001
  actor_grad_clip_norm: 1.0
  critic_grad_clip_norm: null
logging:
  use_wandb: false
  wandb_project: dgpo_rl_finetune_v1
  wandb_run_name: null
  log_interval_steps: 500
  eval_freq: 5000
  n_eval_episodes: 2
  video_log_freq: 3
  video_fps: 20
  backup_freq_steps: 1000

[2025-10-28 23:41:13,174][__main__][INFO] - --------------------------------------------------
[2025-10-28 23:41:13,178][__main__][INFO] - Global seed set to 42
[2025-10-28 23:41:13,179][__main__][INFO] - Output directory: C:\Users\Hellx\Documents\Programming\python\Project\dgpo\outputs\rl_finetune\my_first_rl_run\2025-10-28_23-41-13
[2025-10-28 23:41:13,183][__main__][INFO] - Initializing 4 parallel training environments...
[2025-10-28 23:41:13,184][__main__][WARNING] - [SAFEGUARD] Detected Windows OS. SubprocVecEnv uses 'spawn' multiprocessing which often breaks with PyTorch/CuDNN/MuJoCo. Falling back to DummyVecEnv.
[2025-10-28 23:41:16,252][__main__][INFO] - [ENV INIT] rank=0 is_eval=False seed=42
[2025-10-28 23:41:17,425][__main__][INFO] - [ENV INIT] rank=1 is_eval=False seed=43
[2025-10-28 23:41:18,949][__main__][INFO] - [ENV INIT] rank=2 is_eval=False seed=44
[2025-10-28 23:41:20,256][__main__][INFO] - [ENV INIT] rank=3 is_eval=False seed=45
[2025-10-28 23:41:20,258][__main__][INFO] - [ENV BUILDER] Created 4 env(s) using DummyVecEnv in 7.073s on Windows | CUDA=OFF
[2025-10-28 23:41:20,259][__main__][INFO] - Initializing 2 parallel envs for evaluation stats...
[2025-10-28 23:41:20,259][__main__][WARNING] - [SAFEGUARD] Detected Windows OS. SubprocVecEnv uses 'spawn' multiprocessing which often breaks with PyTorch/CuDNN/MuJoCo. Falling back to DummyVecEnv.
[2025-10-28 23:41:21,310][__main__][INFO] - [ENV INIT] rank=0 is_eval=True seed=1042
[2025-10-28 23:41:22,159][__main__][INFO] - [ENV INIT] rank=1 is_eval=True seed=1043
[2025-10-28 23:41:22,160][__main__][INFO] - [ENV BUILDER] Created 2 env(s) using DummyVecEnv in 1.900s on Windows | CUDA=OFF
[2025-10-28 23:41:22,160][__main__][INFO] - Initializing single environment for video recording...
[2025-10-28 23:41:22,173][__main__][INFO] - Initializing Replay Buffer...
[2025-10-28 23:41:22,250][__main__][INFO] - Using sb3_contrib.common.buffers.DictReplayBuffer.
[2025-10-28 23:41:22,266][utils.expert_dataset][INFO] - Loading index from C:\Users\Hellx\Documents\Programming\python\Project\dgpo\data\validation\sota_dataset\expert_validation_run_99914b93_index.json...
[2025-10-28 23:41:22,267][utils.expert_dataset][INFO] - Loaded 12 episodes, 2945 total valid chunks (Virtually Indexed).
[2025-10-28 23:41:22,268][__main__][INFO] - Building RL models and loading pre-trained actor...
[2025-10-28 23:41:22,269][__main__][INFO] - Inferred proprioception dimension from expert dataset: 22
[2025-10-28 23:41:22,944][models.diffusion_policy][INFO] - State-of-the-art DiffusionPolicy initialized on device: cpu
[2025-10-28 23:41:22,945][models.diffusion_policy][INFO] - Loading model checkpoint from C:\Users\Hellx\Documents\Programming\python\Project\dgpo\outputs\diffusion_pretrain\v1\2025-10-25\00-16-18\checkpoints\backup\backup_epoch_19.pth
[2025-10-28 23:41:23,426][__main__][INFO] - Successfully loaded pre-trained diffusion policy from C:\Users\Hellx\Documents\Programming\python\Project\dgpo\outputs\diffusion_pretrain\v1\2025-10-25\00-16-18\checkpoints\backup\backup_epoch_19.pth
[2025-10-28 23:41:23,426][__main__][INFO] - DiffusionActor initialized with guidance_scale=1.5, sampling_steps=50
[2025-10-28 23:41:24,014][models.diffusion_policy][INFO] - State-of-the-art DiffusionPolicy initialized on device: cpu
[2025-10-28 23:41:24,045][__main__][INFO] - DiffusionActor initialized with guidance_scale=1.5, sampling_steps=50
[2025-10-28 23:41:24,049][__main__][INFO] - Actor and Target Actor created.
[2025-10-28 23:41:24,650][__main__][INFO] - Critic MLP built with hidden_dims=[512, 512], use_layernorm=True
[2025-10-28 23:41:24,650][__main__][INFO] - Critic using features from averaged history.
[2025-10-28 23:41:25,261][__main__][INFO] - Critic MLP built with hidden_dims=[512, 512], use_layernorm=True
[2025-10-28 23:41:25,261][__main__][INFO] - Critic using features from averaged history.
[2025-10-28 23:41:25,310][__main__][INFO] - Critic and Target Critic created with DECOUPLED encoders.
[2025-10-28 23:41:25,314][__main__][INFO] - Optimizers created. Critic optimizer targets Q-networks only.
[2025-10-28 23:41:25,314][__main__][INFO] - CosineAnnealingLR schedulers created.
[2025-10-28 23:41:25,315][__main__][INFO] - Attempting to resume training from RL checkpoint: C:\Users\Hellx\Documents\Programming\python\Project\dgpo\notes\interrupted_checkpoint.pth
[2025-10-28 23:41:25,968][__main__][INFO] - Successfully resumed from checkpoint. Continuing from timestep 5016.
[2025-10-28 23:41:25,971][__main__][INFO] - Starting RL fine-tuning...
[2025-10-28 23:51:45,071][lmdb_utils][INFO] -  Opened LMDB at C:\Users\Hellx\Documents\Programming\python\Project\dgpo\data\validation\sota_dataset\expert_validation_run_99914b93.lmdb | mode=RO | file-mode
[2025-10-29 14:11:02,297][__main__][INFO] - Starting evaluation phase at timestep 5000...
[2025-10-29 14:11:02,310][__main__][INFO] - Running 2 episodes in parallel for statistics...
[2025-10-29 14:23:30,164][__main__][INFO] - Statistics gathering complete (747.84s): Success Rate=0.000, Mean Reward=0.00
[2025-10-29 14:23:30,170][__main__][INFO] - Evaluation phase finished.
[2025-10-29 14:23:30,616][__main__][INFO] - Saved latest checkpoint to C:\Users\Hellx\Documents\Programming\python\Project\dgpo\outputs\rl_finetune\my_first_rl_run\2025-10-28_23-41-13\checkpoints\latest_checkpoint.pth at timestep 5000
[2025-10-29 14:29:21,757][__main__][WARNING] - 
Training interrupted by user (KeyboardInterrupt).
[2025-10-29 14:29:21,758][__main__][INFO] - Performing a final save of the interruption state...
[2025-10-29 14:29:21,774][__main__][INFO] - Saving interruption checkpoint to C:\Users\Hellx\Documents\Programming\python\Project\dgpo\outputs\rl_finetune\my_first_rl_run\2025-10-28_23-41-13\checkpoints\interrupted_checkpoint.pth...
[2025-10-29 14:29:22,255][__main__][INFO] - Interruption checkpoint saved. To resume, use this file path in `resume_from_ckpt`.
[2025-10-29 14:29:22,257][__main__][INFO] - Closing environments...
[2025-10-29 14:29:24,006][__main__][INFO] - --- Training script finished ---
