[2025-10-23 01:22:37,872][__main__][INFO] - ----------- Configuration -----------
[2025-10-23 01:22:37,877][__main__][INFO] - seed: 42
device: cpu
resume_checkpoint: C:/Users/Hellx/Documents/Programming/python/Project/dgpo/outputs/diffusion_pretrain/v1/2025-10-21/17-30-27/checkpoints/backup/backup_epoch_9.pth
logging:
  use_wandb: false
  wandb_project: dgpo_diffusion_pretrain
  log_interval_steps: 100
  val_interval_epochs: 3
dataset:
  path: C:/Users/Hellx/Documents/Programming/python/Project/dgpo/data/training/sota_dataset/expert_training_run_99914b93.lmdb
  val_path: C:/Users/Hellx/Documents/Programming/python/Project/dgpo/data/validation/sota_dataset/expert_validation_run_99914b93.lmdb
  batch_size: 128
  num_workers: 2
model:
  observation_horizon: 2
  action_horizon: 8
  action_dim: 8
  image_feat_dim: 128
  d_model: 128
  denoiser_layers: 4
  denoiser_heads: 4
scheduler:
  schedule_type: cosine
  timesteps: 100
  beta_start: 0.0001
  beta_end: 0.02
optimizer:
  lr: 0.0002
  weight_decay: 0.0001
  grad_clip_norm: 1.0
training:
  epochs: 1000
  use_amp: false
  ema_decay: 0.999
  cfg_p_uncond: 0.15
validation:
  guidance_scale: 1.5
  sampling_steps: 50

[2025-10-23 01:22:37,878][__main__][INFO] - ------------------------------------
[2025-10-23 01:22:37,890][__main__][INFO] - Global seed set to 42
[2025-10-23 01:22:37,890][__main__][INFO] - Output directory: C:\Users\Hellx\Documents\Programming\python\Project\dgpo\outputs\diffusion_pretrain\v1\2025-10-23\01-22-37
[2025-10-23 01:22:37,896][__main__][INFO] - Building datasets...
[2025-10-23 01:22:37,898][utils.expert_dataset][INFO] - Loading index from C:\Users\Hellx\Documents\Programming\python\Project\dgpo\data\training\sota_dataset\expert_training_run_99914b93_index.json...
[2025-10-23 01:22:37,902][utils.expert_dataset][INFO] - Loaded 260 episodes, 65576 total valid chunks (Virtually Indexed).
[2025-10-23 01:22:37,903][utils.expert_dataset][INFO] - Loading index from C:\Users\Hellx\Documents\Programming\python\Project\dgpo\data\validation\sota_dataset\expert_validation_run_99914b93_index.json...
[2025-10-23 01:22:37,904][utils.expert_dataset][INFO] - Loaded 12 episodes, 2945 total valid chunks (Virtually Indexed).
[2025-10-23 01:22:37,905][__main__][INFO] - Building diffusion policy model...
[2025-10-23 01:22:37,905][__main__][INFO] - Inferred proprioception dimension from dataset index: 22
[2025-10-23 01:22:38,558][models.diffusion_policy][INFO] - State-of-the-art DiffusionPolicy initialized on device: cpu
[2025-10-23 01:22:38,633][__main__][INFO] - Resuming training from checkpoint: C:\Users\Hellx\Documents\Programming\python\Project\dgpo\outputs\diffusion_pretrain\v1\2025-10-21\17-30-27\checkpoints\backup\backup_epoch_9.pth
[2025-10-23 01:22:39,142][__main__][INFO] - Starting training from epoch 10...
[2025-10-23 04:50:59,646][__main__][INFO] - Saved epoch backup to C:\Users\Hellx\Documents\Programming\python\Project\dgpo\outputs\diffusion_pretrain\v1\2025-10-23\01-22-37\checkpoints\backup\backup_epoch_10.pth
[2025-10-23 08:17:56,110][__main__][INFO] - Saved epoch backup to C:\Users\Hellx\Documents\Programming\python\Project\dgpo\outputs\diffusion_pretrain\v1\2025-10-23\01-22-37\checkpoints\backup\backup_epoch_11.pth
[2025-10-23 12:19:54,127][__main__][INFO] - Saved epoch backup to C:\Users\Hellx\Documents\Programming\python\Project\dgpo\outputs\diffusion_pretrain\v1\2025-10-23\01-22-37\checkpoints\backup\backup_epoch_12.pth
[2025-10-23 12:19:54,138][__main__][INFO] - Running validation for epoch 12...
[2025-10-23 12:32:18,668][__main__][INFO] - Validation Loss: 0.0134, Action MSE: 0.0488
[2025-10-23 12:32:18,681][__main__][INFO] - Generating diagnostic denoising rollout...
[2025-10-23 12:32:40,058][matplotlib.animation][INFO] - Animation.save using <class 'matplotlib.animation.FFMpegWriter'>
[2025-10-23 12:32:40,177][matplotlib.animation][INFO] - MovieWriter._run: running command: ffmpeg -f rawvideo -vcodec rawvideo -s 1000x600 -pix_fmt rgba -framerate 20 -loglevel error -i pipe: -vcodec h264 -pix_fmt yuv420p -y 'C:\Users\Hellx\Documents\Programming\python\Project\dgpo\outputs\diffusion_pretrain\v1\2025-10-23\01-22-37\diagnostics\denoising_epoch_12.mp4'
[2025-10-23 12:32:50,824][__main__][INFO] - Saved diagnostic video to C:\Users\Hellx\Documents\Programming\python\Project\dgpo\outputs\diffusion_pretrain\v1\2025-10-23\01-22-37\diagnostics\denoising_epoch_12.mp4
[2025-10-23 12:32:51,261][__main__][INFO] - Saved new best checkpoint to C:\Users\Hellx\Documents\Programming\python\Project\dgpo\outputs\diffusion_pretrain\v1\2025-10-23\01-22-37\checkpoints\best.pth
[2025-10-23 16:11:07,101][__main__][INFO] - Saved epoch backup to C:\Users\Hellx\Documents\Programming\python\Project\dgpo\outputs\diffusion_pretrain\v1\2025-10-23\01-22-37\checkpoints\backup\backup_epoch_13.pth
[2025-10-23 20:29:38,830][__main__][INFO] - Saved epoch backup to C:\Users\Hellx\Documents\Programming\python\Project\dgpo\outputs\diffusion_pretrain\v1\2025-10-23\01-22-37\checkpoints\backup\backup_epoch_14.pth
