[2025-10-24 21:50:15,408][__main__][INFO] - Evaluation output directory: C:\Users\Hellx\Documents\Programming\python\Project\dgpo\outputs\evaluations\2025-10-24\21-50-15
[2025-10-24 21:50:15,411][__main__][INFO] - Full evaluation config:
ckpt_path: C:/Users/Hellx/Documents/Programming/python/Project/dgpo/outputs/diffusion_pretrain/v1/2025-10-24/13-14-50/checkpoints/backup/backup_epoch_17.pth
seed: 42
device: cpu
do_offline_eval: true
do_online_eval: true
eval:
  batch_size: 32
  sampling_steps: 50
  guidance_scale: 1.5
  n_rollouts: 10
  max_rollout_steps: 200
dataset:
  val_path: C:/Users/Hellx/Documents/Programming/python/Project/dgpo/data/validation/sota_dataset/expert_validation_run_99914b93.lmdb
environment:
  xml_path: envs/panda_pick_place.xml

[2025-10-24 21:50:15,418][scripts.pretrain_diffusion][INFO] - Global seed set to 42
[2025-10-24 21:50:15,420][__main__][INFO] - Loading checkpoint from: C:\Users\Hellx\Documents\Programming\python\Project\dgpo\outputs\diffusion_pretrain\v1\2025-10-24\13-14-50\checkpoints\backup\backup_epoch_17.pth
[2025-10-24 21:50:15,600][__main__][INFO] - Successfully loaded training configuration from checkpoint.
[2025-10-24 21:50:15,601][utils.expert_dataset][INFO] - Loading index from C:\Users\Hellx\Documents\Programming\python\Project\dgpo\data\training\sota_dataset\expert_training_run_99914b93_index.json...
[2025-10-24 21:50:15,604][utils.expert_dataset][INFO] - Loaded 260 episodes, 67656 total valid chunks (Virtually Indexed).
